Component: ARM Compiler 5.06 update 2 (build 183) Tool: armlink [4d35b7]

==============================================================================

Section Cross References

    startup_stm32f051x8.o(RESET) refers to startup_stm32f051x8.o(STACK) for __initial_sp
    startup_stm32f051x8.o(RESET) refers to startup_stm32f051x8.o(.text) for Reset_Handler
    startup_stm32f051x8.o(RESET) refers to stm32f0xx_it.o(i.NMI_Handler) for NMI_Handler
    startup_stm32f051x8.o(RESET) refers to stm32f0xx_it.o(i.HardFault_Handler) for HardFault_Handler
    startup_stm32f051x8.o(RESET) refers to stm32f0xx_it.o(i.SVC_Handler) for SVC_Handler
    startup_stm32f051x8.o(RESET) refers to stm32f0xx_it.o(i.PendSV_Handler) for PendSV_Handler
    startup_stm32f051x8.o(RESET) refers to stm32f0xx_it.o(i.SysTick_Handler) for SysTick_Handler
    startup_stm32f051x8.o(RESET) refers to tm_stm32_exti.o(i.EXTI0_1_IRQHandler) for EXTI0_1_IRQHandler
    startup_stm32f051x8.o(RESET) refers to tm_stm32_exti.o(i.EXTI2_3_IRQHandler) for EXTI2_3_IRQHandler
    startup_stm32f051x8.o(RESET) refers to tm_stm32_exti.o(i.EXTI4_15_IRQHandler) for EXTI4_15_IRQHandler
    startup_stm32f051x8.o(RESET) refers to stm32f0xx_it.o(i.DMA1_Channel2_3_IRQHandler) for DMA1_Channel2_3_IRQHandler
    startup_stm32f051x8.o(RESET) refers to stm32f0xx_it.o(i.TIM2_IRQHandler) for TIM2_IRQHandler
    startup_stm32f051x8.o(RESET) refers to stm32f0xx_it.o(i.SPI2_IRQHandler) for SPI2_IRQHandler
    startup_stm32f051x8.o(.text) refers to system_stm32f0xx.o(i.SystemInit) for SystemInit
    startup_stm32f051x8.o(.text) refers to entry.o(.ARM.Collect$$$$00000000) for __main
    stm32f0xx_it.o(i.DMA1_Channel2_3_IRQHandler) refers to stm32f0xx_hal_dma.o(i.HAL_DMA_IRQHandler) for HAL_DMA_IRQHandler
    stm32f0xx_it.o(i.DMA1_Channel2_3_IRQHandler) refers to main.o(.bss) for hdma_dac1_ch1
    stm32f0xx_it.o(i.SPI2_IRQHandler) refers to stm32f0xx_hal_spi.o(i.HAL_SPI_IRQHandler) for HAL_SPI_IRQHandler
    stm32f0xx_it.o(i.SPI2_IRQHandler) refers to main.o(.bss) for hspi2
    stm32f0xx_it.o(i.SysTick_Handler) refers to stm32f0xx_hal.o(i.HAL_IncTick) for HAL_IncTick
    stm32f0xx_it.o(i.SysTick_Handler) refers to stm32f0xx_hal_cortex.o(i.HAL_SYSTICK_IRQHandler) for HAL_SYSTICK_IRQHandler
    stm32f0xx_it.o(i.TIM2_IRQHandler) refers to stm32f0xx_hal_tim.o(i.HAL_TIM_IRQHandler) for HAL_TIM_IRQHandler
    stm32f0xx_it.o(i.TIM2_IRQHandler) refers to main.o(.bss) for htim2
    main.o(i.HAL_DAC_ConvCpltCallbackCh1) refers to main.o(.bss) for .bss
    main.o(i.HAL_DAC_ConvCpltCallbackCh1) refers to main.o(.data) for .data
    main.o(i.HAL_DAC_ConvHalfCpltCallbackCh1) refers to main.o(.bss) for .bss
    main.o(i.HAL_DAC_ConvHalfCpltCallbackCh1) refers to main.o(.data) for .data
    main.o(i.MX_ADC_Init) refers to stm32f0xx_hal_adc.o(i.HAL_ADC_Init) for HAL_ADC_Init
    main.o(i.MX_ADC_Init) refers to stm32f0xx_hal_adc.o(i.HAL_ADC_ConfigChannel) for HAL_ADC_ConfigChannel
    main.o(i.MX_ADC_Init) refers to main.o(.bss) for .bss
    main.o(i.MX_GPIO_Init) refers to stm32f0xx_hal_gpio.o(i.HAL_GPIO_WritePin) for HAL_GPIO_WritePin
    main.o(i.MX_GPIO_Init) refers to stm32f0xx_hal_gpio.o(i.HAL_GPIO_Init) for HAL_GPIO_Init
    main.o(i.MX_TIM2_Init) refers to stm32f0xx_hal_tim.o(i.HAL_TIM_Base_Init) for HAL_TIM_Base_Init
    main.o(i.MX_TIM2_Init) refers to stm32f0xx_hal_tim.o(i.HAL_TIM_ConfigClockSource) for HAL_TIM_ConfigClockSource
    main.o(i.MX_TIM2_Init) refers to stm32f0xx_hal_tim_ex.o(i.HAL_TIMEx_MasterConfigSynchronization) for HAL_TIMEx_MasterConfigSynchronization
    main.o(i.MX_TIM2_Init) refers to main.o(.bss) for .bss
    main.o(i.SystemClock_Config) refers to stm32f0xx_hal_rcc.o(i.HAL_RCC_OscConfig) for HAL_RCC_OscConfig
    main.o(i.SystemClock_Config) refers to stm32f0xx_hal_rcc.o(i.HAL_RCC_ClockConfig) for HAL_RCC_ClockConfig
    main.o(i.SystemClock_Config) refers to stm32f0xx_hal_rcc.o(i.HAL_RCC_GetHCLKFreq) for HAL_RCC_GetHCLKFreq
    main.o(i.SystemClock_Config) refers to uidiv.o(.text) for __aeabi_uidivmod
    main.o(i.SystemClock_Config) refers to stm32f0xx_hal_cortex.o(i.HAL_SYSTICK_Config) for HAL_SYSTICK_Config
    main.o(i.SystemClock_Config) refers to stm32f0xx_hal_cortex.o(i.HAL_SYSTICK_CLKSourceConfig) for HAL_SYSTICK_CLKSourceConfig
    main.o(i.SystemClock_Config) refers to stm32f0xx_hal_cortex.o(i.HAL_NVIC_SetPriority) for HAL_NVIC_SetPriority
    main.o(i.TM_EXTI_Handler) refers to stm32f0xx_hal_gpio.o(i.HAL_GPIO_TogglePin) for HAL_GPIO_TogglePin
    main.o(i.TM_EXTI_Handler) refers to tm_stm32_nrf24l01.o(i.TM_NRF24L01_Read_Interrupts) for TM_NRF24L01_Read_Interrupts
    main.o(i.TM_EXTI_Handler) refers to tm_stm32_nrf24l01.o(i.TM_NRF24L01_GetData) for TM_NRF24L01_GetData
    main.o(i.TM_EXTI_Handler) refers to stm32f0xx_hal_tim.o(i.HAL_TIM_Base_Stop) for HAL_TIM_Base_Stop
    main.o(i.TM_EXTI_Handler) refers to stm32f0xx_hal_dac.o(i.HAL_DAC_Stop_DMA) for HAL_DAC_Stop_DMA
[...]
    Removing stm32f0xx_hal_flash.o(i.FLASH_SetErrorCode), (56 bytes).
    Removing stm32f0xx_hal_flash.o(i.FLASH_WaitForLastOperation), (80 bytes).
    Removing stm32f0xx_hal_flash.o(i.HAL_FLASH_EndOfOperationCallback), (2 bytes).
    Removing stm32f0xx_hal_flash.o(i.HAL_FLASH_GetError), (12 bytes).
    Removing stm32f0xx_hal_flash.o(i.HAL_FLASH_IRQHandler), (268 bytes).
    Removing stm32f0xx_hal_flash.o(i.HAL_FLASH_Lock), (20 bytes).
    Removing stm32f0xx_hal_flash.o(i.HAL_FLASH_OB_Launch), (32 bytes).
    Removing stm32f0xx_hal_flash.o(i.HAL_FLASH_OB_Lock), (20 bytes).
    Removing stm32f0xx_hal_flash.o(i.HAL_FLASH_OB_Unlock), (36 bytes).
    Removing stm32f0xx_hal_flash.o(i.HAL_FLASH_OperationErrorCallback), (2 bytes).
    Removing stm32f0xx_hal_flash.o(i.HAL_FLASH_Program), (124 bytes).
    Removing stm32f0xx_hal_flash.o(i.HAL_FLASH_Program_IT), (100 bytes).
    Removing stm32f0xx_hal_flash.o(i.HAL_FLASH_Unlock), (36 bytes).
    Removing stm32f0xx_hal_flash.o(.bss), (32 bytes).
    Removing stm32f0xx_hal_flash_ex.o(.rev16_text), (4 bytes).
    Removing stm32f0xx_hal_flash_ex.o(.revsh_text), (4 bytes).
    Removing stm32f0xx_hal_flash_ex.o(i.FLASH_MassErase), (36 bytes).
    Removing stm32f0xx_hal_flash_ex.o(i.FLASH_OB_DisableWRP), (108 bytes).
    Removing stm32f0xx_hal_flash_ex.o(i.FLASH_OB_EnableWRP), (108 bytes).
    Removing stm32f0xx_hal_flash_ex.o(i.FLASH_OB_GetRDP), (32 bytes).
    Removing stm32f0xx_hal_flash_ex.o(i.FLASH_OB_RDP_LevelConfig), (96 bytes).
    Removing stm32f0xx_hal_flash_ex.o(i.FLASH_PageErase), (36 bytes).
    Removing stm32f0xx_hal_flash_ex.o(i.HAL_FLASHEx_Erase), (160 bytes).
    Removing stm32f0xx_hal_flash_ex.o(i.HAL_FLASHEx_Erase_IT), (88 bytes).
    Removing stm32f0xx_hal_flash_ex.o(i.HAL_FLASHEx_OBErase), (80 bytes).
    Removing stm32f0xx_hal_flash_ex.o(i.HAL_FLASHEx_OBGetConfig), (36 bytes).
    Removing stm32f0xx_hal_flash_ex.o(i.HAL_FLASHEx_OBGetUserData), (28 bytes).
    Removing stm32f0xx_hal_flash_ex.o(i.HAL_FLASHEx_OBProgram), (204 bytes).
    Removing stm32f0xx_hal_tim.o(.rev16_text), (4 bytes).
    Removing stm32f0xx_hal_tim.o(.revsh_text), (4 bytes).
    Removing stm32f0xx_hal_tim.o(i.HAL_TIM_Base_DeInit), (52 bytes).
    Removing stm32f0xx_hal_tim.o(i.HAL_TIM_Base_GetState), (6 bytes).
    Removing stm32f0xx_hal_tim.o(i.HAL_TIM_Base_MspDeInit), (2 bytes).
    Removing stm32f0xx_hal_tim.o(i.HAL_TIM_Base_MspInit), (2 bytes).
    Removing stm32f0xx_hal_tim.o(i.HAL_TIM_Base_Start_DMA), (100 bytes).
    Removing stm32f0xx_hal_tim.o(i.HAL_TIM_Base_Start_IT), (22 bytes).
    Removing stm32f0xx_hal_tim.o(i.HAL_TIM_Base_Stop_DMA), (52 bytes).
    Removing stm32f0xx_hal_tim.o(i.HAL_TIM_Base_Stop_IT), (44 bytes).
    Removing stm32f0xx_hal_tim.o(i.HAL_TIM_ConfigOCrefClear), (188 bytes).
    Removing stm32f0xx_hal_tim.o(i.HAL_TIM_ConfigTI1Input), (16 bytes).
    Removing stm32f0xx_hal_tim.o(i.HAL_TIM_DMABurst_MultiReadStart), (264 bytes).
    Removing stm32f0xx_hal_tim.o(i.HAL_TIM_DMABurst_MultiWriteStart), (264 bytes).
    Removing stm32f0xx_hal_tim.o(i.HAL_TIM_DMABurst_ReadStart), (18 bytes).
    Removing stm32f0xx_hal_tim.o(i.HAL_TIM_DMABurst_ReadStop), (100 bytes).
    Removing stm32f0xx_hal_tim.o(i.HAL_TIM_DMABurst_WriteStart), (18 bytes).
    Removing stm32f0xx_hal_tim.o(i.HAL_TIM_DMABurst_WriteStop), (100 bytes).
    Removing stm32f0xx_hal_tim.o(i.HAL_TIM_Encoder_DeInit), (52 bytes).
    Removing stm32f0xx_hal_tim.o(i.HAL_TIM_Encoder_GetState), (6 bytes).
    Removing stm32f0xx_hal_tim.o(i.HAL_TIM_Encoder_Init), (152 bytes).
    Removing stm32f0xx_hal_tim.o(i.HAL_TIM_Encoder_MspDeInit), (2 bytes).
    Removing stm32f0xx_hal_tim.o(i.HAL_TIM_Encoder_MspInit), (2 bytes).
    Removing stm32f0xx_hal_tim.o(i.HAL_TIM_Encoder_Start), (52 bytes).
    Removing stm32f0xx_hal_tim.o(i.HAL_TIM_Encoder_Start_DMA), (284 bytes).
    Removing stm32f0xx_hal_tim.o(i.HAL_TIM_Encoder_Start_IT), (92 bytes).
    Removing stm32f0xx_hal_tim.o(i.HAL_TIM_Encoder_Stop), (72 bytes).
    Removing stm32f0xx_hal_tim.o(i.HAL_TIM_Encoder_Stop_DMA), (120 bytes).
    Removing stm32f0xx_hal_tim.o(i.HAL_TIM_Encoder_Stop_IT), (120 bytes).
    Removing stm32f0xx_hal_tim.o(i.HAL_TIM_ErrorCallback), (2 bytes).
    Removing stm32f0xx_hal_tim.o(i.HAL_TIM_GenerateEvent), (36 bytes).
    Removing stm32f0xx_hal_tim.o(i.HAL_TIM_IC_ConfigChannel), (288 bytes).
    Removing stm32f0xx_hal_tim.o(i.HAL_TIM_IC_DeInit), (52 bytes).
    Removing stm32f0xx_hal_tim.o(i.HAL_TIM_IC_GetState), (6 bytes).
    Removing stm32f0xx_hal_tim.o(i.HAL_TIM_IC_Init), (52 bytes).
    Removing stm32f0xx_hal_tim.o(i.HAL_TIM_IC_MspDeInit), (2 bytes).
    Removing stm32f0xx_hal_tim.o(i.HAL_TIM_IC_MspInit), (2 bytes).
    Removing stm32f0xx_hal_tim.o(i.HAL_TIM_IC_Start), (26 bytes).
    Removing stm32f0xx_hal_tim.o(i.HAL_TIM_IC_Start_DMA), (212 bytes).
    Removing stm32f0xx_hal_tim.o(i.HAL_TIM_IC_Start_IT), (72 bytes).
    Removing stm32f0xx_hal_tim.o(i.HAL_TIM_IC_Stop), (48 bytes).
    Removing stm32f0xx_hal_tim.o(i.HAL_TIM_IC_Stop_DMA), (108 bytes).
    Removing stm32f0xx_hal_tim.o(i.HAL_TIM_IC_Stop_IT), (92 bytes).
    Removing stm32f0xx_hal_tim.o(i.HAL_TIM_OC_ConfigChannel), (80 bytes).
    Removing stm32f0xx_hal_tim.o(i.HAL_TIM_OC_DeInit), (52 bytes).
    Removing stm32f0xx_hal_tim.o(i.HAL_TIM_OC_GetState), (6 bytes).
    Removing stm32f0xx_hal_tim.o(i.HAL_TIM_OC_Init), (52 bytes).
    Removing stm32f0xx_hal_tim.o(i.HAL_TIM_OC_MspDeInit), (2 bytes).
    Removing stm32f0xx_hal_tim.o(i.HAL_TIM_OC_MspInit), (2 bytes).
    Removing stm32f0xx_hal_tim.o(i.HAL_TIM_OC_Start), (80 bytes).
    Removing stm32f0xx_hal_tim.o(i.HAL_TIM_OC_Start_DMA), (272 bytes).
    Removing stm32f0xx_hal_tim.o(i.HAL_TIM_OC_Start_IT), (124 bytes).
    Removing stm32f0xx_hal_tim.o(i.HAL_TIM_OC_Stop), (112 bytes).
    Removing stm32f0xx_hal_tim.o(i.HAL_TIM_OC_Stop_DMA), (172 bytes).
    Removing stm32f0xx_hal_tim.o(i.HAL_TIM_OC_Stop_IT), (156 bytes).
    Removing stm32f0xx_hal_tim.o(i.HAL_TIM_OnePulse_ConfigChannel), (214 bytes).
    Removing stm32f0xx_hal_tim.o(i.HAL_TIM_OnePulse_DeInit), (52 bytes).
    Removing stm32f0xx_hal_tim.o(i.HAL_TIM_OnePulse_GetState), (6 bytes).
    Removing stm32f0xx_hal_tim.o(i.HAL_TIM_OnePulse_Init), (72 bytes).
    Removing stm32f0xx_hal_tim.o(i.HAL_TIM_OnePulse_MspDeInit), (2 bytes).
    Removing stm32f0xx_hal_tim.o(i.HAL_TIM_OnePulse_MspInit), (2 bytes).
    Removing stm32f0xx_hal_tim.o(i.HAL_TIM_OnePulse_Start), (80 bytes).
    Removing stm32f0xx_hal_tim.o(i.HAL_TIM_OnePulse_Start_IT), (100 bytes).
    Removing stm32f0xx_hal_tim.o(i.HAL_TIM_OnePulse_Stop), (124 bytes).
    Removing stm32f0xx_hal_tim.o(i.HAL_TIM_OnePulse_Stop_IT), (144 bytes).
    Removing stm32f0xx_hal_tim.o(i.HAL_TIM_PWM_ConfigChannel), (208 bytes).
    Removing stm32f0xx_hal_tim.o(i.HAL_TIM_PWM_DeInit), (52 bytes).
    Removing stm32f0xx_hal_tim.o(i.HAL_TIM_PWM_GetState), (6 bytes).
    Removing stm32f0xx_hal_tim.o(i.HAL_TIM_PWM_Init), (52 bytes).
    Removing stm32f0xx_hal_tim.o(i.HAL_TIM_PWM_MspDeInit), (2 bytes).
    Removing stm32f0xx_hal_tim.o(i.HAL_TIM_PWM_MspInit), (2 bytes).
    Removing stm32f0xx_hal_tim.o(i.HAL_TIM_PWM_Start), (80 bytes).
    Removing stm32f0xx_hal_tim.o(i.HAL_TIM_PWM_Start_DMA), (272 bytes).
    Removing stm32f0xx_hal_tim.o(i.HAL_TIM_PWM_Start_IT), (124 bytes).
    Removing stm32f0xx_hal_tim.o(i.HAL_TIM_PWM_Stop), (116 bytes).
    Removing stm32f0xx_hal_tim.o(i.HAL_TIM_PWM_Stop_DMA), (172 bytes).
    Removing stm32f0xx_hal_tim.o(i.HAL_TIM_PWM_Stop_IT), (156 bytes).
    Removing stm32f0xx_hal_tim.o(i.HAL_TIM_ReadCapturedValue), (70 bytes).
    Removing stm32f0xx_hal_tim.o(i.HAL_TIM_SlaveConfigSynchronization), (60 bytes).
    Removing stm32f0xx_hal_tim.o(i.HAL_TIM_SlaveConfigSynchronization_IT), (60 bytes).
    Removing stm32f0xx_hal_tim.o(i.TIM_CCxChannelCmd), (22 bytes).
    Removing stm32f0xx_hal_tim.o(i.TIM_DMACaptureCplt), (62 bytes).
    Removing stm32f0xx_hal_tim.o(i.TIM_DMADelayPulseCplt), (62 bytes).
    Removing stm32f0xx_hal_tim.o(i.TIM_DMAError), (16 bytes).
    Removing stm32f0xx_hal_tim.o(i.TIM_DMAPeriodElapsedCplt), (16 bytes).
    Removing stm32f0xx_hal_tim.o(i.TIM_DMATriggerCplt), (16 bytes).
    Removing stm32f0xx_hal_tim.o(i.TIM_OC1_SetConfig), (136 bytes).
    Removing stm32f0xx_hal_tim.o(i.TIM_OC2_SetConfig), (128 bytes).
    Removing stm32f0xx_hal_tim.o(i.TIM_OC3_SetConfig), (132 bytes).
    Removing stm32f0xx_hal_tim.o(i.TIM_OC4_SetConfig), (108 bytes).
    Removing stm32f0xx_hal_tim.o(i.TIM_SlaveTimer_SetConfig), (122 bytes).
    Removing stm32f0xx_hal_tim.o(i.TIM_TI1_SetConfig), (88 bytes).
    Removing stm32f0xx_hal_tim.o(i.TIM_TI2_SetConfig), (52 bytes).
    Removing stm32f0xx_hal_dac.o(.rev16_text), (4 bytes).
    Removing stm32f0xx_hal_dac.o(.revsh_text), (4 bytes).
    Removing stm32f0xx_hal_dac.o(i.HAL_DAC_ConfigChannel), (4 bytes).
    Removing stm32f0xx_hal_dac.o(i.HAL_DAC_ConvCpltCallbackCh1), (2 bytes).
    Removing stm32f0xx_hal_dac.o(i.HAL_DAC_ConvHalfCpltCallbackCh1), (2 bytes).
    Removing stm32f0xx_hal_dac.o(i.HAL_DAC_DMAUnderrunCallbackCh1), (2 bytes).
    Removing stm32f0xx_hal_dac.o(i.HAL_DAC_DeInit), (30 bytes).
    Removing stm32f0xx_hal_dac.o(i.HAL_DAC_GetError), (4 bytes).
    Removing stm32f0xx_hal_dac.o(i.HAL_DAC_GetState), (4 bytes).
    Removing stm32f0xx_hal_dac.o(i.HAL_DAC_GetValue), (4 bytes).
    Removing stm32f0xx_hal_dac.o(i.HAL_DAC_IRQHandler), (2 bytes).
    Removing stm32f0xx_hal_dac.o(i.HAL_DAC_MspDeInit), (2 bytes).
    Removing stm32f0xx_hal_dac.o(i.HAL_DAC_MspInit), (2 bytes).
    Removing stm32f0xx_hal_dac.o(i.HAL_DAC_SetValue), (28 bytes).
    Removing stm32f0xx_hal_dac.o(i.HAL_DAC_Start), (4 bytes).
    Removing stm32f0xx_hal_dac.o(i.HAL_DAC_Start_DMA), (4 bytes).
    Removing stm32f0xx_hal_spi.o(.rev16_text), (4 bytes).
    Removing stm32f0xx_hal_spi.o(.revsh_text), (4 bytes).
    Removing stm32f0xx_hal_spi.o(i.HAL_SPI_Abort), (360 bytes).
    Removing stm32f0xx_hal_spi.o(i.HAL_SPI_AbortCpltCallback), (2 bytes).
    Removing stm32f0xx_hal_spi.o(i.HAL_SPI_Abort_IT), (372 bytes).
    Removing stm32f0xx_hal_spi.o(i.HAL_SPI_DMAPause), (34 bytes).
    Removing stm32f0xx_hal_spi.o(i.HAL_SPI_DMAResume), (34 bytes).
    Removing stm32f0xx_hal_spi.o(i.HAL_SPI_DMAStop), (44 bytes).
    Removing stm32f0xx_hal_spi.o(i.HAL_SPI_DeInit), (48 bytes).
    Removing stm32f0xx_hal_spi.o(i.HAL_SPI_GetError), (4 bytes).
    Removing stm32f0xx_hal_spi.o(i.HAL_SPI_GetState), (6 bytes).
    Removing stm32f0xx_hal_spi.o(i.HAL_SPI_MspDeInit), (2 bytes).
    Removing stm32f0xx_hal_spi.o(i.HAL_SPI_MspInit), (2 bytes).
    Removing stm32f0xx_hal_spi.o(i.HAL_SPI_Receive), (344 bytes).
    Removing stm32f0xx_hal_spi.o(i.HAL_SPI_Receive_DMA), (316 bytes).
    Removing stm32f0xx_hal_spi.o(i.HAL_SPI_Receive_IT), (188 bytes).
    Removing stm32f0xx_hal_spi.o(i.HAL_SPI_RxCpltCallback), (2 bytes).
    Removing stm32f0xx_hal_spi.o(i.HAL_SPI_RxHalfCpltCallback), (2 bytes).
    Removing stm32f0xx_hal_spi.o(i.HAL_SPI_Transmit), (368 bytes).
    Removing stm32f0xx_hal_spi.o(i.HAL_SPI_TransmitReceive), (584 bytes).
    Removing stm32f0xx_hal_spi.o(i.HAL_SPI_TransmitReceive_DMA), (432 bytes).
    Removing stm32f0xx_hal_spi.o(i.HAL_SPI_TransmitReceive_IT), (212 bytes).
    Removing stm32f0xx_hal_spi.o(i.HAL_SPI_Transmit_DMA), (244 bytes).
    Removing stm32f0xx_hal_spi.o(i.HAL_SPI_Transmit_IT), (148 bytes).
    Removing stm32f0xx_hal_spi.o(i.HAL_SPI_TxCpltCallback), (2 bytes).
    Removing stm32f0xx_hal_spi.o(i.HAL_SPI_TxHalfCpltCallback), (2 bytes).
    Removing stm32f0xx_hal_spi.o(i.HAL_SPI_TxRxCpltCallback), (2 bytes).
    Removing stm32f0xx_hal_spi.o(i.HAL_SPI_TxRxHalfCpltCallback), (2 bytes).
    Removing stm32f0xx_hal_spi.o(i.SPI_2linesRxISR_16BIT), (54 bytes).
    Removing stm32f0xx_hal_spi.o(i.SPI_2linesRxISR_8BIT), (94 bytes).
    Removing stm32f0xx_hal_spi.o(i.SPI_2linesTxISR_16BIT), (52 bytes).
    Removing stm32f0xx_hal_spi.o(i.SPI_2linesTxISR_8BIT), (72 bytes).
    Removing stm32f0xx_hal_spi.o(i.SPI_AbortRx_ISR), (132 bytes).
    Removing stm32f0xx_hal_spi.o(i.SPI_AbortTx_ISR), (128 bytes).
    Removing stm32f0xx_hal_spi.o(i.SPI_CloseRxTx_ISR), (82 bytes).
    Removing stm32f0xx_hal_spi.o(i.SPI_CloseRx_ISR), (66 bytes).
    Removing stm32f0xx_hal_spi.o(i.SPI_CloseTx_ISR), (80 bytes).
    Removing stm32f0xx_hal_spi.o(i.SPI_DMAError), (34 bytes).
    Removing stm32f0xx_hal_spi.o(i.SPI_DMAHalfReceiveCplt), (10 bytes).
    Removing stm32f0xx_hal_spi.o(i.SPI_DMAHalfTransmitCplt), (10 bytes).
    Removing stm32f0xx_hal_spi.o(i.SPI_DMAHalfTransmitReceiveCplt), (10 bytes).
    Removing stm32f0xx_hal_spi.o(i.SPI_DMAReceiveCplt), (88 bytes).
    Removing stm32f0xx_hal_spi.o(i.SPI_DMARxAbortCallback), (134 bytes).
    Removing stm32f0xx_hal_spi.o(i.SPI_DMATransmitCplt), (104 bytes).
    Removing stm32f0xx_hal_spi.o(i.SPI_DMATransmitReceiveCplt), (94 bytes).
    Removing stm32f0xx_hal_spi.o(i.SPI_DMATxAbortCallback), (128 bytes).
    Removing stm32f0xx_hal_spi.o(i.SPI_EndRxTransaction), (120 bytes).
    Removing stm32f0xx_hal_spi.o(i.SPI_EndRxTxTransaction), (76 bytes).
    Removing stm32f0xx_hal_spi.o(i.SPI_RxISR_16BIT), (38 bytes).
    Removing stm32f0xx_hal_spi.o(i.SPI_RxISR_8BIT), (36 bytes).
    Removing stm32f0xx_hal_spi.o(i.SPI_TxISR_16BIT), (34 bytes).
    Removing stm32f0xx_hal_spi.o(i.SPI_TxISR_8BIT), (32 bytes).
    Removing stm32f0xx_hal_spi.o(i.SPI_WaitFifoStateUntilTimeout), (150 bytes).
    Removing stm32f0xx_hal_spi.o(i.SPI_WaitFlagStateUntilTimeout), (140 bytes).
    Removing stm32f0xx_hal_spi_ex.o(.rev16_text), (4 bytes).
    Removing stm32f0xx_hal_spi_ex.o(.revsh_text), (4 bytes).
    Removing stm32f0xx_hal_spi_ex.o(i.HAL_SPIEx_FlushRxFifo), (36 bytes).
    Removing stm32f0xx_hal_tim_ex.o(.rev16_text), (4 bytes).
    Removing stm32f0xx_hal_tim_ex.o(.revsh_text), (4 bytes).
    Removing stm32f0xx_hal_tim_ex.o(i.HAL_TIMEx_ConfigBreakDeadTime), (96 bytes).
    Removing stm32f0xx_hal_tim_ex.o(i.HAL_TIMEx_ConfigCommutationEvent), (88 bytes).
    Removing stm32f0xx_hal_tim_ex.o(i.HAL_TIMEx_ConfigCommutationEvent_DMA), (120 bytes).
    Removing stm32f0xx_hal_tim_ex.o(i.HAL_TIMEx_ConfigCommutationEvent_IT), (98 bytes).
    Removing stm32f0xx_hal_tim_ex.o(i.HAL_TIMEx_HallSensor_DeInit), (52 bytes).
    Removing stm32f0xx_hal_tim_ex.o(i.HAL_TIMEx_HallSensor_GetState), (6 bytes).
    Removing stm32f0xx_hal_tim_ex.o(i.HAL_TIMEx_HallSensor_Init), (184 bytes).
    Removing stm32f0xx_hal_tim_ex.o(i.HAL_TIMEx_HallSensor_MspDeInit), (2 bytes).
    Removing stm32f0xx_hal_tim_ex.o(i.HAL_TIMEx_HallSensor_MspInit), (2 bytes).
    Removing stm32f0xx_hal_tim_ex.o(i.HAL_TIMEx_HallSensor_Start), (28 bytes).
    Removing stm32f0xx_hal_tim_ex.o(i.HAL_TIMEx_HallSensor_Start_DMA), (116 bytes).
    Removing stm32f0xx_hal_tim_ex.o(i.HAL_TIMEx_HallSensor_Start_IT), (38 bytes).
    Removing stm32f0xx_hal_tim_ex.o(i.HAL_TIMEx_HallSensor_Stop), (48 bytes).
    Removing stm32f0xx_hal_tim_ex.o(i.HAL_TIMEx_HallSensor_Stop_DMA), (60 bytes).
    Removing stm32f0xx_hal_tim_ex.o(i.HAL_TIMEx_HallSensor_Stop_IT), (60 bytes).
    Removing stm32f0xx_hal_tim_ex.o(i.HAL_TIMEx_OCN_Start), (38 bytes).
    Removing stm32f0xx_hal_tim_ex.o(i.HAL_TIMEx_OCN_Start_DMA), (232 bytes).
    Removing stm32f0xx_hal_tim_ex.o(i.HAL_TIMEx_OCN_Start_IT), (94 bytes).
    Removing stm32f0xx_hal_tim_ex.o(i.HAL_TIMEx_OCN_Stop), (76 bytes).
    Removing stm32f0xx_hal_tim_ex.o(i.HAL_TIMEx_OCN_Stop_DMA), (136 bytes).
    Removing stm32f0xx_hal_tim_ex.o(i.HAL_TIMEx_OCN_Stop_IT), (136 bytes).
    Removing stm32f0xx_hal_tim_ex.o(i.HAL_TIMEx_OnePulseN_Start), (28 bytes).
    Removing stm32f0xx_hal_tim_ex.o(i.HAL_TIMEx_OnePulseN_Start_IT), (48 bytes).
    Removing stm32f0xx_hal_tim_ex.o(i.HAL_TIMEx_OnePulseN_Stop), (76 bytes).
    Removing stm32f0xx_hal_tim_ex.o(i.HAL_TIMEx_OnePulseN_Stop_IT), (96 bytes).
    Removing stm32f0xx_hal_tim_ex.o(i.HAL_TIMEx_PWMN_Start), (38 bytes).
    Removing stm32f0xx_hal_tim_ex.o(i.HAL_TIMEx_PWMN_Start_DMA), (232 bytes).
    Removing stm32f0xx_hal_tim_ex.o(i.HAL_TIMEx_PWMN_Start_IT), (94 bytes).
    Removing stm32f0xx_hal_tim_ex.o(i.HAL_TIMEx_PWMN_Stop), (76 bytes).
    Removing stm32f0xx_hal_tim_ex.o(i.HAL_TIMEx_PWMN_Stop_DMA), (136 bytes).
    Removing stm32f0xx_hal_tim_ex.o(i.HAL_TIMEx_PWMN_Stop_IT), (136 bytes).
    Removing stm32f0xx_hal_tim_ex.o(i.HAL_TIMEx_RemapConfig), (30 bytes).
    Removing stm32f0xx_hal_tim_ex.o(i.HAL_TIM_ConfigOCrefClear), (202 bytes).
    Removing stm32f0xx_hal_tim_ex.o(i.TIMEx_DMACommutationCplt), (16 bytes).
    Removing stm32f0xx_hal_tim_ex.o(i.TIM_CCxNChannelCmd), (22 bytes).
    Removing stm32f0xx_hal_i2c_ex.o(.rev16_text), (4 bytes).
    Removing stm32f0xx_hal_i2c_ex.o(.revsh_text), (4 bytes).
    Removing stm32f0xx_hal_i2c_ex.o(i.HAL_I2CEx_ConfigAnalogFilter), (74 bytes).
    Removing stm32f0xx_hal_i2c_ex.o(i.HAL_I2CEx_ConfigDigitalFilter), (72 bytes).
    Removing stm32f0xx_hal_i2c_ex.o(i.HAL_I2CEx_DisableFastModePlus), (36 bytes).
    Removing stm32f0xx_hal_i2c_ex.o(i.HAL_I2CEx_DisableWakeUp), (66 bytes).
    Removing stm32f0xx_hal_i2c_ex.o(i.HAL_I2CEx_EnableFastModePlus), (36 bytes).
    Removing stm32f0xx_hal_i2c_ex.o(i.HAL_I2CEx_EnableWakeUp), (66 bytes).
    Removing stm32f0xx_hal_gpio.o(.rev16_text), (4 bytes).
    Removing stm32f0xx_hal_gpio.o(.revsh_text), (4 bytes).
    Removing stm32f0xx_hal_gpio.o(i.HAL_GPIO_DeInit), (212 bytes).
    Removing stm32f0xx_hal_gpio.o(i.HAL_GPIO_EXTI_Callback), (2 bytes).
    Removing stm32f0xx_hal_gpio.o(i.HAL_GPIO_EXTI_IRQHandler), (24 bytes).
    Removing stm32f0xx_hal_gpio.o(i.HAL_GPIO_LockPin), (36 bytes).
    Removing stm32f0xx_hal_gpio.o(i.HAL_GPIO_ReadPin), (10 bytes).
    Removing stm32f0xx_hal_dac_ex.o(.rev16_text), (4 bytes).
    Removing stm32f0xx_hal_dac_ex.o(.revsh_text), (4 bytes).
    Removing stm32f0xx_hal_dac_ex.o(i.HAL_DACEx_DualGetValue), (6 bytes).
    Removing stm32f0xx_hal_dac_ex.o(i.HAL_DACEx_DualSetValue), (22 bytes).
    Removing stm32f0xx_hal_dac_ex.o(i.HAL_DAC_GetValue), (6 bytes).
    Removing stm32f0xx_hal_dac_ex.o(i.HAL_DAC_IRQHandler), (48 bytes).
    Removing stm32f0xx_hal_rcc.o(.rev16_text), (4 bytes).
    Removing stm32f0xx_hal_rcc.o(.revsh_text), (4 bytes).
    Removing stm32f0xx_hal_rcc.o(i.HAL_RCC_CSSCallback), (2 bytes).
    Removing stm32f0xx_hal_rcc.o(i.HAL_RCC_DeInit), (76 bytes).
    Removing stm32f0xx_hal_rcc.o(i.HAL_RCC_DisableCSS), (20 bytes).
    Removing stm32f0xx_hal_rcc.o(i.HAL_RCC_EnableCSS), (20 bytes).
    Removing stm32f0xx_hal_rcc.o(i.HAL_RCC_GetClockConfig), (56 bytes).
    Removing stm32f0xx_hal_rcc.o(i.HAL_RCC_GetOscConfig), (156 bytes).
    Removing stm32f0xx_hal_rcc.o(i.HAL_RCC_GetPCLK1Freq), (32 bytes).
    Removing stm32f0xx_hal_rcc.o(i.HAL_RCC_MCOConfig), (76 bytes).
    Removing stm32f0xx_hal_rcc.o(i.HAL_RCC_NMI_IRQHandler), (24 bytes).
    Removing stm32f0xx_hal_cortex.o(.rev16_text), (4 bytes).
    Removing stm32f0xx_hal_cortex.o(.revsh_text), (4 bytes).
    Removing stm32f0xx_hal_cortex.o(i.HAL_NVIC_ClearPendingIRQ), (20 bytes).
    Removing stm32f0xx_hal_cortex.o(i.HAL_NVIC_DisableIRQ), (20 bytes).
    Removing stm32f0xx_hal_cortex.o(i.HAL_NVIC_GetPendingIRQ), (28 bytes).
    Removing stm32f0xx_hal_cortex.o(i.HAL_NVIC_GetPriority), (52 bytes).
    Removing stm32f0xx_hal_cortex.o(i.HAL_NVIC_SetPendingIRQ), (20 bytes).
    Removing stm32f0xx_hal_cortex.o(i.HAL_NVIC_SystemReset), (28 bytes).
    Removing stm32f0xx_hal_adc.o(.rev16_text), (4 bytes).
    Removing stm32f0xx_hal_adc.o(.revsh_text), (4 bytes).
    Removing stm32f0xx_hal_adc.o(i.ADC_DMAConvCplt), (108 bytes).
    Removing stm32f0xx_hal_adc.o(i.ADC_DMAError), (26 bytes).
    Removing stm32f0xx_hal_adc.o(i.ADC_DMAHalfConvCplt), (10 bytes).
    Removing stm32f0xx_hal_adc.o(i.HAL_ADC_AnalogWDGConfig), (156 bytes).
    Removing stm32f0xx_hal_adc.o(i.HAL_ADC_ConvCpltCallback), (2 bytes).
    Removing stm32f0xx_hal_adc.o(i.HAL_ADC_ConvHalfCpltCallback), (2 bytes).
    Removing stm32f0xx_hal_adc.o(i.HAL_ADC_DeInit), (160 bytes).
    Removing stm32f0xx_hal_adc.o(i.HAL_ADC_ErrorCallback), (2 bytes).
    Removing stm32f0xx_hal_adc.o(i.HAL_ADC_GetError), (4 bytes).
    Removing stm32f0xx_hal_adc.o(i.HAL_ADC_GetState), (4 bytes).
    Removing stm32f0xx_hal_adc.o(i.HAL_ADC_IRQHandler), (208 bytes).
    Removing stm32f0xx_hal_adc.o(i.HAL_ADC_LevelOutOfWindowCallback), (2 bytes).
    Removing stm32f0xx_hal_adc.o(i.HAL_ADC_MspDeInit), (2 bytes).
    Removing stm32f0xx_hal_adc.o(i.HAL_ADC_MspInit), (2 bytes).
    Removing stm32f0xx_hal_adc.o(i.HAL_ADC_PollForEvent), (116 bytes).
    Removing stm32f0xx_hal_adc.o(i.HAL_ADC_Start_DMA), (160 bytes).
    Removing stm32f0xx_hal_adc.o(i.HAL_ADC_Start_IT), (124 bytes).
    Removing stm32f0xx_hal_adc.o(i.HAL_ADC_Stop_DMA), (112 bytes).
    Removing stm32f0xx_hal_adc.o(i.HAL_ADC_Stop_IT), (72 bytes).
    Removing stm32f0xx_hal_adc_ex.o(.rev16_text), (4 bytes).
    Removing stm32f0xx_hal_adc_ex.o(.revsh_text), (4 bytes).
    Removing stm32f0xx_hal_adc_ex.o(i.HAL_ADCEx_Calibration_Start), (176 bytes).
    Removing tm_stm32_exti.o(.rev16_text), (4 bytes).
    Removing tm_stm32_exti.o(.revsh_text), (4 bytes).
    Removing tm_stm32_exti.o(i.TM_EXTI_DeInit), (48 bytes).
    Removing tm_stm32_exti.o(i.TM_EXTI_Detach), (36 bytes).
    Removing tm_stm32_exti.o(i.TM_EXTI_Handler), (2 bytes).
    Removing tm_stm32_gpio.o(.rev16_text), (4 bytes).
    Removing tm_stm32_gpio.o(.revsh_text), (4 bytes).
    Removing tm_stm32_gpio.o(i.TM_GPIO_DeInit), (60 bytes).
    Removing tm_stm32_gpio.o(i.TM_GPIO_GetFreePins), (20 bytes).
    Removing tm_stm32_gpio.o(i.TM_GPIO_GetUsedPins), (16 bytes).
    Removing tm_stm32_gpio.o(i.TM_GPIO_INT_DisableClock), (28 bytes).
    Removing tm_stm32_gpio.o(i.TM_GPIO_Lock), (18 bytes).
    Removing tm_stm32_gpio.o(i.TM_GPIO_SetPinAsAlternate), (44 bytes).
    Removing tm_stm32_gpio.o(i.TM_GPIO_SetPinAsAnalog), (38 bytes).
    Removing tm_stm32_gpio.o(i.TM_GPIO_SetPinAsInput), (38 bytes).
    Removing tm_stm32_gpio.o(i.TM_GPIO_SetPinAsOutput), (44 bytes).
    Removing tm_stm32_gpio.o(i.TM_GPIO_SetPullResistor), (48 bytes).
    Removing tm_stm32_nrf24l01.o(.rev16_text), (4 bytes).
    Removing tm_stm32_nrf24l01.o(.revsh_text), (4 bytes).
    Removing tm_stm32_nrf24l01.o(i.MY_GPIO_SPI_Init), (2 bytes).
    Removing tm_stm32_nrf24l01.o(i.MY_SPI_Init), (2 bytes).
    Removing tm_stm32_nrf24l01.o(i.TM_NRF24L01_DataReady), (26 bytes).
    Removing tm_stm32_nrf24l01.o(i.TM_NRF24L01_GetRetransmissionsCount), (14 bytes).
    Removing tm_stm32_nrf24l01.o(i.TM_NRF24L01_GetTransmissionStatus), (26 bytes).
    Removing tm_stm32_nrf24l01.o(i.TM_NRF24L01_NoTransmit_Fast), (52 bytes).
    Removing tm_stm32_nrf24l01.o(i.TM_NRF24L01_ReadBit), (24 bytes).
    Removing tm_stm32_nrf24l01.o(i.TM_NRF24L01_ReadRegisterMulti), (52 bytes).
    Removing tm_stm32_nrf24l01.o(i.TM_NRF24L01_RxFifoEmpty), (14 bytes).
    Removing tm_stm32_nrf24l01.o(i.TM_NRF24L01_StandBy), (36 bytes).
    Removing tm_stm32_nrf24l01.o(i.TM_NRF24L01_Transmit), (76 bytes).
    Removing tm_stm32_nrf24l01.o(i.TM_NRF24L01_Transmit_Fast), (64 bytes).
    Removing tm_stm32_nrf24l01.o(i.TM_NRF24L01_TxFifoEmpty), (14 bytes).
    Removing tm_stm32_nrf24l01.o(i.TM_NRF24L01_TxFifoFull), (14 bytes).
    Removing tm_stm32_nrf24l01.o(i.delay), (14 bytes).
    Removing tm_stm32_rcc.o(.rev16_text), (4 bytes).
    Removing tm_stm32_rcc.o(.revsh_text), (4 bytes).
    Removing tm_stm32_rcc.o(i.TM_RCC_InitSystem), (88 bytes).
    Removing tm_stm32_spi.o(.rev16_text), (4 bytes).
    Removing tm_stm32_spi.o(.revsh_text), (4 bytes).
    Removing tm_stm32_spi.o(i.TM_SPI_GetPrescalerFromMaxFrequency), (46 bytes).
    Removing tm_stm32_spi.o(i.TM_SPI_InitFull), (56 bytes).
    Removing tm_stm32_spi.o(i.TM_SPI_InitWithMode), (52 bytes).
    Removing tm_stm32_spi.o(i.TM_SPI_ReadMulti), (48 bytes).
    Removing tm_stm32_spi.o(i.TM_SPI_ReadMulti16), (60 bytes).
    Removing tm_stm32_spi.o(i.TM_SPI_SendMulti16), (52 bytes).
    Removing tm_stm32_spi.o(i.TM_SPI_SetDataSize), (34 bytes).
    Removing tm_stm32_spi.o(i.TM_SPI_WriteMulti16), (46 bytes).
    Removing stm32f0xx_hal_dma.o(i.__ARM_common_switch8), (26 bytes).

490 unused section(s) (total 33269 bytes) removed from the image.

==============================================================================

Image Symbol Table

    Local Symbols

    Symbol Name                              Value     Ov Type        Size  Object(Section)

    ../Drivers/STM32F0xx_HAL_Driver/Src/stm32f0xx_hal.c 0x00000000   Number         0  stm32f0xx_hal.o ABSOLUTE
    ../Drivers/STM32F0xx_HAL_Driver/Src/stm32f0xx_hal_adc.c 0x00000000   Number         0  stm32f0xx_hal_adc.o ABSOLUTE
    ../Drivers/STM32F0xx_HAL_Driver/Src/stm32f0xx_hal_adc_ex.c 0x00000000   Number         0  stm32f0xx_hal_adc_ex.o ABSOLUTE
    ../Drivers/STM32F0xx_HAL_Driver/Src/stm32f0xx_hal_cortex.c 0x00000000   Number         0  stm32f0xx_hal_cortex.o ABSOLUTE
    ../Drivers/STM32F0xx_HAL_Driver/Src/stm32f0xx_hal_dac.c 0x00000000   Number         0  stm32f0xx_hal_dac.o ABSOLUTE
    ../Drivers/STM32F0xx_HAL_Driver/Src/stm32f0xx_hal_dac_ex.c 0x00000000   Number         0  stm32f0xx_hal_dac_ex.o ABSOLUTE
    ../Drivers/STM32F0xx_HAL_Driver/Src/stm32f0xx_hal_dma.c 0x00000000   Number         0  stm32f0xx_hal_dma.o ABSOLUTE
    ../Drivers/STM32F0xx_HAL_Driver/Src/stm32f0xx_hal_flash.c 0x00000000   Number         0  stm32f0xx_hal_flash.o ABSOLUTE
    ../Drivers/STM32F0xx_HAL_Driver/Src/stm32f0xx_hal_flash_ex.c 0x00000000   Number         0  stm32f0xx_hal_flash_ex.o ABSOLUTE
    ../Drivers/STM32F0xx_HAL_Driver/Src/stm32f0xx_hal_gpio.c 0x00000000   Number         0  stm32f0xx_hal_gpio.o ABSOLUTE
    ../Drivers/STM32F0xx_HAL_Driver/Src/stm32f0xx_hal_i2c.c 0x00000000   Number         0  stm32f0xx_hal_i2c.o ABSOLUTE
    ../Drivers/STM32F0xx_HAL_Driver/Src/stm32f0xx_hal_i2c_ex.c 0x00000000   Number         0  stm32f0xx_hal_i2c_ex.o ABSOLUTE
    ../Drivers/STM32F0xx_HAL_Driver/Src/stm32f0xx_hal_pwr.c 0x00000000   Number         0  stm32f0xx_hal_pwr.o ABSOLUTE
    ../Drivers/STM32F0xx_HAL_Driver/Src/stm32f0xx_hal_pwr_ex.c 0x00000000   Number         0  stm32f0xx_hal_pwr_ex.o ABSOLUTE
    ../Drivers/STM32F0xx_HAL_Driver/Src/stm32f0xx_hal_rcc.c 0x00000000   Number         0  stm32f0xx_hal_rcc.o ABSOLUTE
    ../Drivers/STM32F0xx_HAL_Driver/Src/stm32f0xx_hal_rcc_ex.c 0x00000000   Number         0  stm32f0xx_hal_rcc_ex.o ABSOLUTE
    ../Drivers/STM32F0xx_HAL_Driver/Src/stm32f0xx_hal_spi.c 0x00000000   Number         0  stm32f0xx_hal_spi.o ABSOLUTE
    ../Drivers/STM32F0xx_HAL_Driver/Src/stm32f0xx_hal_spi_ex.c 0x00000000   Number         0  stm32f0xx_hal_spi_ex.o ABSOLUTE
    ../Drivers/STM32F0xx_HAL_Driver/Src/stm32f0xx_hal_tim.c 0x00000000   Number         0  stm32f0xx_hal_tim.o ABSOLUTE
    ../Drivers/STM32F0xx_HAL_Driver/Src/stm32f0xx_hal_tim_ex.c 0x00000000   Number         0  stm32f0xx_hal_tim_ex.o ABSOLUTE
    ../Src/main.c                            0x00000000   Number         0  main.o ABSOLUTE
    ../Src/stm32f0xx_hal_msp.c               0x00000000   Number         0  stm32f0xx_hal_msp.o ABSOLUTE
    ../Src/stm32f0xx_it.c                    0x00000000   Number         0  stm32f0xx_it.o ABSOLUTE
    ../Src/system_stm32f0xx.c                0x00000000   Number         0  system_stm32f0xx.o ABSOLUTE
    ../clib/microlib/division.c              0x00000000   Number         0  idiv.o ABSOLUTE
    ../clib/microlib/division.c              0x00000000   Number         0  uidiv.o ABSOLUTE
    ../clib/microlib/init/entry.s            0x00000000   Number         0  entry10a.o ABSOLUTE
    ../clib/microlib/init/entry.s            0x00000000   Number         0  entry9a.o ABSOLUTE
    ../clib/microlib/init/entry.s            0x00000000   Number         0  entry2.o ABSOLUTE
    ../clib/microlib/init/entry.s            0x00000000   Number         0  entry11b.o ABSOLUTE
    ../clib/microlib/init/entry.s            0x00000000   Number         0  entry11a.o ABSOLUTE
    ../clib/microlib/init/entry.s            0x00000000   Number         0  entry10b.o ABSOLUTE
    ../clib/microlib/init/entry.s            0x00000000   Number         0  entry7a.o ABSOLUTE
    ../clib/microlib/init/entry.s            0x00000000   Number         0  entry5.o ABSOLUTE
    ../clib/microlib/init/entry.s            0x00000000   Number         0  entry7b.o ABSOLUTE
    ../clib/microlib/init/entry.s            0x00000000   Number         0  entry.o ABSOLUTE
    ../clib/microlib/init/entry.s            0x00000000   Number         0  entry8b.o ABSOLUTE
    ../clib/microlib/init/entry.s            0x00000000   Number         0  entry8a.o ABSOLUTE
    ../clib/microlib/init/entry.s            0x00000000   Number         0  entry9b.o ABSOLUTE
    ../clib/microlib/longlong.c              0x00000000   Number         0  llushr.o ABSOLUTE
    ..\..\TM\tm_stm32_exti.c                 0x00000000   Number         0  tm_stm32_exti.o ABSOLUTE
    ..\..\TM\tm_stm32_gpio.c                 0x00000000   Number         0  tm_stm32_gpio.o ABSOLUTE
    ..\..\TM\tm_stm32_nrf24l01.c             0x00000000   Number         0  tm_stm32_nrf24l01.o ABSOLUTE
    ..\..\TM\tm_stm32_rcc.c                  0x00000000   Number         0  tm_stm32_rcc.o ABSOLUTE
    ..\..\TM\tm_stm32_spi.c                  0x00000000   Number         0  tm_stm32_spi.o ABSOLUTE
    ..\Drivers\STM32F0xx_HAL_Driver\Src\stm32f0xx_hal.c 0x00000000   Number         0  stm32f0xx_hal.o ABSOLUTE
    ..\Drivers\STM32F0xx_HAL_Driver\Src\stm32f0xx_hal_adc.c 0x00000000   Number         0  stm32f0xx_hal_adc.o ABSOLUTE
    ..\Drivers\STM32F0xx_HAL_Driver\Src\stm32f0xx_hal_adc_ex.c 0x00000000   Number         0  stm32f0xx_hal_adc_ex.o ABSOLUTE
    ..\Drivers\STM32F0xx_HAL_Driver\Src\stm32f0xx_hal_cortex.c 0x00000000   Number         0  stm32f0xx_hal_cortex.o ABSOLUTE
    ..\Drivers\STM32F0xx_HAL_Driver\Src\stm32f0xx_hal_dac.c 0x00000000   Number         0  stm32f0xx_hal_dac.o ABSOLUTE
    ..\Drivers\STM32F0xx_HAL_Driver\Src\stm32f0xx_hal_dac_ex.c 0x00000000   Number         0  stm32f0xx_hal_dac_ex.o ABSOLUTE
    ..\Drivers\STM32F0xx_HAL_Driver\Src\stm32f0xx_hal_dma.c 0x00000000   Number         0  stm32f0xx_hal_dma.o ABSOLUTE
    ..\Drivers\STM32F0xx_HAL_Driver\Src\stm32f0xx_hal_flash.c 0x00000000   Number         0  stm32f0xx_hal_flash.o ABSOLUTE
    ..\Drivers\STM32F0xx_HAL_Driver\Src\stm32f0xx_hal_flash_ex.c 0x00000000   Number         0  stm32f0xx_hal_flash_ex.o ABSOLUTE
    ..\Drivers\STM32F0xx_HAL_Driver\Src\stm32f0xx_hal_gpio.c 0x00000000   Number         0  stm32f0xx_hal_gpio.o ABSOLUTE
    ..\Drivers\STM32F0xx_HAL_Driver\Src\stm32f0xx_hal_i2c.c 0x00000000   Number         0  stm32f0xx_hal_i2c.o ABSOLUTE
    ..\Drivers\STM32F0xx_HAL_Driver\Src\stm32f0xx_hal_i2c_ex.c 0x00000000   Number         0  stm32f0xx_hal_i2c_ex.o ABSOLUTE
    ..\Drivers\STM32F0xx_HAL_Driver\Src\stm32f0xx_hal_pwr.c 0x00000000   Number         0  stm32f0xx_hal_pwr.o ABSOLUTE
    ..\Drivers\STM32F0xx_HAL_Driver\Src\stm32f0xx_hal_pwr_ex.c 0x00000000   Number         0  stm32f0xx_hal_pwr_ex.o ABSOLUTE
    ..\Drivers\STM32F0xx_HAL_Driver\Src\stm32f0xx_hal_rcc.c 0x00000000   Number         0  stm32f0xx_hal_rcc.o ABSOLUTE
    ..\Drivers\STM32F0xx_HAL_Driver\Src\stm32f0xx_hal_rcc_ex.c 0x00000000   Number         0  stm32f0xx_hal_rcc_ex.o ABSOLUTE
    ..\Drivers\STM32F0xx_HAL_Driver\Src\stm32f0xx_hal_spi.c 0x00000000   Number         0  stm32f0xx_hal_spi.o ABSOLUTE
    ..\Drivers\STM32F0xx_HAL_Driver\Src\stm32f0xx_hal_spi_ex.c 0x00000000   Number         0  stm32f0xx_hal_spi_ex.o ABSOLUTE
    ..\Drivers\STM32F0xx_HAL_Driver\Src\stm32f0xx_hal_tim.c 0x00000000   Number         0  stm32f0xx_hal_tim.o ABSOLUTE
    ..\Drivers\STM32F0xx_HAL_Driver\Src\stm32f0xx_hal_tim_ex.c 0x00000000   Number         0  stm32f0xx_hal_tim_ex.o ABSOLUTE
    ..\Src\main.c                            0x00000000   Number         0  main.o ABSOLUTE
    ..\Src\stm32f0xx_hal_msp.c               0x00000000   Number         0  stm32f0xx_hal_msp.o ABSOLUTE
    ..\Src\stm32f0xx_it.c                    0x00000000   Number         0  stm32f0xx_it.o ABSOLUTE
    ..\Src\system_stm32f0xx.c                0x00000000   Number         0  system_stm32f0xx.o ABSOLUTE
    ..\\..\\TM\\tm_stm32_exti.c              0x00000000   Number         0  tm_stm32_exti.o ABSOLUTE
    ..\\..\\TM\\tm_stm32_gpio.c              0x00000000   Number         0  tm_stm32_gpio.o ABSOLUTE
    ..\\..\\TM\\tm_stm32_nrf24l01.c          0x00000000   Number         0  tm_stm32_nrf24l01.o ABSOLUTE
    ..\\..\\TM\\tm_stm32_rcc.c               0x00000000   Number         0  tm_stm32_rcc.o ABSOLUTE
    ..\\..\\TM\\tm_stm32_spi.c               0x00000000   Number         0  tm_stm32_spi.o ABSOLUTE
    dc.s                                     0x00000000   Number         0  dc.o ABSOLUTE
    handlers.s                               0x00000000   Number         0  handlers.o ABSOLUTE
    init.s                                   0x00000000   Number         0  init.o ABSOLUTE
    startup_stm32f051x8.s                    0x00000000   Number         0  startup_stm32f051x8.o ABSOLUTE
    RESET                                    0x08000000   Section      188  startup_stm32f051x8.o(RESET)
    .ARM.Collect$$$$00000000                 0x080000bc   Section        0  entry.o(.ARM.Collect$$$$00000000)
    .ARM.Collect$$$$00000001                 0x080000bc   Section        4  entry2.o(.ARM.Collect$$$$00000001)
    .ARM.Collect$$$$00000004                 0x080000c0   Section        4  entry5.o(.ARM.Collect$$$$00000004)
    .ARM.Collect$$$$00000008                 0x080000c4   Section        0  entry7b.o(.ARM.Collect$$$$00000008)
    .ARM.Collect$$$$0000000A                 0x080000c4   Section        0  entry8b.o(.ARM.Collect$$$$0000000A)
    .ARM.Collect$$$$0000000B                 0x080000c4   Section        8  entry9a.o(.ARM.Collect$$$$0000000B)
    .ARM.Collect$$$$0000000D                 0x080000cc   Section        0  entry10a.o(.ARM.Collect$$$$0000000D)
    .ARM.Collect$$$$0000000F                 0x080000cc   Section        0  entry11a.o(.ARM.Collect$$$$0000000F)
    .ARM.Collect$$$$00002712                 0x080000cc   Section        4  entry2.o(.ARM.Collect$$$$00002712)
    __lit__00000000                          0x080000cc   Data           4  entry2.o(.ARM.Collect$$$$00002712)
    .text                                    0x080000d0   Section       28  startup_stm32f051x8.o(.text)
    .text                                    0x080000ec   Section        0  uidiv.o(.text)
    .text                                    0x08000118   Section        0  idiv.o(.text)
    .text                                    0x08000140   Section       36  init.o(.text)
    i.ADC_ConversionStop                     0x08000164   Section        0  stm32f0xx_hal_adc.o(i.ADC_ConversionStop)
    ADC_ConversionStop                       0x08000165   Thumb Code    82  stm32f0xx_hal_adc.o(i.ADC_ConversionStop)
    i.ADC_Disable                            0x080001b6   Section        0  stm32f0xx_hal_adc.o(i.ADC_Disable)
    ADC_Disable                              0x080001b7   Thumb Code   102  stm32f0xx_hal_adc.o(i.ADC_Disable)
    i.ADC_Enable                             0x0800021c   Section        0  stm32f0xx_hal_adc.o(i.ADC_Enable)
    ADC_Enable                               0x0800021d   Thumb Code   120  stm32f0xx_hal_adc.o(i.ADC_Enable)
    i.DAC_DMAConvCpltCh1                     0x080002a0   Section        0  stm32f0xx_hal_dac_ex.o(i.DAC_DMAConvCpltCh1)
    DAC_DMAConvCpltCh1                       0x080002a1   Thumb Code    16  stm32f0xx_hal_dac_ex.o(i.DAC_DMAConvCpltCh1)
    i.DAC_DMAErrorCh1                        0x080002b0   Section        0  stm32f0xx_hal_dac_ex.o(i.DAC_DMAErrorCh1)
    DAC_DMAErrorCh1                          0x080002b1   Thumb Code    24  stm32f0xx_hal_dac_ex.o(i.DAC_DMAErrorCh1)
    i.DAC_DMAHalfConvCpltCh1                 0x080002c8   Section        0  stm32f0xx_hal_dac_ex.o(i.DAC_DMAHalfConvCpltCh1)
    DAC_DMAHalfConvCpltCh1                   0x080002c9   Thumb Code    10  stm32f0xx_hal_dac_ex.o(i.DAC_DMAHalfConvCpltCh1)
    i.DMA1_Channel2_3_IRQHandler             0x080002d4   Section        0  stm32f0xx_it.o(i.DMA1_Channel2_3_IRQHandler)
    i.DMA_CalcBaseAndBitshift                0x080002e4   Section        0  stm32f0xx_hal_dma.o(i.DMA_CalcBaseAndBitshift)
    DMA_CalcBaseAndBitshift                  0x080002e5   Thumb Code    26  stm32f0xx_hal_dma.o(i.DMA_CalcBaseAndBitshift)
    i.DMA_SetConfig                          0x08000308   Section        0  stm32f0xx_hal_dma.o(i.DMA_SetConfig)
    DMA_SetConfig                            0x08000309   Thumb Code    40  stm32f0xx_hal_dma.o(i.DMA_SetConfig)
    i.EXTI0_1_IRQHandler                     0x08000330   Section        0  tm_stm32_exti.o(i.EXTI0_1_IRQHandler)
    i.EXTI2_3_IRQHandler                     0x08000358   Section        0  tm_stm32_exti.o(i.EXTI2_3_IRQHandler)
    i.EXTI4_15_IRQHandler                    0x08000380   Section        0  tm_stm32_exti.o(i.EXTI4_15_IRQHandler)
    i.HAL_ADC_ConfigChannel                  0x08000444   Section        0  stm32f0xx_hal_adc.o(i.HAL_ADC_ConfigChannel)
    i.HAL_ADC_GetValue                       0x08000570   Section        0  stm32f0xx_hal_adc.o(i.HAL_ADC_GetValue)
    i.HAL_ADC_Init                           0x08000578   Section        0  stm32f0xx_hal_adc.o(i.HAL_ADC_Init)
    i.HAL_ADC_MspInit                        0x080006ec   Section        0  stm32f0xx_hal_msp.o(i.HAL_ADC_MspInit)
    i.HAL_ADC_PollForConversion              0x08000710   Section        0  stm32f0xx_hal_adc.o(i.HAL_ADC_PollForConversion)
    i.HAL_ADC_Start                          0x080007d0   Section        0  stm32f0xx_hal_adc.o(i.HAL_ADC_Start)
    i.HAL_ADC_Stop                           0x0800082c   Section        0  stm32f0xx_hal_adc.o(i.HAL_ADC_Stop)
    i.HAL_DAC_ConfigChannel                  0x0800086a   Section        0  stm32f0xx_hal_dac_ex.o(i.HAL_DAC_ConfigChannel)
    i.HAL_DAC_ConvCpltCallbackCh1            0x080008a0   Section        0  main.o(i.HAL_DAC_ConvCpltCallbackCh1)
    i.HAL_DAC_ConvHalfCpltCallbackCh1        0x080008c8   Section        0  main.o(i.HAL_DAC_ConvHalfCpltCallbackCh1)
    i.HAL_DAC_ErrorCallbackCh1               0x080008ec   Section        0  stm32f0xx_hal_dac.o(i.HAL_DAC_ErrorCallbackCh1)
    i.HAL_DAC_Init                           0x080008ee   Section        0  stm32f0xx_hal_dac.o(i.HAL_DAC_Init)
    i.HAL_DAC_MspInit                        0x08000918   Section        0  stm32f0xx_hal_msp.o(i.HAL_DAC_MspInit)
    i.HAL_DAC_Start                          0x080009b0   Section        0  stm32f0xx_hal_dac_ex.o(i.HAL_DAC_Start)
    i.HAL_DAC_Start_DMA                      0x080009f4   Section        0  stm32f0xx_hal_dac_ex.o(i.HAL_DAC_Start_DMA)
    i.HAL_DAC_Stop                           0x08000a98   Section        0  stm32f0xx_hal_dac.o(i.HAL_DAC_Stop)
    i.HAL_DAC_Stop_DMA                       0x08000aae   Section        0  stm32f0xx_hal_dac.o(i.HAL_DAC_Stop_DMA)
    i.HAL_DMA_Abort                          0x08000af2   Section        0  stm32f0xx_hal_dma.o(i.HAL_DMA_Abort)
    i.HAL_DMA_Abort_IT                       0x08000b1e   Section        0  stm32f0xx_hal_dma.o(i.HAL_DMA_Abort_IT)
    i.HAL_DMA_IRQHandler                     0x08000b66   Section        0  stm32f0xx_hal_dma.o(i.HAL_DMA_IRQHandler)
    i.HAL_DMA_Init                           0x08000c04   Section        0  stm32f0xx_hal_dma.o(i.HAL_DMA_Init)
    i.HAL_DMA_Start_IT                       0x08000c5c   Section        0  stm32f0xx_hal_dma.o(i.HAL_DMA_Start_IT)
    i.HAL_GPIO_Init                          0x08000cc8   Section        0  stm32f0xx_hal_gpio.o(i.HAL_GPIO_Init)
    i.HAL_GPIO_TogglePin                     0x08000e10   Section        0  stm32f0xx_hal_gpio.o(i.HAL_GPIO_TogglePin)
    i.HAL_GPIO_WritePin                      0x08000e18   Section        0  stm32f0xx_hal_gpio.o(i.HAL_GPIO_WritePin)
    i.HAL_GetTick                            0x08000e24   Section        0  stm32f0xx_hal.o(i.HAL_GetTick)
    i.HAL_IncTick                            0x08000e30   Section        0  stm32f0xx_hal.o(i.HAL_IncTick)
    i.HAL_Init                               0x08000e40   Section        0  stm32f0xx_hal.o(i.HAL_Init)
    i.HAL_InitTick                           0x08000e60   Section        0  stm32f0xx_hal.o(i.HAL_InitTick)
    i.HAL_MspInit                            0x08000e84   Section        0  stm32f0xx_hal_msp.o(i.HAL_MspInit)
    i.HAL_NVIC_EnableIRQ                     0x08000ebc   Section        0  stm32f0xx_hal_cortex.o(i.HAL_NVIC_EnableIRQ)
    i.HAL_NVIC_SetPriority                   0x08000ed0   Section        0  stm32f0xx_hal_cortex.o(i.HAL_NVIC_SetPriority)
    i.HAL_RCC_ClockConfig                    0x08000ed8   Section        0  stm32f0xx_hal_rcc.o(i.HAL_RCC_ClockConfig)
    i.HAL_RCC_GetHCLKFreq                    0x08001004   Section        0  stm32f0xx_hal_rcc.o(i.HAL_RCC_GetHCLKFreq)
    i.HAL_RCC_GetSysClockFreq                0x08001010   Section        0  stm32f0xx_hal_rcc.o(i.HAL_RCC_GetSysClockFreq)
    i.HAL_RCC_OscConfig                      0x08001088   Section        0  stm32f0xx_hal_rcc.o(i.HAL_RCC_OscConfig)
    i.HAL_SPI_ErrorCallback                  0x080013dc   Section        0  stm32f0xx_hal_spi.o(i.HAL_SPI_ErrorCallback)
    i.HAL_SPI_IRQHandler                     0x080013e0   Section        0  stm32f0xx_hal_spi.o(i.HAL_SPI_IRQHandler)
    i.HAL_SPI_Init                           0x080014b4   Section        0  stm32f0xx_hal_spi.o(i.HAL_SPI_Init)
    i.HAL_SPI_MspInit                        0x0800156c   Section        0  stm32f0xx_hal_msp.o(i.HAL_SPI_MspInit)
    i.HAL_SYSTICK_CLKSourceConfig            0x080015c4   Section        0  stm32f0xx_hal_cortex.o(i.HAL_SYSTICK_CLKSourceConfig)
    i.HAL_SYSTICK_Callback                   0x080015dc   Section        0  stm32f0xx_hal_cortex.o(i.HAL_SYSTICK_Callback)
    i.HAL_SYSTICK_Config                     0x080015e0   Section        0  stm32f0xx_hal_cortex.o(i.HAL_SYSTICK_Config)
    i.HAL_SYSTICK_IRQHandler                 0x08001610   Section        0  stm32f0xx_hal_cortex.o(i.HAL_SYSTICK_IRQHandler)
    i.HAL_TIMEx_BreakCallback                0x08001618   Section        0  stm32f0xx_hal_tim_ex.o(i.HAL_TIMEx_BreakCallback)
    i.HAL_TIMEx_CommutationCallback          0x0800161a   Section        0  stm32f0xx_hal_tim_ex.o(i.HAL_TIMEx_CommutationCallback)
    i.HAL_TIMEx_MasterConfigSynchronization  0x0800161c   Section        0  stm32f0xx_hal_tim_ex.o(i.HAL_TIMEx_MasterConfigSynchronization)
    i.HAL_TIM_Base_Init                      0x08001664   Section        0  stm32f0xx_hal_tim.o(i.HAL_TIM_Base_Init)
    i.HAL_TIM_Base_MspInit                   0x08001698   Section        0  stm32f0xx_hal_msp.o(i.HAL_TIM_Base_MspInit)
    i.HAL_TIM_Base_Start                     0x080016cc   Section        0  stm32f0xx_hal_tim.o(i.HAL_TIM_Base_Start)
    i.HAL_TIM_Base_Stop                      0x080016e4   Section        0  stm32f0xx_hal_tim.o(i.HAL_TIM_Base_Stop)
    i.HAL_TIM_ConfigClockSource              0x08001714   Section        0  stm32f0xx_hal_tim.o(i.HAL_TIM_ConfigClockSource)
    i.HAL_TIM_IC_CaptureCallback             0x08001802   Section        0  stm32f0xx_hal_tim.o(i.HAL_TIM_IC_CaptureCallback)
    i.HAL_TIM_IRQHandler                     0x08001804   Section        0  stm32f0xx_hal_tim.o(i.HAL_TIM_IRQHandler)
    i.HAL_TIM_OC_DelayElapsedCallback        0x08001966   Section        0  stm32f0xx_hal_tim.o(i.HAL_TIM_OC_DelayElapsedCallback)
    i.HAL_TIM_PWM_PulseFinishedCallback      0x08001968   Section        0  stm32f0xx_hal_tim.o(i.HAL_TIM_PWM_PulseFinishedCallback)
    i.HAL_TIM_PeriodElapsedCallback          0x0800196a   Section        0  stm32f0xx_hal_tim.o(i.HAL_TIM_PeriodElapsedCallback)
    i.HAL_TIM_TriggerCallback                0x0800196c   Section        0  stm32f0xx_hal_tim.o(i.HAL_TIM_TriggerCallback)
    i.HardFault_Handler                      0x0800196e   Section        0  stm32f0xx_it.o(i.HardFault_Handler)
    i.MX_ADC_Init                            0x08001970   Section        0  main.o(i.MX_ADC_Init)
    MX_ADC_Init                              0x08001971   Thumb Code    84  main.o(i.MX_ADC_Init)
    i.MX_GPIO_Init                           0x080019cc   Section        0  main.o(i.MX_GPIO_Init)
    MX_GPIO_Init                             0x080019cd   Thumb Code   118  main.o(i.MX_GPIO_Init)
    i.MX_TIM2_Init                           0x08001a50   Section        0  main.o(i.MX_TIM2_Init)
    MX_TIM2_Init                             0x08001a51   Thumb Code    82  main.o(i.MX_TIM2_Init)
    i.NMI_Handler                            0x08001aac   Section        0  stm32f0xx_it.o(i.NMI_Handler)
    i.NVIC_SetPriority                       0x08001ab0   Section        0  stm32f0xx_hal_cortex.o(i.NVIC_SetPriority)
    NVIC_SetPriority                         0x08001ab1   Thumb Code    60  stm32f0xx_hal_cortex.o(i.NVIC_SetPriority)
    i.PendSV_Handler                         0x08001af4   Section        0  stm32f0xx_it.o(i.PendSV_Handler)
    i.SPI2_IRQHandler                        0x08001af8   Section        0  stm32f0xx_it.o(i.SPI2_IRQHandler)
    i.SPI_DMAAbortOnError                    0x08001b08   Section        0  stm32f0xx_hal_spi.o(i.SPI_DMAAbortOnError)
    SPI_DMAAbortOnError                      0x08001b09   Thumb Code    18  stm32f0xx_hal_spi.o(i.SPI_DMAAbortOnError)
    i.SVC_Handler                            0x08001b1a   Section        0  stm32f0xx_it.o(i.SVC_Handler)
    i.SysTick_Handler                        0x08001b1c   Section        0  stm32f0xx_it.o(i.SysTick_Handler)
    i.SystemClock_Config                     0x08001b28   Section        0  main.o(i.SystemClock_Config)
    i.SystemInit                             0x08001b94   Section        0  system_stm32f0xx.o(i.SystemInit)
    i.TIM2_IRQHandler                        0x08001bf0   Section        0  stm32f0xx_it.o(i.TIM2_IRQHandler)
    i.TIM_Base_SetConfig                     0x08001c00   Section        0  stm32f0xx_hal_tim.o(i.TIM_Base_SetConfig)
    i.TIM_ETR_SetConfig                      0x08001c94   Section        0  stm32f0xx_hal_tim.o(i.TIM_ETR_SetConfig)
    i.TIM_ITRx_SetConfig                     0x08001caa   Section        0  stm32f0xx_hal_tim.o(i.TIM_ITRx_SetConfig)
    TIM_ITRx_SetConfig                       0x08001cab   Thumb Code    16  stm32f0xx_hal_tim.o(i.TIM_ITRx_SetConfig)
    i.TIM_TI1_ConfigInputStage               0x08001cba   Section        0  stm32f0xx_hal_tim.o(i.TIM_TI1_ConfigInputStage)
    TIM_TI1_ConfigInputStage                 0x08001cbb   Thumb Code    34  stm32f0xx_hal_tim.o(i.TIM_TI1_ConfigInputStage)
    i.TIM_TI2_ConfigInputStage               0x08001cdc   Section        0  stm32f0xx_hal_tim.o(i.TIM_TI2_ConfigInputStage)
    TIM_TI2_ConfigInputStage                 0x08001cdd   Thumb Code    38  stm32f0xx_hal_tim.o(i.TIM_TI2_ConfigInputStage)
    i.TM_EXTI_Attach                         0x08001d04   Section        0  tm_stm32_exti.o(i.TM_EXTI_Attach)
    i.TM_EXTI_Handler                        0x08001e80   Section        0  main.o(i.TM_EXTI_Handler)
    i.TM_GPIO_GetPinSource                   0x08001f7c   Section        0  tm_stm32_gpio.o(i.TM_GPIO_GetPinSource)
    i.TM_GPIO_GetPortSource                  0x08001f8e   Section        0  tm_stm32_gpio.o(i.TM_GPIO_GetPortSource)
    i.TM_GPIO_INT_EnableClock                0x08001f94   Section        0  tm_stm32_gpio.o(i.TM_GPIO_INT_EnableClock)
    i.TM_GPIO_INT_Init                       0x08001fb0   Section        0  tm_stm32_gpio.o(i.TM_GPIO_INT_Init)
    i.TM_GPIO_Init                           0x08002038   Section        0  tm_stm32_gpio.o(i.TM_GPIO_Init)
    i.TM_GPIO_InitAlternate                  0x0800205e   Section        0  tm_stm32_gpio.o(i.TM_GPIO_InitAlternate)
    i.TM_NRF24L01_Clear_Interrupts           0x080020b4   Section        0  tm_stm32_nrf24l01.o(i.TM_NRF24L01_Clear_Interrupts)
    i.TM_NRF24L01_GetData                    0x080020c0   Section        0  tm_stm32_nrf24l01.o(i.TM_NRF24L01_GetData)
    i.TM_NRF24L01_GetStatus                  0x080020fc   Section        0  tm_stm32_nrf24l01.o(i.TM_NRF24L01_GetStatus)
    i.TM_NRF24L01_Init                       0x0800211c   Section        0  tm_stm32_nrf24l01.o(i.TM_NRF24L01_Init)
    i.TM_NRF24L01_InitPins                   0x080021d0   Section        0  tm_stm32_nrf24l01.o(i.TM_NRF24L01_InitPins)
    i.TM_NRF24L01_PowerDown                  0x08002202   Section        0  tm_stm32_nrf24l01.o(i.TM_NRF24L01_PowerDown)
    i.TM_NRF24L01_PowerUpRx                  0x0800221c   Section        0  tm_stm32_nrf24l01.o(i.TM_NRF24L01_PowerUpRx)
    i.TM_NRF24L01_PowerUpTx                  0x08002254   Section        0  tm_stm32_nrf24l01.o(i.TM_NRF24L01_PowerUpTx)
    i.TM_NRF24L01_ReSetChAndPow              0x08002264   Section        0  tm_stm32_nrf24l01.o(i.TM_NRF24L01_ReSetChAndPow)
    i.TM_NRF24L01_ReadRegister               0x08002290   Section        0  tm_stm32_nrf24l01.o(i.TM_NRF24L01_ReadRegister)
    i.TM_NRF24L01_Read_Interrupts            0x080022bc   Section        0  tm_stm32_nrf24l01.o(i.TM_NRF24L01_Read_Interrupts)
    i.TM_NRF24L01_SetChannel                 0x080022c8   Section        0  tm_stm32_nrf24l01.o(i.TM_NRF24L01_SetChannel)
    i.TM_NRF24L01_SetMyAddress               0x080022e8   Section        0  tm_stm32_nrf24l01.o(i.TM_NRF24L01_SetMyAddress)
    i.TM_NRF24L01_SetRF                      0x08002308   Section        0  tm_stm32_nrf24l01.o(i.TM_NRF24L01_SetRF)
    i.TM_NRF24L01_SetTxAddress               0x08002350   Section        0  tm_stm32_nrf24l01.o(i.TM_NRF24L01_SetTxAddress)
    i.TM_NRF24L01_SoftwareReset              0x0800236a   Section        0  tm_stm32_nrf24l01.o(i.TM_NRF24L01_SoftwareReset)
    i.TM_NRF24L01_WriteBit                   0x0800246c   Section        0  tm_stm32_nrf24l01.o(i.TM_NRF24L01_WriteBit)
    i.TM_NRF24L01_WriteRegister              0x08002494   Section        0  tm_stm32_nrf24l01.o(i.TM_NRF24L01_WriteRegister)
    i.TM_NRF24L01_WriteRegisterMulti         0x080024c4   Section        0  tm_stm32_nrf24l01.o(i.TM_NRF24L01_WriteRegisterMulti)
    i.TM_SPI1_INT_InitPins                   0x080024f8   Section        0  tm_stm32_spi.o(i.TM_SPI1_INT_InitPins)
    i.TM_SPI2_INT_InitPins                   0x08002540   Section        0  tm_stm32_spi.o(i.TM_SPI2_INT_InitPins)
    i.TM_SPI_Init                            0x080025a0   Section        0  tm_stm32_spi.o(i.TM_SPI_Init)
    i.TM_SPI_InitCustomPinsCallback          0x080025d8   Section        0  tm_stm32_spi.o(i.TM_SPI_InitCustomPinsCallback)
    i.TM_SPI_Send                            0x080025da   Section        0  tm_stm32_nrf24l01.o(i.TM_SPI_Send)
    TM_SPI_Send                              0x080025db   Thumb Code    42  tm_stm32_nrf24l01.o(i.TM_SPI_Send)
    i.TM_SPI_SendMulti                       0x08002604   Section        0  tm_stm32_spi.o(i.TM_SPI_SendMulti)
    i.TM_SPI_WriteMulti                      0x08002638   Section        0  tm_stm32_spi.o(i.TM_SPI_WriteMulti)
    i.TM_SPIx_Init                           0x08002668   Section        0  tm_stm32_spi.o(i.TM_SPIx_Init)
    TM_SPIx_Init                             0x08002669   Thumb Code   178  tm_stm32_spi.o(i.TM_SPIx_Init)
    i._Error_Handler                         0x08002728   Section        0  main.o(i._Error_Handler)
    i.__scatterload_copy                     0x0800272a   Section       14  handlers.o(i.__scatterload_copy)
    i.__scatterload_null                     0x08002738   Section        2  handlers.o(i.__scatterload_null)
    i.__scatterload_zeroinit                 0x0800273a   Section       14  handlers.o(i.__scatterload_zeroinit)
    i.main                                   0x08002748   Section        0  main.o(i.main)
    i.process_buffer                         0x08002854   Section        0  main.o(i.process_buffer)
    i.test_battery                           0x080028a8   Section        0  main.o(i.test_battery)
    .constdata                               0x080028fc   Section       16  system_stm32f0xx.o(.constdata)
    .data                                    0x20000000   Section       42  main.o(.data)
    .data                                    0x2000002c   Section        4  system_stm32f0xx.o(.data)
    .data                                    0x20000030   Section        4  stm32f0xx_hal.o(.data)
    .data                                    0x20000034   Section        4  tm_stm32_nrf24l01.o(.data)
    TM_NRF24L01_Struct                       0x20000034   Data           4  tm_stm32_nrf24l01.o(.data)
    .bss                                     0x20000038   Section      288  main.o(.bss)
    .bss                                     0x20000158   Section       68  main.o(.bss)
    .bss                                     0x2000019c   Section      100  main.o(.bss)
    .bss                                     0x20000200   Section       26  tm_stm32_gpio.o(.bss)
    GPIO_UsedPins                            0x20000200   Data          26  tm_stm32_gpio.o(.bss)
    STACK                                    0x20000220   Section     1024  startup_stm32f051x8.o(STACK)

    Global Symbols

    Symbol Name                              Value     Ov Type        Size  Object(Section)

    BuildAttributes$$THM_ISAv3M$S$PE$A:L22$X:L11$S22$IEEE1$IW$USESV6$~STKCKD$USESV7$~SHL$OSPACE$EBA8$MICROLIB$REQ8$PRES8$EABIv2 0x00000000   Number         0  anon$$obj.o ABSOLUTE
    __ARM_use_no_argv                        0x00000000   Number         0  main.o ABSOLUTE
    __cpp_initialize__aeabi_                  - Undefined Weak Reference
    __cxa_finalize                            - Undefined Weak Reference
    __decompress                              - Undefined Weak Reference
    _clock_init                               - Undefined Weak Reference
    _microlib_exit                            - Undefined Weak Reference
    __Vectors_Size                           0x000000bc   Number         0  startup_stm32f051x8.o ABSOLUTE
    __Vectors                                0x08000000   Data           4  startup_stm32f051x8.o(RESET)
    __Vectors_End                            0x080000bc   Data           0  startup_stm32f051x8.o(RESET)
    __main                                   0x080000bd   Thumb Code     0  entry.o(.ARM.Collect$$$$00000000)
    _main_stk                                0x080000bd   Thumb Code     0  entry2.o(.ARM.Collect$$$$00000001)
    _main_scatterload                        0x080000c1   Thumb Code     0  entry5.o(.ARM.Collect$$$$00000004)
    __main_after_scatterload                 0x080000c5   Thumb Code     0  entry5.o(.ARM.Collect$$$$00000004)
    _main_clock                              0x080000c5   Thumb Code     0  entry7b.o(.ARM.Collect$$$$00000008)
    _main_cpp_init                           0x080000c5   Thumb Code     0  entry8b.o(.ARM.Collect$$$$0000000A)
    _main_init                               0x080000c5   Thumb Code     0  entry9a.o(.ARM.Collect$$$$0000000B)
    __rt_final_cpp                           0x080000cd   Thumb Code     0  entry10a.o(.ARM.Collect$$$$0000000D)
    __rt_final_exit                          0x080000cd   Thumb Code     0  entry11a.o(.ARM.Collect$$$$0000000F)
    Reset_Handler                            0x080000d1   Thumb Code     8  startup_stm32f051x8.o(.text)
    ADC1_COMP_IRQHandler                     0x080000e3   Thumb Code     0  startup_stm32f051x8.o(.text)
    CEC_IRQHandler                           0x080000e3   Thumb Code     0  startup_stm32f051x8.o(.text)
    DMA1_Channel1_IRQHandler                 0x080000e3   Thumb Code     0  startup_stm32f051x8.o(.text)
    DMA1_Channel4_5_IRQHandler               0x080000e3   Thumb Code     0  startup_stm32f051x8.o(.text)
    FLASH_IRQHandler                         0x080000e3   Thumb Code     0  startup_stm32f051x8.o(.text)
    I2C1_IRQHandler                          0x080000e3   Thumb Code     0  startup_stm32f051x8.o(.text)
    I2C2_IRQHandler                          0x080000e3   Thumb Code     0  startup_stm32f051x8.o(.text)
    PVD_IRQHandler                           0x080000e3   Thumb Code     0  startup_stm32f051x8.o(.text)
    RCC_IRQHandler                           0x080000e3   Thumb Code     0  startup_stm32f051x8.o(.text)
    RTC_IRQHandler                           0x080000e3   Thumb Code     0  startup_stm32f051x8.o(.text)
    SPI1_IRQHandler                          0x080000e3   Thumb Code     0  startup_stm32f051x8.o(.text)
    TIM14_IRQHandler                         0x080000e3   Thumb Code     0  startup_stm32f051x8.o(.text)
    TIM15_IRQHandler                         0x080000e3   Thumb Code     0  startup_stm32f051x8.o(.text)
    TIM16_IRQHandler                         0x080000e3   Thumb Code     0  startup_stm32f051x8.o(.text)
    TIM17_IRQHandler                         0x080000e3   Thumb Code     0  startup_stm32f051x8.o(.text)
    TIM1_BRK_UP_TRG_COM_IRQHandler           0x080000e3   Thumb Code     0  startup_stm32f051x8.o(.text)
    TIM1_CC_IRQHandler                       0x080000e3   Thumb Code     0  startup_stm32f051x8.o(.text)
    TIM3_IRQHandler                          0x080000e3   Thumb Code     0  startup_stm32f051x8.o(.text)
    TIM6_DAC_IRQHandler                      0x080000e3   Thumb Code     0  startup_stm32f051x8.o(.text)
    TSC_IRQHandler                           0x080000e3   Thumb Code     0  startup_stm32f051x8.o(.text)
    USART1_IRQHandler                        0x080000e3   Thumb Code     0  startup_stm32f051x8.o(.text)
    USART2_IRQHandler                        0x080000e3   Thumb Code     0  startup_stm32f051x8.o(.text)
    WWDG_IRQHandler                          0x080000e3   Thumb Code     0  startup_stm32f051x8.o(.text)
    __aeabi_uidiv                            0x080000ed   Thumb Code     0  uidiv.o(.text)
    __aeabi_uidivmod                         0x080000ed   Thumb Code    44  uidiv.o(.text)
    __aeabi_idiv                             0x08000119   Thumb Code     0  idiv.o(.text)
    __aeabi_idivmod                          0x08000119   Thumb Code    40  idiv.o(.text)
    __scatterload                            0x08000141   Thumb Code    28  init.o(.text)
    __scatterload_rt2                        0x08000141   Thumb Code     0  init.o(.text)
    DMA1_Channel2_3_IRQHandler               0x080002d5   Thumb Code    10  stm32f0xx_it.o(i.DMA1_Channel2_3_IRQHandler)
    EXTI0_1_IRQHandler                       0x08000331   Thumb Code    34  tm_stm32_exti.o(i.EXTI0_1_IRQHandler)
    EXTI2_3_IRQHandler                       0x08000359   Thumb Code    34  tm_stm32_exti.o(i.EXTI2_3_IRQHandler)
    EXTI4_15_IRQHandler                      0x08000381   Thumb Code   190  tm_stm32_exti.o(i.EXTI4_15_IRQHandler)
    HAL_ADC_ConfigChannel                    0x08000445   Thumb Code   284  stm32f0xx_hal_adc.o(i.HAL_ADC_ConfigChannel)
    HAL_ADC_GetValue                         0x08000571   Thumb Code     6  stm32f0xx_hal_adc.o(i.HAL_ADC_GetValue)
    HAL_ADC_Init                             0x08000579   Thumb Code   362  stm32f0xx_hal_adc.o(i.HAL_ADC_Init)
    HAL_ADC_MspInit                          0x080006ed   Thumb Code    28  stm32f0xx_hal_msp.o(i.HAL_ADC_MspInit)
    HAL_ADC_PollForConversion                0x08000711   Thumb Code   190  stm32f0xx_hal_adc.o(i.HAL_ADC_PollForConversion)
    HAL_ADC_Start                            0x080007d1   Thumb Code    86  stm32f0xx_hal_adc.o(i.HAL_ADC_Start)
    HAL_ADC_Stop                             0x0800082d   Thumb Code    62  stm32f0xx_hal_adc.o(i.HAL_ADC_Stop)
    HAL_DAC_ConfigChannel                    0x0800086b   Thumb Code    52  stm32f0xx_hal_dac_ex.o(i.HAL_DAC_ConfigChannel)
    HAL_DAC_ConvCpltCallbackCh1              0x080008a1   Thumb Code    30  main.o(i.HAL_DAC_ConvCpltCallbackCh1)
    HAL_DAC_ConvHalfCpltCallbackCh1          0x080008c9   Thumb Code    26  main.o(i.HAL_DAC_ConvHalfCpltCallbackCh1)
    HAL_DAC_ErrorCallbackCh1                 0x080008ed   Thumb Code     2  stm32f0xx_hal_dac.o(i.HAL_DAC_ErrorCallbackCh1)
    HAL_DAC_Init                             0x080008ef   Thumb Code    42  stm32f0xx_hal_dac.o(i.HAL_DAC_Init)
    HAL_DAC_MspInit                          0x08000919   Thumb Code   106  stm32f0xx_hal_msp.o(i.HAL_DAC_MspInit)
    HAL_DAC_Start                            0x080009b1   Thumb Code    66  stm32f0xx_hal_dac_ex.o(i.HAL_DAC_Start)
    HAL_DAC_Start_DMA                        0x080009f5   Thumb Code   150  stm32f0xx_hal_dac_ex.o(i.HAL_DAC_Start_DMA)
    HAL_DAC_Stop                             0x08000a99   Thumb Code    22  stm32f0xx_hal_dac.o(i.HAL_DAC_Stop)
    HAL_DAC_Stop_DMA                         0x08000aaf   Thumb Code    68  stm32f0xx_hal_dac.o(i.HAL_DAC_Stop_DMA)
    HAL_DMA_Abort                            0x08000af3   Thumb Code    44  stm32f0xx_hal_dma.o(i.HAL_DMA_Abort)
    HAL_DMA_Abort_IT                         0x08000b1f   Thumb Code    72  stm32f0xx_hal_dma.o(i.HAL_DMA_Abort_IT)
    HAL_DMA_IRQHandler                       0x08000b67   Thumb Code   156  stm32f0xx_hal_dma.o(i.HAL_DMA_IRQHandler)
    HAL_DMA_Init                             0x08000c05   Thumb Code    84  stm32f0xx_hal_dma.o(i.HAL_DMA_Init)
    HAL_DMA_Start_IT                         0x08000c5d   Thumb Code   106  stm32f0xx_hal_dma.o(i.HAL_DMA_Start_IT)
    HAL_GPIO_Init                            0x08000cc9   Thumb Code   302  stm32f0xx_hal_gpio.o(i.HAL_GPIO_Init)
    HAL_GPIO_TogglePin                       0x08000e11   Thumb Code     8  stm32f0xx_hal_gpio.o(i.HAL_GPIO_TogglePin)
    HAL_GPIO_WritePin                        0x08000e19   Thumb Code    12  stm32f0xx_hal_gpio.o(i.HAL_GPIO_WritePin)
    HAL_GetTick                              0x08000e25   Thumb Code     6  stm32f0xx_hal.o(i.HAL_GetTick)
    HAL_IncTick                              0x08000e31   Thumb Code    10  stm32f0xx_hal.o(i.HAL_IncTick)
    HAL_Init                                 0x08000e41   Thumb Code    26  stm32f0xx_hal.o(i.HAL_Init)
    HAL_InitTick                             0x08000e61   Thumb Code    34  stm32f0xx_hal.o(i.HAL_InitTick)
    HAL_MspInit                              0x08000e85   Thumb Code    50  stm32f0xx_hal_msp.o(i.HAL_MspInit)
    HAL_NVIC_EnableIRQ                       0x08000ebd   Thumb Code    14  stm32f0xx_hal_cortex.o(i.HAL_NVIC_EnableIRQ)
    HAL_NVIC_SetPriority                     0x08000ed1   Thumb Code     8  stm32f0xx_hal_cortex.o(i.HAL_NVIC_SetPriority)
    HAL_RCC_ClockConfig                      0x08000ed9   Thumb Code   280  stm32f0xx_hal_rcc.o(i.HAL_RCC_ClockConfig)
    HAL_RCC_GetHCLKFreq                      0x08001005   Thumb Code     6  stm32f0xx_hal_rcc.o(i.HAL_RCC_GetHCLKFreq)
    HAL_RCC_GetSysClockFreq                  0x08001011   Thumb Code    76  stm32f0xx_hal_rcc.o(i.HAL_RCC_GetSysClockFreq)
    HAL_RCC_OscConfig                        0x08001089   Thumb Code   840  stm32f0xx_hal_rcc.o(i.HAL_RCC_OscConfig)
    HAL_SPI_ErrorCallback                    0x080013dd   Thumb Code     2  stm32f0xx_hal_spi.o(i.HAL_SPI_ErrorCallback)
    HAL_SPI_IRQHandler                       0x080013e1   Thumb Code   208  stm32f0xx_hal_spi.o(i.HAL_SPI_IRQHandler)
    HAL_SPI_Init                             0x080014b5   Thumb Code   184  stm32f0xx_hal_spi.o(i.HAL_SPI_Init)
    HAL_SPI_MspInit                          0x0800156d   Thumb Code    76  stm32f0xx_hal_msp.o(i.HAL_SPI_MspInit)
    HAL_SYSTICK_CLKSourceConfig              0x080015c5   Thumb Code    20  stm32f0xx_hal_cortex.o(i.HAL_SYSTICK_CLKSourceConfig)
    HAL_SYSTICK_Callback                     0x080015dd   Thumb Code     2  stm32f0xx_hal_cortex.o(i.HAL_SYSTICK_Callback)
    HAL_SYSTICK_Config                       0x080015e1   Thumb Code    38  stm32f0xx_hal_cortex.o(i.HAL_SYSTICK_Config)
    HAL_SYSTICK_IRQHandler                   0x08001611   Thumb Code     8  stm32f0xx_hal_cortex.o(i.HAL_SYSTICK_IRQHandler)
    HAL_TIMEx_BreakCallback                  0x08001619   Thumb Code     2  stm32f0xx_hal_tim_ex.o(i.HAL_TIMEx_BreakCallback)
    HAL_TIMEx_CommutationCallback            0x0800161b   Thumb Code     2  stm32f0xx_hal_tim_ex.o(i.HAL_TIMEx_CommutationCallback)
    HAL_TIMEx_MasterConfigSynchronization    0x0800161d   Thumb Code    72  stm32f0xx_hal_tim_ex.o(i.HAL_TIMEx_MasterConfigSynchronization)
    HAL_TIM_Base_Init                        0x08001665   Thumb Code    52  stm32f0xx_hal_tim.o(i.HAL_TIM_Base_Init)
    HAL_TIM_Base_MspInit                     0x08001699   Thumb Code    46  stm32f0xx_hal_msp.o(i.HAL_TIM_Base_MspInit)
    HAL_TIM_Base_Start                       0x080016cd   Thumb Code    24  stm32f0xx_hal_tim.o(i.HAL_TIM_Base_Start)
    HAL_TIM_Base_Stop                        0x080016e5   Thumb Code    42  stm32f0xx_hal_tim.o(i.HAL_TIM_Base_Stop)
    HAL_TIM_ConfigClockSource                0x08001715   Thumb Code   238  stm32f0xx_hal_tim.o(i.HAL_TIM_ConfigClockSource)
    HAL_TIM_IC_CaptureCallback               0x08001803   Thumb Code     2  stm32f0xx_hal_tim.o(i.HAL_TIM_IC_CaptureCallback)
    HAL_TIM_IRQHandler                       0x08001805   Thumb Code   354  stm32f0xx_hal_tim.o(i.HAL_TIM_IRQHandler)
    HAL_TIM_OC_DelayElapsedCallback          0x08001967   Thumb Code     2  stm32f0xx_hal_tim.o(i.HAL_TIM_OC_DelayElapsedCallback)
    HAL_TIM_PWM_PulseFinishedCallback        0x08001969   Thumb Code     2  stm32f0xx_hal_tim.o(i.HAL_TIM_PWM_PulseFinishedCallback)
    HAL_TIM_PeriodElapsedCallback            0x0800196b   Thumb Code     2  stm32f0xx_hal_tim.o(i.HAL_TIM_PeriodElapsedCallback)
    HAL_TIM_TriggerCallback                  0x0800196d   Thumb Code     2  stm32f0xx_hal_tim.o(i.HAL_TIM_TriggerCallback)
    HardFault_Handler                        0x0800196f   Thumb Code     2  stm32f0xx_it.o(i.HardFault_Handler)
    NMI_Handler                              0x08001aad   Thumb Code     2  stm32f0xx_it.o(i.NMI_Handler)
    PendSV_Handler                           0x08001af5   Thumb Code     2  stm32f0xx_it.o(i.PendSV_Handler)
    SPI2_IRQHandler                          0x08001af9   Thumb Code    10  stm32f0xx_it.o(i.SPI2_IRQHandler)
    SVC_Handler                              0x08001b1b   Thumb Code     2  stm32f0xx_it.o(i.SVC_Handler)
    SysTick_Handler                          0x08001b1d   Thumb Code    12  stm32f0xx_it.o(i.SysTick_Handler)
    SystemClock_Config                       0x08001b29   Thumb Code   108  main.o(i.SystemClock_Config)
    SystemInit                               0x08001b95   Thumb Code    78  system_stm32f0xx.o(i.SystemInit)
    TIM2_IRQHandler                          0x08001bf1   Thumb Code    10  stm32f0xx_it.o(i.TIM2_IRQHandler)
    TIM_Base_SetConfig                       0x08001c01   Thumb Code   124  stm32f0xx_hal_tim.o(i.TIM_Base_SetConfig)
    TIM_ETR_SetConfig                        0x08001c95   Thumb Code    22  stm32f0xx_hal_tim.o(i.TIM_ETR_SetConfig)
    TM_EXTI_Attach                           0x08001d05   Thumb Code   368  tm_stm32_exti.o(i.TM_EXTI_Attach)
    TM_EXTI_Handler                          0x08001e81   Thumb Code   238  main.o(i.TM_EXTI_Handler)
    TM_GPIO_GetPinSource                     0x08001f7d   Thumb Code    18  tm_stm32_gpio.o(i.TM_GPIO_GetPinSource)
    TM_GPIO_GetPortSource                    0x08001f8f   Thumb Code     6  tm_stm32_gpio.o(i.TM_GPIO_GetPortSource)
    TM_GPIO_INT_EnableClock                  0x08001f95   Thumb Code    22  tm_stm32_gpio.o(i.TM_GPIO_INT_EnableClock)
    TM_GPIO_INT_Init                         0x08001fb1   Thumb Code   132  tm_stm32_gpio.o(i.TM_GPIO_INT_Init)
    TM_GPIO_Init                             0x08002039   Thumb Code    38  tm_stm32_gpio.o(i.TM_GPIO_Init)
    TM_GPIO_InitAlternate                    0x0800205f   Thumb Code    86  tm_stm32_gpio.o(i.TM_GPIO_InitAlternate)
    TM_NRF24L01_Clear_Interrupts             0x080020b5   Thumb Code    12  tm_stm32_nrf24l01.o(i.TM_NRF24L01_Clear_Interrupts)
    TM_NRF24L01_GetData                      0x080020c1   Thumb Code    52  tm_stm32_nrf24l01.o(i.TM_NRF24L01_GetData)
    TM_NRF24L01_GetStatus                    0x080020fd   Thumb Code    28  tm_stm32_nrf24l01.o(i.TM_NRF24L01_GetStatus)
    TM_NRF24L01_Init                         0x0800211d   Thumb Code   172  tm_stm32_nrf24l01.o(i.TM_NRF24L01_Init)
    TM_NRF24L01_InitPins                     0x080021d1   Thumb Code    50  tm_stm32_nrf24l01.o(i.TM_NRF24L01_InitPins)
    TM_NRF24L01_PowerDown                    0x08002203   Thumb Code    24  tm_stm32_nrf24l01.o(i.TM_NRF24L01_PowerDown)
    TM_NRF24L01_PowerUpRx                    0x0800221d   Thumb Code    50  tm_stm32_nrf24l01.o(i.TM_NRF24L01_PowerUpRx)
    TM_NRF24L01_PowerUpTx                    0x08002255   Thumb Code    16  tm_stm32_nrf24l01.o(i.TM_NRF24L01_PowerUpTx)
    TM_NRF24L01_ReSetChAndPow                0x08002265   Thumb Code    40  tm_stm32_nrf24l01.o(i.TM_NRF24L01_ReSetChAndPow)
    TM_NRF24L01_ReadRegister                 0x08002291   Thumb Code    38  tm_stm32_nrf24l01.o(i.TM_NRF24L01_ReadRegister)
    TM_NRF24L01_Read_Interrupts              0x080022bd   Thumb Code    12  tm_stm32_nrf24l01.o(i.TM_NRF24L01_Read_Interrupts)
    TM_NRF24L01_SetChannel                   0x080022c9   Thumb Code    26  tm_stm32_nrf24l01.o(i.TM_NRF24L01_SetChannel)
    TM_NRF24L01_SetMyAddress                 0x080022e9   Thumb Code    30  tm_stm32_nrf24l01.o(i.TM_NRF24L01_SetMyAddress)
    TM_NRF24L01_SetRF                        0x08002309   Thumb Code    66  tm_stm32_nrf24l01.o(i.TM_NRF24L01_SetRF)
    TM_NRF24L01_SetTxAddress                 0x08002351   Thumb Code    26  tm_stm32_nrf24l01.o(i.TM_NRF24L01_SetTxAddress)
    TM_NRF24L01_SoftwareReset                0x0800236b   Thumb Code   258  tm_stm32_nrf24l01.o(i.TM_NRF24L01_SoftwareReset)
    TM_NRF24L01_WriteBit                     0x0800246d   Thumb Code    38  tm_stm32_nrf24l01.o(i.TM_NRF24L01_WriteBit)
    TM_NRF24L01_WriteRegister                0x08002495   Thumb Code    42  tm_stm32_nrf24l01.o(i.TM_NRF24L01_WriteRegister)
    TM_NRF24L01_WriteRegisterMulti           0x080024c5   Thumb Code    46  tm_stm32_nrf24l01.o(i.TM_NRF24L01_WriteRegisterMulti)
    TM_SPI1_INT_InitPins                     0x080024f9   Thumb Code    62  tm_stm32_spi.o(i.TM_SPI1_INT_InitPins)
    TM_SPI2_INT_InitPins                     0x08002541   Thumb Code    82  tm_stm32_spi.o(i.TM_SPI2_INT_InitPins)
    TM_SPI_Init                              0x080025a1   Thumb Code    48  tm_stm32_spi.o(i.TM_SPI_Init)
    TM_SPI_InitCustomPinsCallback            0x080025d9   Thumb Code     2  tm_stm32_spi.o(i.TM_SPI_InitCustomPinsCallback)
    TM_SPI_SendMulti                         0x08002605   Thumb Code    52  tm_stm32_spi.o(i.TM_SPI_SendMulti)
    TM_SPI_WriteMulti                        0x08002639   Thumb Code    46  tm_stm32_spi.o(i.TM_SPI_WriteMulti)
    _Error_Handler                           0x08002729   Thumb Code     2  main.o(i._Error_Handler)
    __scatterload_copy                       0x0800272b   Thumb Code    14  handlers.o(i.__scatterload_copy)
    __scatterload_null                       0x08002739   Thumb Code     2  handlers.o(i.__scatterload_null)
    __scatterload_zeroinit                   0x0800273b   Thumb Code    14  handlers.o(i.__scatterload_zeroinit)
    main                                     0x08002749   Thumb Code   246  main.o(i.main)
    process_buffer                           0x08002855   Thumb Code    70  main.o(i.process_buffer)
    test_battery                             0x080028a9   Thumb Code    74  main.o(i.test_battery)
    AHBPrescTable                            0x080028fc   Data          16  system_stm32f0xx.o(.constdata)
    Region$$Table$$Base                      0x0800290c   Number         0  anon$$obj.o(Region$$Table)
    Region$$Table$$Limit                     0x0800292c   Number         0  anon$$obj.o(Region$$Table)
    cnt_ch1                                  0x20000000   Data           1  main.o(.data)
    NRF_IRQ                                  0x20000001   Data           1  main.o(.data)
    rx_nrf_buffer                            0x20000002   Data           2  main.o(.data)
    rx_proc_buffer                           0x20000004   Data           2  main.o(.data)
    tx_proc_buffer                           0x20000006   Data           2  main.o(.data)
    freq                                     0x20000008   Data           4  main.o(.data)
    volume                                   0x2000000c   Data           4  main.o(.data)
    RX_buffer_full                           0x20000010   Data           4  main.o(.data)
    TX_buffer_empty                          0x20000014   Data           4  main.o(.data)
    TxAddress                                0x20000018   Data           5  main.o(.data)
    MyAddress                                0x2000001d   Data           5  main.o(.data)
    leds                                     0x20000022   Data           8  main.o(.data)
    SystemCoreClock                          0x2000002c   Data           4  system_stm32f0xx.o(.data)
    uwTick                                   0x20000030   Data           4  stm32f0xx_hal.o(.data)
    hadc                                     0x20000038   Data          76  main.o(.bss)
    hdac1                                    0x20000084   Data          20  main.o(.bss)
    htim2                                    0x20000098   Data          64  main.o(.bss)
    NRFPingIn                                0x200000d8   Data          32  main.o(.bss)
    NRFPongIn                                0x200000f8   Data          32  main.o(.bss)
    DACPingPongOut                           0x20000118   Data          64  main.o(.bss)
    hdma_dac1_ch1                            0x20000158   Data          68  main.o(.bss)
    hspi2                                    0x2000019c   Data         100  main.o(.bss)
    __initial_sp                             0x20000620   Data           0  startup_stm32f051x8.o(STACK)



==============================================================================

Memory Map of the image

  Image Entry point : 0x080000bd

  Load Region LR_IROM1 (Base: 0x08000000, Size: 0x00002964, Max: 0x00010000, ABSOLUTE)

    Execution Region ER_IROM1 (Base: 0x08000000, Size: 0x0000292c, Max: 0x00010000, ABSOLUTE)

    Base Addr    Size         Type   Attr      Idx    E Section Name        Object

    0x08000000   0x000000bc   Data   RO            3    RESET               startup_stm32f051x8.o
    0x080000bc   0x00000000   Code   RO         3817  * .ARM.Collect$$$$00000000  mc_p.l(entry.o)
    0x080000bc   0x00000004   Code   RO         3826    .ARM.Collect$$$$00000001  mc_p.l(entry2.o)
    0x080000c0   0x00000004   Code   RO         3829    .ARM.Collect$$$$00000004  mc_p.l(entry5.o)
    0x080000c4   0x00000000   Code   RO         3831    .ARM.Collect$$$$00000008  mc_p.l(entry7b.o)
    0x080000c4   0x00000000   Code   RO         3833    .ARM.Collect$$$$0000000A  mc_p.l(entry8b.o)
    0x080000c4   0x00000008   Code   RO         3834    .ARM.Collect$$$$0000000B  mc_p.l(entry9a.o)
    0x080000cc   0x00000000   Code   RO         3836    .ARM.Collect$$$$0000000D  mc_p.l(entry10a.o)
    0x080000cc   0x00000000   Code   RO         3838    .ARM.Collect$$$$0000000F  mc_p.l(entry11a.o)
    0x080000cc   0x00000004   Code   RO         3827    .ARM.Collect$$$$00002712  mc_p.l(entry2.o)
    0x080000d0   0x0000001c   Code   RO            4    .text               startup_stm32f051x8.o
    0x080000ec   0x0000002c   Code   RO         3820    .text               mc_p.l(uidiv.o)
    0x08000118   0x00000028   Code   RO         3822    .text               mc_p.l(idiv.o)
    0x08000140   0x00000024   Code   RO         3840    .text               mc_p.l(init.o)
    0x08000164   0x00000052   Code   RO         3115    i.ADC_ConversionStop  stm32f0xx_hal_adc.o
    0x080001b6   0x00000066   Code   RO         3119    i.ADC_Disable       stm32f0xx_hal_adc.o
    0x0800021c   0x00000084   Code   RO         3120    i.ADC_Enable        stm32f0xx_hal_adc.o
    0x080002a0   0x00000010   Code   RO         2858    i.DAC_DMAConvCpltCh1  stm32f0xx_hal_dac_ex.o
    0x080002b0   0x00000018   Code   RO         2859    i.DAC_DMAErrorCh1   stm32f0xx_hal_dac_ex.o
    0x080002c8   0x0000000a   Code   RO         2860    i.DAC_DMAHalfConvCpltCh1  stm32f0xx_hal_dac_ex.o
    0x080002d2   0x00000002   PAD
    0x080002d4   0x00000010   Code   RO           12    i.DMA1_Channel2_3_IRQHandler  stm32f0xx_it.o
    0x080002e4   0x00000024   Code   RO          613    i.DMA_CalcBaseAndBitshift  stm32f0xx_hal_dma.o
    0x08000308   0x00000028   Code   RO          614    i.DMA_SetConfig     stm32f0xx_hal_dma.o
    0x08000330   0x00000028   Code   RO         3311    i.EXTI0_1_IRQHandler  tm_stm32_exti.o
    0x08000358   0x00000028   Code   RO         3312    i.EXTI2_3_IRQHandler  tm_stm32_exti.o
    0x08000380   0x000000c4   Code   RO         3313    i.EXTI4_15_IRQHandler  tm_stm32_exti.o
    0x08000444   0x0000012c   Code   RO         3122    i.HAL_ADC_ConfigChannel  stm32f0xx_hal_adc.o
    0x08000570   0x00000006   Code   RO         3129    i.HAL_ADC_GetValue  stm32f0xx_hal_adc.o
    0x08000576   0x00000002   PAD
    0x08000578   0x00000174   Code   RO         3131    i.HAL_ADC_Init      stm32f0xx_hal_adc.o
    0x080006ec   0x00000024   Code   RO          298    i.HAL_ADC_MspInit   stm32f0xx_hal_msp.o
    0x08000710   0x000000be   Code   RO         3135    i.HAL_ADC_PollForConversion  stm32f0xx_hal_adc.o
    0x080007ce   0x00000002   PAD
    0x080007d0   0x0000005c   Code   RO         3137    i.HAL_ADC_Start     stm32f0xx_hal_adc.o
    0x0800082c   0x0000003e   Code   RO         3140    i.HAL_ADC_Stop      stm32f0xx_hal_adc.o
    0x0800086a   0x00000034   Code   RO         2863    i.HAL_DAC_ConfigChannel  stm32f0xx_hal_dac_ex.o
    0x0800089e   0x00000002   PAD
    0x080008a0   0x00000028   Code   RO          186    i.HAL_DAC_ConvCpltCallbackCh1  main.o
    0x080008c8   0x00000024   Code   RO          187    i.HAL_DAC_ConvHalfCpltCallbackCh1  main.o
    0x080008ec   0x00000002   Code   RO         2045    i.HAL_DAC_ErrorCallbackCh1  stm32f0xx_hal_dac.o
    0x080008ee   0x0000002a   Code   RO         2050    i.HAL_DAC_Init      stm32f0xx_hal_dac.o
    0x08000918   0x00000098   Code   RO          300    i.HAL_DAC_MspInit   stm32f0xx_hal_msp.o
    0x080009b0   0x00000042   Code   RO         2866    i.HAL_DAC_Start     stm32f0xx_hal_dac_ex.o
    0x080009f2   0x00000002   PAD
    0x080009f4   0x000000a4   Code   RO         2867    i.HAL_DAC_Start_DMA  stm32f0xx_hal_dac_ex.o
    0x08000a98   0x00000016   Code   RO         2056    i.HAL_DAC_Stop      stm32f0xx_hal_dac.o
    0x08000aae   0x00000044   Code   RO         2057    i.HAL_DAC_Stop_DMA  stm32f0xx_hal_dac.o
    0x08000af2   0x0000002c   Code   RO          615    i.HAL_DMA_Abort     stm32f0xx_hal_dma.o
    0x08000b1e   0x00000048   Code   RO          616    i.HAL_DMA_Abort_IT  stm32f0xx_hal_dma.o
    0x08000b66   0x0000009c   Code   RO          620    i.HAL_DMA_IRQHandler  stm32f0xx_hal_dma.o
    0x08000c02   0x00000002   PAD
    0x08000c04   0x00000058   Code   RO          621    i.HAL_DMA_Init      stm32f0xx_hal_dma.o
    0x08000c5c   0x0000006a   Code   RO          625    i.HAL_DMA_Start_IT  stm32f0xx_hal_dma.o
    0x08000cc6   0x00000002   PAD
    0x08000cc8   0x00000148   Code   RO         2799    i.HAL_GPIO_Init     stm32f0xx_hal_gpio.o
    0x08000e10   0x00000008   Code   RO         2802    i.HAL_GPIO_TogglePin  stm32f0xx_hal_gpio.o
    0x08000e18   0x0000000c   Code   RO         2803    i.HAL_GPIO_WritePin  stm32f0xx_hal_gpio.o
    0x08000e24   0x0000000c   Code   RO          409    i.HAL_GetTick       stm32f0xx_hal.o
    0x08000e30   0x00000010   Code   RO          413    i.HAL_IncTick       stm32f0xx_hal.o
    0x08000e40   0x00000020   Code   RO          414    i.HAL_Init          stm32f0xx_hal.o
    0x08000e60   0x00000022   Code   RO          415    i.HAL_InitTick      stm32f0xx_hal.o
    0x08000e82   0x00000002   PAD
    0x08000e84   0x00000038   Code   RO          301    i.HAL_MspInit       stm32f0xx_hal_msp.o
    0x08000ebc   0x00000014   Code   RO         3023    i.HAL_NVIC_EnableIRQ  stm32f0xx_hal_cortex.o
    0x08000ed0   0x00000008   Code   RO         3027    i.HAL_NVIC_SetPriority  stm32f0xx_hal_cortex.o
    0x08000ed8   0x0000012c   Code   RO         2930    i.HAL_RCC_ClockConfig  stm32f0xx_hal_rcc.o
    0x08001004   0x0000000c   Code   RO         2935    i.HAL_RCC_GetHCLKFreq  stm32f0xx_hal_rcc.o
    0x08001010   0x00000078   Code   RO         2938    i.HAL_RCC_GetSysClockFreq  stm32f0xx_hal_rcc.o
    0x08001088   0x00000354   Code   RO         2941    i.HAL_RCC_OscConfig  stm32f0xx_hal_rcc.o
    0x080013dc   0x00000002   Code   RO         2169    i.HAL_SPI_ErrorCallback  stm32f0xx_hal_spi.o
    0x080013de   0x00000002   PAD
    0x080013e0   0x000000d4   Code   RO         2172    i.HAL_SPI_IRQHandler  stm32f0xx_hal_spi.o
    0x080014b4   0x000000b8   Code   RO         2173    i.HAL_SPI_Init      stm32f0xx_hal_spi.o
    0x0800156c   0x00000058   Code   RO          303    i.HAL_SPI_MspInit   stm32f0xx_hal_msp.o
    0x080015c4   0x00000018   Code   RO         3029    i.HAL_SYSTICK_CLKSourceConfig  stm32f0xx_hal_cortex.o
    0x080015dc   0x00000002   Code   RO         3030    i.HAL_SYSTICK_Callback  stm32f0xx_hal_cortex.o
    0x080015de   0x00000002   PAD
    0x080015e0   0x00000030   Code   RO         3031    i.HAL_SYSTICK_Config  stm32f0xx_hal_cortex.o
    0x08001610   0x00000008   Code   RO         3032    i.HAL_SYSTICK_IRQHandler  stm32f0xx_hal_cortex.o
    0x08001618   0x00000002   Code   RO         2505    i.HAL_TIMEx_BreakCallback  stm32f0xx_hal_tim_ex.o
    0x0800161a   0x00000002   Code   RO         2506    i.HAL_TIMEx_CommutationCallback  stm32f0xx_hal_tim_ex.o
    0x0800161c   0x00000048   Code   RO         2522    i.HAL_TIMEx_MasterConfigSynchronization  stm32f0xx_hal_tim_ex.o
    0x08001664   0x00000034   Code   RO         1403    i.HAL_TIM_Base_Init  stm32f0xx_hal_tim.o
    0x08001698   0x00000034   Code   RO          305    i.HAL_TIM_Base_MspInit  stm32f0xx_hal_msp.o
    0x080016cc   0x00000018   Code   RO         1406    i.HAL_TIM_Base_Start  stm32f0xx_hal_tim.o
    0x080016e4   0x00000030   Code   RO         1409    i.HAL_TIM_Base_Stop  stm32f0xx_hal_tim.o
    0x08001714   0x000000ee   Code   RO         1412    i.HAL_TIM_ConfigClockSource  stm32f0xx_hal_tim.o
    0x08001802   0x00000002   Code   RO         1434    i.HAL_TIM_IC_CaptureCallback  stm32f0xx_hal_tim.o
    0x08001804   0x00000162   Code   RO         1447    i.HAL_TIM_IRQHandler  stm32f0xx_hal_tim.o
    0x08001966   0x00000002   Code   RO         1450    i.HAL_TIM_OC_DelayElapsedCallback  stm32f0xx_hal_tim.o
    0x08001968   0x00000002   Code   RO         1477    i.HAL_TIM_PWM_PulseFinishedCallback  stm32f0xx_hal_tim.o
    0x0800196a   0x00000002   Code   RO         1484    i.HAL_TIM_PeriodElapsedCallback  stm32f0xx_hal_tim.o
    0x0800196c   0x00000002   Code   RO         1488    i.HAL_TIM_TriggerCallback  stm32f0xx_hal_tim.o
    0x0800196e   0x00000002   Code   RO           13    i.HardFault_Handler  stm32f0xx_it.o
    0x08001970   0x0000005c   Code   RO          188    i.MX_ADC_Init       main.o
    0x080019cc   0x00000084   Code   RO          189    i.MX_GPIO_Init      main.o
    0x08001a50   0x0000005c   Code   RO          190    i.MX_TIM2_Init      main.o
    0x08001aac   0x00000002   Code   RO           14    i.NMI_Handler       stm32f0xx_it.o
    0x08001aae   0x00000002   PAD
    0x08001ab0   0x00000044   Code   RO         3033    i.NVIC_SetPriority  stm32f0xx_hal_cortex.o
    0x08001af4   0x00000002   Code   RO           15    i.PendSV_Handler    stm32f0xx_it.o
    0x08001af6   0x00000002   PAD
    0x08001af8   0x00000010   Code   RO           16    i.SPI2_IRQHandler   stm32f0xx_it.o
    0x08001b08   0x00000012   Code   RO         2200    i.SPI_DMAAbortOnError  stm32f0xx_hal_spi.o
    0x08001b1a   0x00000002   Code   RO           17    i.SVC_Handler       stm32f0xx_it.o
    0x08001b1c   0x0000000c   Code   RO           18    i.SysTick_Handler   stm32f0xx_it.o
    0x08001b28   0x0000006c   Code   RO          191    i.SystemClock_Config  main.o
    0x08001b94   0x0000005c   Code   RO          367    i.SystemInit        system_stm32f0xx.o
    0x08001bf0   0x00000010   Code   RO           19    i.TIM2_IRQHandler   stm32f0xx_it.o
    0x08001c00   0x00000094   Code   RO         1489    i.TIM_Base_SetConfig  stm32f0xx_hal_tim.o
    0x08001c94   0x00000016   Code   RO         1496    i.TIM_ETR_SetConfig  stm32f0xx_hal_tim.o
    0x08001caa   0x00000010   Code   RO         1497    i.TIM_ITRx_SetConfig  stm32f0xx_hal_tim.o
    0x08001cba   0x00000022   Code   RO         1503    i.TIM_TI1_ConfigInputStage  stm32f0xx_hal_tim.o
    0x08001cdc   0x00000026   Code   RO         1505    i.TIM_TI2_ConfigInputStage  stm32f0xx_hal_tim.o
    0x08001d02   0x00000002   PAD
    0x08001d04   0x0000017c   Code   RO         3314    i.TM_EXTI_Attach    tm_stm32_exti.o
    0x08001e80   0x000000fc   Code   RO          192    i.TM_EXTI_Handler   main.o
    0x08001f7c   0x00000012   Code   RO         3369    i.TM_GPIO_GetPinSource  tm_stm32_gpio.o
    0x08001f8e   0x00000006   Code   RO         3370    i.TM_GPIO_GetPortSource  tm_stm32_gpio.o
    0x08001f94   0x0000001c   Code   RO         3373    i.TM_GPIO_INT_EnableClock  tm_stm32_gpio.o
    0x08001fb0   0x00000088   Code   RO         3374    i.TM_GPIO_INT_Init  tm_stm32_gpio.o
    0x08002038   0x00000026   Code   RO         3375    i.TM_GPIO_Init      tm_stm32_gpio.o
    0x0800205e   0x00000056   Code   RO         3376    i.TM_GPIO_InitAlternate  tm_stm32_gpio.o
    0x080020b4   0x0000000c   Code   RO         3480    i.TM_NRF24L01_Clear_Interrupts  tm_stm32_nrf24l01.o
    0x080020c0   0x0000003c   Code   RO         3482    i.TM_NRF24L01_GetData  tm_stm32_nrf24l01.o
    0x080020fc   0x00000020   Code   RO         3484    i.TM_NRF24L01_GetStatus  tm_stm32_nrf24l01.o
    0x0800211c   0x000000b4   Code   RO         3486    i.TM_NRF24L01_Init  tm_stm32_nrf24l01.o
    0x080021d0   0x00000032   Code   RO         3487    i.TM_NRF24L01_InitPins  tm_stm32_nrf24l01.o
    0x08002202   0x00000018   Code   RO         3489    i.TM_NRF24L01_PowerDown  tm_stm32_nrf24l01.o
    0x0800221a   0x00000002   PAD
    0x0800221c   0x00000038   Code   RO         3490    i.TM_NRF24L01_PowerUpRx  tm_stm32_nrf24l01.o
    0x08002254   0x00000010   Code   RO         3491    i.TM_NRF24L01_PowerUpTx  tm_stm32_nrf24l01.o
    0x08002264   0x0000002c   Code   RO         3492    i.TM_NRF24L01_ReSetChAndPow  tm_stm32_nrf24l01.o
    0x08002290   0x0000002c   Code   RO         3494    i.TM_NRF24L01_ReadRegister  tm_stm32_nrf24l01.o
    0x080022bc   0x0000000c   Code   RO         3496    i.TM_NRF24L01_Read_Interrupts  tm_stm32_nrf24l01.o
    0x080022c8   0x00000020   Code   RO         3498    i.TM_NRF24L01_SetChannel  tm_stm32_nrf24l01.o
    0x080022e8   0x0000001e   Code   RO         3499    i.TM_NRF24L01_SetMyAddress  tm_stm32_nrf24l01.o
    0x08002306   0x00000002   PAD
    0x08002308   0x00000048   Code   RO         3500    i.TM_NRF24L01_SetRF  tm_stm32_nrf24l01.o
    0x08002350   0x0000001a   Code   RO         3501    i.TM_NRF24L01_SetTxAddress  tm_stm32_nrf24l01.o
    0x0800236a   0x00000102   Code   RO         3502    i.TM_NRF24L01_SoftwareReset  tm_stm32_nrf24l01.o
    0x0800246c   0x00000026   Code   RO         3508    i.TM_NRF24L01_WriteBit  tm_stm32_nrf24l01.o
    0x08002492   0x00000002   PAD
    0x08002494   0x00000030   Code   RO         3509    i.TM_NRF24L01_WriteRegister  tm_stm32_nrf24l01.o
    0x080024c4   0x00000034   Code   RO         3510    i.TM_NRF24L01_WriteRegisterMulti  tm_stm32_nrf24l01.o
    0x080024f8   0x00000048   Code   RO         3716    i.TM_SPI1_INT_InitPins  tm_stm32_spi.o
    0x08002540   0x00000060   Code   RO         3717    i.TM_SPI2_INT_InitPins  tm_stm32_spi.o
    0x080025a0   0x00000038   Code   RO         3719    i.TM_SPI_Init       tm_stm32_spi.o
    0x080025d8   0x00000002   Code   RO         3720    i.TM_SPI_InitCustomPinsCallback  tm_stm32_spi.o
    0x080025da   0x0000002a   Code   RO         3511    i.TM_SPI_Send       tm_stm32_nrf24l01.o
    0x08002604   0x00000034   Code   RO         3725    i.TM_SPI_SendMulti  tm_stm32_spi.o
    0x08002638   0x0000002e   Code   RO         3728    i.TM_SPI_WriteMulti  tm_stm32_spi.o
    0x08002666   0x00000002   PAD
    0x08002668   0x000000c0   Code   RO         3730    i.TM_SPIx_Init      tm_stm32_spi.o
    0x08002728   0x00000002   Code   RO          193    i._Error_Handler    main.o
    0x0800272a   0x0000000e   Code   RO         3844    i.__scatterload_copy  mc_p.l(handlers.o)
    0x08002738   0x00000002   Code   RO         3845    i.__scatterload_null  mc_p.l(handlers.o)
    0x0800273a   0x0000000e   Code   RO         3846    i.__scatterload_zeroinit  mc_p.l(handlers.o)
    0x08002748   0x0000010c   Code   RO          194    i.main              main.o
    0x08002854   0x00000054   Code   RO          195    i.process_buffer    main.o
    0x080028a8   0x00000054   Code   RO          196    i.test_battery      main.o
    0x080028fc   0x00000010   Data   RO          368    .constdata          system_stm32f0xx.o
    0x0800290c   0x00000020   Data   RO         3842    Region$$Table       anon$$obj.o


    Execution Region RW_IRAM1 (Base: 0x20000000, Size: 0x00000620, Max: 0x00002000, ABSOLUTE)

    Base Addr    Size         Type   Attr      Idx    E Section Name        Object

    0x20000000   0x0000002a   Data   RW          200    .data               main.o
    0x2000002a   0x00000002   PAD
    0x2000002c   0x00000004   Data   RW          370    .data               system_stm32f0xx.o
    0x20000030   0x00000004   Data   RW          420    .data               stm32f0xx_hal.o
    0x20000034   0x00000004   Data   RW         3513    .data               tm_stm32_nrf24l01.o
    0x20000038   0x00000120   Zero   RW          197    .bss                main.o
    0x20000158   0x00000044   Zero   RW          198    .bss                main.o
    0x2000019c   0x00000064   Zero   RW          199    .bss                main.o
    0x20000200   0x0000001a   Zero   RW         3383    .bss                tm_stm32_gpio.o
    0x2000021a   0x00000006   PAD
    0x20000220   0x00000400   Zero   RW            1    STACK               startup_stm32f051x8.o


==============================================================================

Image component sizes


      Code (inc. data)   RO Data    RW Data    ZI Data      Debug   Object Name

      1190        112          0         42        456      14848   main.o
        28          8        188          0       1024        640   startup_stm32f051x8.o
        94         18          0          4          0       3115   stm32f0xx_hal.o
      1338         44          0          0          0       7893   stm32f0xx_hal_adc.o
       178         28          0          0          0      10595   stm32f0xx_hal_cortex.o
       134          0          0          0          0       2972   stm32f0xx_hal_dac.o
       332         14          0          0          0       4612   stm32f0xx_hal_dac_ex.o
       542         14          0          0          0       5450   stm32f0xx_hal_dma.o
       348         26          0          0          0       2857   stm32f0xx_hal_gpio.o
       384         78          0          0          0       3347   stm32f0xx_hal_msp.o
      1284         82          0          0          0       4490   stm32f0xx_hal_rcc.o
       416          4          0          0          0       3356   stm32f0xx_hal_spi.o
       984         30          0          0          0      10622   stm32f0xx_hal_tim.o
        76          0          0          0          0       2354   stm32f0xx_hal_tim_ex.o
        68         18          0          0          0     313072   stm32f0xx_it.o
        92         14         16          4          0       1167   system_stm32f0xx.o
       656         30          0          0          0       3173   tm_stm32_exti.o
       312         10          0          0         26       4625   tm_stm32_gpio.o
      1128         60          0          4          0      18838   tm_stm32_nrf24l01.o
       516         46          0          0          0       4811   tm_stm32_spi.o

    ----------------------------------------------------------------------
     10134        636        236         56       1512     422837   Object Totals
         0          0         32          0          0          0   (incl. Generated)
        34          0          0          2          6          0   (incl. Padding)

    ----------------------------------------------------------------------

      Code (inc. data)   RO Data    RW Data    ZI Data      Debug   Library Member Name

         0          0          0          0          0          0   entry.o
         0          0          0          0          0          0   entry10a.o
         0          0          0          0          0          0   entry11a.o
         8          4          0          0          0          0   entry2.o
         4          0          0          0          0          0   entry5.o
         0          0          0          0          0          0   entry7b.o
         0          0          0          0          0          0   entry8b.o
         8          4          0          0          0          0   entry9a.o
        30          0          0          0          0          0   handlers.o
        40          0          0          0          0         72   idiv.o
        36          8          0          0          0         68   init.o
        44          0          0          0          0         72   uidiv.o

    ----------------------------------------------------------------------
       170         16          0          0          0        212   Library Totals
         0          0          0          0          0          0   (incl. Padding)

    ----------------------------------------------------------------------

      Code (inc. data)   RO Data    RW Data    ZI Data      Debug   Library Name

       170         16          0          0          0        212   mc_p.l

    ----------------------------------------------------------------------
       170         16          0          0          0        212   Library Totals

    ----------------------------------------------------------------------

==============================================================================


      Code (inc. data)   RO Data    RW Data    ZI Data      Debug   

     10304        652        236         56       1512     417789   Grand Totals
     10304        652        236         56       1512     417789   ELF Image Totals
     10304        652        236         56          0          0   ROM Totals

==============================================================================

    Total RO  Size (Code + RO Data)                10540 (  10.29kB)
    Total RW  Size (RW Data + ZI Data)              1568 (   1.53kB)
    Total ROM Size (Code + RO Data + RW Data)      10596 (  10.35kB)

==============================================================================

