<html>
<body>
<pre>
<h1>µVision Build Log</h1>
<h2>Tool Versions:</h2>
IDE-Version: µVision V5.20.0.0
Copyright (C) 2016 ARM Ltd and ARM Germany GmbH. All rights reserved.
License Information: Alexandr Neuimin, Kpi, LIC=0VRHL-0K5P0-WJS6K-ZW24K-N10V9-81PG7
 
Tool Versions:
Toolchain:       MDK-ARM Professional  Version: 5.20
Toolchain Path:  C:\Keil_v5\ARM\ARMCC\Bin
C Compiler:      Armcc.exe V5.06 update 2 (build 183)
Assembler:       Armasm.exe V5.06 update 2 (build 183)
Linker/Locator:  ArmLink.exe V5.06 update 2 (build 183)
Library Manager: ArmAr.exe V5.06 update 2 (build 183)
Hex Converter:   FromElf.exe V5.06 update 2 (build 183)
CPU DLL:         SARMCM3.DLL V5.20
Dialog DLL:      DCM.DLL V1.13.7.0
Target DLL:      STLink\ST-LINKIII-KEIL_SWO.dll V2.0.18.0
Dialog DLL:      TCM.DLL V1.14.9.0
 
<h2>Project:</h2>
D:\D\WorkSpace\Audio_ForGitHub\Programs_rx_tx\TX_Program_CubeMX\MDK-ARM\DMA_ADC_timer_TX_new_board.uvprojx
Project File Date:  12/25/2017

<h2>Output:</h2>
*** Using Compiler 'V5.06 update 2 (build 183)', folder: 'C:\Keil_v5\ARM\ARMCC\Bin'
Build target 'DMA_ADC_timer_TX_new_board'
compiling main.c...
..\..\TM\tm_stm32_nrf24l01.h(356): warning:  #1295-D: Deprecated declaration delay - give arg types
   void delay ();
..\..\TM\tm_stm32_nrf24l01.h(357): warning:  #1295-D: Deprecated declaration MY_GPIO_SPI_Init - give arg types
   void MY_GPIO_SPI_Init();
..\..\TM\tm_stm32_nrf24l01_2mod.h(357): warning:  #1295-D: Deprecated declaration delay_2 - give arg types
   void delay_2 ();
../Src/main.c(405): warning:  #177-D: function "MX_SPI1_Init" was declared but never referenced
  static void MX_SPI1_Init(void)
../Src/main.c(429): warning:  #177-D: function "MX_SPI3_Init" was declared but never referenced
  static void MX_SPI3_Init(void)
../Src/main.c: 5 warnings, 0 errors
linking...
Program Size: Code=13448 RO-data=468 RW-data=64 ZI-data=1888  
"DMA_ADC_timer_TX_new_board\DMA_ADC_timer_TX_new_board.axf" - 0 Error(s), 5 Warning(s).

<h2>Software Packages used:</h2>

Package Vendor: ARM
                http://www.keil.com/pack/ARM.CMSIS.4.5.0.pack
                ARM::CMSIS:CORE:4.3.0
                CMSIS (Cortex Microcontroller Software Interface Standard)
   * Component: CORE Version: 4.3.0

<h2>Collection of Component include folders:</h2>
  D:\D\WorkSpace\Audio_ForGitHub\Programs_rx_tx\TX_Program_CubeMX\MDK-ARM\RTE
  C:\Keil_v5\ARM\PACK\ARM\CMSIS\4.5.0\CMSIS\Include
  C:\Keil_v5\ARM\PACK\Keil\STM32F4xx_DFP\2.9.0\Drivers\CMSIS\Device\ST\STM32F4xx\Include

<h2>Collection of Component Files used:</h2>

   * Component: ARM::CMSIS:CORE:4.3.0
Build Time Elapsed:  00:00:14
</pre>
</body>
</html>
