Component: ARM Compiler 5.06 update 2 (build 183) Tool: armlink [4d35b7]

==============================================================================

Section Cross References

    startup_stm32f405xx.o(RESET) refers to startup_stm32f405xx.o(STACK) for __initial_sp
    startup_stm32f405xx.o(RESET) refers to startup_stm32f405xx.o(.text) for Reset_Handler
    startup_stm32f405xx.o(RESET) refers to stm32f4xx_it.o(i.NMI_Handler) for NMI_Handler
    startup_stm32f405xx.o(RESET) refers to stm32f4xx_it.o(i.HardFault_Handler) for HardFault_Handler
    startup_stm32f405xx.o(RESET) refers to stm32f4xx_it.o(i.MemManage_Handler) for MemManage_Handler
    startup_stm32f405xx.o(RESET) refers to stm32f4xx_it.o(i.BusFault_Handler) for BusFault_Handler
    startup_stm32f405xx.o(RESET) refers to stm32f4xx_it.o(i.UsageFault_Handler) for UsageFault_Handler
    startup_stm32f405xx.o(RESET) refers to stm32f4xx_it.o(i.SVC_Handler) for SVC_Handler
    startup_stm32f405xx.o(RESET) refers to stm32f4xx_it.o(i.DebugMon_Handler) for DebugMon_Handler
    startup_stm32f405xx.o(RESET) refers to stm32f4xx_it.o(i.PendSV_Handler) for PendSV_Handler
    startup_stm32f405xx.o(RESET) refers to stm32f4xx_it.o(i.SysTick_Handler) for SysTick_Handler
    startup_stm32f405xx.o(RESET) refers to tm_stm32_dma.o(i.DMA1_Stream0_IRQHandler) for DMA1_Stream0_IRQHandler
    startup_stm32f405xx.o(RESET) refers to tm_stm32_dma.o(i.DMA1_Stream1_IRQHandler) for DMA1_Stream1_IRQHandler
    startup_stm32f405xx.o(RESET) refers to tm_stm32_dma.o(i.DMA1_Stream2_IRQHandler) for DMA1_Stream2_IRQHandler
    startup_stm32f405xx.o(RESET) refers to tm_stm32_dma.o(i.DMA1_Stream3_IRQHandler) for DMA1_Stream3_IRQHandler
    startup_stm32f405xx.o(RESET) refers to tm_stm32_dma.o(i.DMA1_Stream4_IRQHandler) for DMA1_Stream4_IRQHandler
    startup_stm32f405xx.o(RESET) refers to tm_stm32_dma.o(i.DMA1_Stream5_IRQHandler) for DMA1_Stream5_IRQHandler
    startup_stm32f405xx.o(RESET) refers to tm_stm32_dma.o(i.DMA1_Stream6_IRQHandler) for DMA1_Stream6_IRQHandler
    startup_stm32f405xx.o(RESET) refers to stm32f4xx_it.o(i.ADC_IRQHandler) for ADC_IRQHandler
    startup_stm32f405xx.o(RESET) refers to stm32f4xx_it.o(i.EXTI9_5_IRQHandler) for EXTI9_5_IRQHandler
    startup_stm32f405xx.o(RESET) refers to stm32f4xx_it.o(i.TIM3_IRQHandler) for TIM3_IRQHandler
    startup_stm32f405xx.o(RESET) refers to tm_stm32_dma.o(i.DMA1_Stream7_IRQHandler) for DMA1_Stream7_IRQHandler
    startup_stm32f405xx.o(RESET) refers to stm32f4xx_it.o(i.DMA2_Stream0_IRQHandler) for DMA2_Stream0_IRQHandler
    startup_stm32f405xx.o(RESET) refers to tm_stm32_dma.o(i.DMA2_Stream1_IRQHandler) for DMA2_Stream1_IRQHandler
    startup_stm32f405xx.o(RESET) refers to stm32f4xx_it.o(i.DMA2_Stream2_IRQHandler) for DMA2_Stream2_IRQHandler
    startup_stm32f405xx.o(RESET) refers to tm_stm32_dma.o(i.DMA2_Stream3_IRQHandler) for DMA2_Stream3_IRQHandler
    startup_stm32f405xx.o(RESET) refers to tm_stm32_dma.o(i.DMA2_Stream4_IRQHandler) for DMA2_Stream4_IRQHandler
    startup_stm32f405xx.o(RESET) refers to tm_stm32_dma.o(i.DMA2_Stream5_IRQHandler) for DMA2_Stream5_IRQHandler
    startup_stm32f405xx.o(RESET) refers to tm_stm32_dma.o(i.DMA2_Stream6_IRQHandler) for DMA2_Stream6_IRQHandler
    startup_stm32f405xx.o(RESET) refers to tm_stm32_dma.o(i.DMA2_Stream7_IRQHandler) for DMA2_Stream7_IRQHandler
    startup_stm32f405xx.o(.text) refers to system_stm32f4xx.o(i.SystemInit) for SystemInit
    startup_stm32f405xx.o(.text) refers to entry.o(.ARM.Collect$$$$00000000) for __main
    system_stm32f4xx.o(i.SystemCoreClockUpdate) refers to system_stm32f4xx.o(.data) for .data
    system_stm32f4xx.o(i.SystemCoreClockUpdate) refers to system_stm32f4xx.o(.constdata) for .constdata
    stm32f4xx_hal_msp.o(i.HAL_ADC_MspDeInit) refers to stm32f4xx_hal_gpio.o(i.HAL_GPIO_DeInit) for HAL_GPIO_DeInit
    stm32f4xx_hal_msp.o(i.HAL_ADC_MspDeInit) refers to stm32f4xx_hal_dma.o(i.HAL_DMA_DeInit) for HAL_DMA_DeInit
    stm32f4xx_hal_msp.o(i.HAL_ADC_MspInit) refers to stm32f4xx_hal_gpio.o(i.HAL_GPIO_Init) for HAL_GPIO_Init
    stm32f4xx_hal_msp.o(i.HAL_ADC_MspInit) refers to stm32f4xx_hal_dma.o(i.HAL_DMA_Init) for HAL_DMA_Init
    stm32f4xx_hal_msp.o(i.HAL_ADC_MspInit) refers to stm32f4xx_hal_cortex.o(i.HAL_NVIC_SetPriority) for HAL_NVIC_SetPriority
    stm32f4xx_hal_msp.o(i.HAL_ADC_MspInit) refers to stm32f4xx_hal_cortex.o(i.HAL_NVIC_EnableIRQ) for HAL_NVIC_EnableIRQ
    stm32f4xx_hal_msp.o(i.HAL_ADC_MspInit) refers to main.o(i._Error_Handler) for _Error_Handler
    stm32f4xx_hal_msp.o(i.HAL_ADC_MspInit) refers to main.o(.bss) for hdma_adc1
    stm32f4xx_hal_msp.o(i.HAL_ADC_MspInit) refers to main.o(.bss) for hdma_adc2
    stm32f4xx_hal_msp.o(i.HAL_MspInit) refers to stm32f4xx_hal_cortex.o(i.HAL_NVIC_SetPriorityGrouping) for HAL_NVIC_SetPriorityGrouping
    stm32f4xx_hal_msp.o(i.HAL_MspInit) refers to stm32f4xx_hal_cortex.o(i.HAL_NVIC_SetPriority) for HAL_NVIC_SetPriority
[...]
    ../clib/microlib/malloc/malloc.c         0x00000000   Number         0  mallocr.o ABSOLUTE
    ../clib/microlib/malloc/malloc.c         0x00000000   Number         0  malloc.o ABSOLUTE
    ../clib/microlib/malloc/mvars.c          0x00000000   Number         0  mvars.o ABSOLUTE
    ../clib/microlib/printf/printf.c         0x00000000   Number         0  printf4.o ABSOLUTE
    ../clib/microlib/printf/printf.c         0x00000000   Number         0  printf3.o ABSOLUTE
    ../clib/microlib/printf/printf.c         0x00000000   Number         0  printf2.o ABSOLUTE
    ../clib/microlib/printf/printf.c         0x00000000   Number         0  printf1.o ABSOLUTE
    ../clib/microlib/printf/printf.c         0x00000000   Number         0  printf0.o ABSOLUTE
    ../clib/microlib/printf/printf.c         0x00000000   Number         0  printfb.o ABSOLUTE
    ../clib/microlib/printf/printf.c         0x00000000   Number         0  printfa.o ABSOLUTE
    ../clib/microlib/printf/printf.c         0x00000000   Number         0  printf8.o ABSOLUTE
    ../clib/microlib/printf/printf.c         0x00000000   Number         0  printf7.o ABSOLUTE
    ../clib/microlib/printf/printf.c         0x00000000   Number         0  printf6.o ABSOLUTE
    ../clib/microlib/printf/printf.c         0x00000000   Number         0  printf5.o ABSOLUTE
    ../clib/microlib/printf/stubs.s          0x00000000   Number         0  stubs.o ABSOLUTE
    ../clib/microlib/stdio/fputc.c           0x00000000   Number         0  fputc.o ABSOLUTE
    ../clib/microlib/stdio/semi.s            0x00000000   Number         0  semi.o ABSOLUTE
    ../clib/microlib/stdio/streams.c         0x00000000   Number         0  stdout.o ABSOLUTE
    ../clib/microlib/string/memcpy.c         0x00000000   Number         0  memcpya.o ABSOLUTE
    ../clib/microlib/string/memcpy.c         0x00000000   Number         0  memcpyb.o ABSOLUTE
    ../clib/microlib/stubs.s                 0x00000000   Number         0  iusesemip.o ABSOLUTE
    ../clib/microlib/stubs.s                 0x00000000   Number         0  iusefp.o ABSOLUTE
    ../fplib/microlib/fpadd.c                0x00000000   Number         0  dadd.o ABSOLUTE
    ../fplib/microlib/fpdiv.c                0x00000000   Number         0  ddiv.o ABSOLUTE
    ../fplib/microlib/fpepilogue.c           0x00000000   Number         0  depilogue.o ABSOLUTE
    ../fplib/microlib/fpfix.c                0x00000000   Number         0  dfixul.o ABSOLUTE
    ../fplib/microlib/fpmul.c                0x00000000   Number         0  dmul.o ABSOLUTE
    ..\..\TM\tm_stm32_delay.c                0x00000000   Number         0  tm_stm32_delay.o ABSOLUTE
    ..\..\TM\tm_stm32_dma.c                  0x00000000   Number         0  tm_stm32_dma.o ABSOLUTE
    ..\..\TM\tm_stm32_gpio.c                 0x00000000   Number         0  tm_stm32_gpio.o ABSOLUTE
    ..\..\TM\tm_stm32_hd44780.c              0x00000000   Number         0  tm_stm32_hd44780.o ABSOLUTE
    ..\..\TM\tm_stm32_nrf24l01.c             0x00000000   Number         0  tm_stm32_nrf24l01.o ABSOLUTE
    ..\..\TM\tm_stm32_nrf24l01_2mod.c        0x00000000   Number         0  tm_stm32_nrf24l01_2mod.o ABSOLUTE
    ..\..\TM\tm_stm32_rcc.c                  0x00000000   Number         0  tm_stm32_rcc.o ABSOLUTE
    ..\..\TM\tm_stm32_spi.c                  0x00000000   Number         0  tm_stm32_spi.o ABSOLUTE
    ..\Drivers\STM32F4xx_HAL_Driver\Src\stm32f4xx_hal.c 0x00000000   Number         0  stm32f4xx_hal.o ABSOLUTE
    ..\Drivers\STM32F4xx_HAL_Driver\Src\stm32f4xx_hal_adc.c 0x00000000   Number         0  stm32f4xx_hal_adc.o ABSOLUTE
    ..\Drivers\STM32F4xx_HAL_Driver\Src\stm32f4xx_hal_adc_ex.c 0x00000000   Number         0  stm32f4xx_hal_adc_ex.o ABSOLUTE
    ..\Drivers\STM32F4xx_HAL_Driver\Src\stm32f4xx_hal_cortex.c 0x00000000   Number         0  stm32f4xx_hal_cortex.o ABSOLUTE
    ..\Drivers\STM32F4xx_HAL_Driver\Src\stm32f4xx_hal_dma.c 0x00000000   Number         0  stm32f4xx_hal_dma.o ABSOLUTE
    ..\Drivers\STM32F4xx_HAL_Driver\Src\stm32f4xx_hal_dma_ex.c 0x00000000   Number         0  stm32f4xx_hal_dma_ex.o ABSOLUTE
    ..\Drivers\STM32F4xx_HAL_Driver\Src\stm32f4xx_hal_flash.c 0x00000000   Number         0  stm32f4xx_hal_flash.o ABSOLUTE
    ..\Drivers\STM32F4xx_HAL_Driver\Src\stm32f4xx_hal_flash_ex.c 0x00000000   Number         0  stm32f4xx_hal_flash_ex.o ABSOLUTE
    ..\Drivers\STM32F4xx_HAL_Driver\Src\stm32f4xx_hal_flash_ramfunc.c 0x00000000   Number         0  stm32f4xx_hal_flash_ramfunc.o ABSOLUTE
    ..\Drivers\STM32F4xx_HAL_Driver\Src\stm32f4xx_hal_gpio.c 0x00000000   Number         0  stm32f4xx_hal_gpio.o ABSOLUTE
    ..\Drivers\STM32F4xx_HAL_Driver\Src\stm32f4xx_hal_pwr.c 0x00000000   Number         0  stm32f4xx_hal_pwr.o ABSOLUTE
    ..\Drivers\STM32F4xx_HAL_Driver\Src\stm32f4xx_hal_pwr_ex.c 0x00000000   Number         0  stm32f4xx_hal_pwr_ex.o ABSOLUTE
    ..\Drivers\STM32F4xx_HAL_Driver\Src\stm32f4xx_hal_rcc.c 0x00000000   Number         0  stm32f4xx_hal_rcc.o ABSOLUTE
    ..\Drivers\STM32F4xx_HAL_Driver\Src\stm32f4xx_hal_rcc_ex.c 0x00000000   Number         0  stm32f4xx_hal_rcc_ex.o ABSOLUTE
    ..\Drivers\STM32F4xx_HAL_Driver\Src\stm32f4xx_hal_spi.c 0x00000000   Number         0  stm32f4xx_hal_spi.o ABSOLUTE
    ..\Drivers\STM32F4xx_HAL_Driver\Src\stm32f4xx_hal_tim.c 0x00000000   Number         0  stm32f4xx_hal_tim.o ABSOLUTE
    ..\Drivers\STM32F4xx_HAL_Driver\Src\stm32f4xx_hal_tim_ex.c 0x00000000   Number         0  stm32f4xx_hal_tim_ex.o ABSOLUTE
    ..\Src\main.c                            0x00000000   Number         0  main.o ABSOLUTE
    ..\Src\stm32f4xx_hal_msp.c               0x00000000   Number         0  stm32f4xx_hal_msp.o ABSOLUTE
    ..\Src\stm32f4xx_it.c                    0x00000000   Number         0  stm32f4xx_it.o ABSOLUTE
    ..\Src\system_stm32f4xx.c                0x00000000   Number         0  system_stm32f4xx.o ABSOLUTE
    ..\\..\\TM\\tm_stm32_delay.c             0x00000000   Number         0  tm_stm32_delay.o ABSOLUTE
    ..\\..\\TM\\tm_stm32_dma.c               0x00000000   Number         0  tm_stm32_dma.o ABSOLUTE
    ..\\..\\TM\\tm_stm32_gpio.c              0x00000000   Number         0  tm_stm32_gpio.o ABSOLUTE
    ..\\..\\TM\\tm_stm32_hd44780.c           0x00000000   Number         0  tm_stm32_hd44780.o ABSOLUTE
    ..\\..\\TM\\tm_stm32_nrf24l01.c          0x00000000   Number         0  tm_stm32_nrf24l01.o ABSOLUTE
    ..\\..\\TM\\tm_stm32_nrf24l01_2mod.c     0x00000000   Number         0  tm_stm32_nrf24l01_2mod.o ABSOLUTE
    ..\\..\\TM\\tm_stm32_rcc.c               0x00000000   Number         0  tm_stm32_rcc.o ABSOLUTE
    ..\\..\\TM\\tm_stm32_spi.c               0x00000000   Number         0  tm_stm32_spi.o ABSOLUTE
    cdrcmple.s                               0x00000000   Number         0  cdrcmple.o ABSOLUTE
    dc.s                                     0x00000000   Number         0  dc.o ABSOLUTE
    handlers.s                               0x00000000   Number         0  handlers.o ABSOLUTE
    init.s                                   0x00000000   Number         0  init.o ABSOLUTE
    startup_stm32f405xx.s                    0x00000000   Number         0  startup_stm32f405xx.o ABSOLUTE
    RESET                                    0x08000000   Section      392  startup_stm32f405xx.o(RESET)
    .ARM.Collect$$$$00000000                 0x08000188   Section        0  entry.o(.ARM.Collect$$$$00000000)
    .ARM.Collect$$$$00000001                 0x08000188   Section        4  entry2.o(.ARM.Collect$$$$00000001)
    .ARM.Collect$$$$00000004                 0x0800018c   Section        4  entry5.o(.ARM.Collect$$$$00000004)
    .ARM.Collect$$$$00000008                 0x08000190   Section        0  entry7b.o(.ARM.Collect$$$$00000008)
    .ARM.Collect$$$$0000000A                 0x08000190   Section        0  entry8b.o(.ARM.Collect$$$$0000000A)
    .ARM.Collect$$$$0000000B                 0x08000190   Section        8  entry9a.o(.ARM.Collect$$$$0000000B)
    .ARM.Collect$$$$0000000D                 0x08000198   Section        0  entry10a.o(.ARM.Collect$$$$0000000D)
    .ARM.Collect$$$$0000000F                 0x08000198   Section        0  entry11a.o(.ARM.Collect$$$$0000000F)
    .ARM.Collect$$$$00002712                 0x08000198   Section        4  entry2.o(.ARM.Collect$$$$00002712)
    __lit__00000000                          0x08000198   Data           4  entry2.o(.ARM.Collect$$$$00002712)
    .text                                    0x0800019c   Section       36  startup_stm32f405xx.o(.text)
    $v0                                      0x0800019c   Number         0  startup_stm32f405xx.o(.text)
    .text                                    0x080001c0   Section        0  uidiv.o(.text)
    .text                                    0x080001ec   Section       36  init.o(.text)
    i.ADC_DMAConvCplt                        0x08000210   Section        0  stm32f4xx_hal_adc.o(i.ADC_DMAConvCplt)
    ADC_DMAConvCplt                          0x08000211   Thumb Code    98  stm32f4xx_hal_adc.o(i.ADC_DMAConvCplt)
    i.ADC_DMAError                           0x08000272   Section        0  stm32f4xx_hal_adc.o(i.ADC_DMAError)
    ADC_DMAError                             0x08000273   Thumb Code    22  stm32f4xx_hal_adc.o(i.ADC_DMAError)
    i.ADC_DMAHalfConvCplt                    0x08000288   Section        0  stm32f4xx_hal_adc.o(i.ADC_DMAHalfConvCplt)
    ADC_DMAHalfConvCplt                      0x08000289   Thumb Code    10  stm32f4xx_hal_adc.o(i.ADC_DMAHalfConvCplt)
    i.ADC_IRQHandler                         0x08000294   Section        0  stm32f4xx_it.o(i.ADC_IRQHandler)
    i.ADC_Init                               0x080002b0   Section        0  stm32f4xx_hal_adc.o(i.ADC_Init)
    ADC_Init                                 0x080002b1   Thumb Code   292  stm32f4xx_hal_adc.o(i.ADC_Init)
    i.BusFault_Handler                       0x080003dc   Section        0  stm32f4xx_it.o(i.BusFault_Handler)
    i.DMA1_Stream0_IRQHandler                0x080003e0   Section        0  tm_stm32_dma.o(i.DMA1_Stream0_IRQHandler)
    i.DMA1_Stream1_IRQHandler                0x080003ec   Section        0  tm_stm32_dma.o(i.DMA1_Stream1_IRQHandler)
    i.DMA1_Stream2_IRQHandler                0x080003f8   Section        0  tm_stm32_dma.o(i.DMA1_Stream2_IRQHandler)
    i.DMA1_Stream3_IRQHandler                0x08000404   Section        0  tm_stm32_dma.o(i.DMA1_Stream3_IRQHandler)
    i.DMA1_Stream4_IRQHandler                0x08000410   Section        0  tm_stm32_dma.o(i.DMA1_Stream4_IRQHandler)
    i.DMA1_Stream5_IRQHandler                0x0800041c   Section        0  tm_stm32_dma.o(i.DMA1_Stream5_IRQHandler)
    i.DMA1_Stream6_IRQHandler                0x08000428   Section        0  tm_stm32_dma.o(i.DMA1_Stream6_IRQHandler)
    i.DMA1_Stream7_IRQHandler                0x08000434   Section        0  tm_stm32_dma.o(i.DMA1_Stream7_IRQHandler)
    i.DMA2_Stream0_IRQHandler                0x08000440   Section        0  stm32f4xx_it.o(i.DMA2_Stream0_IRQHandler)
    i.DMA2_Stream1_IRQHandler                0x0800044c   Section        0  tm_stm32_dma.o(i.DMA2_Stream1_IRQHandler)
    i.DMA2_Stream2_IRQHandler                0x08000458   Section        0  stm32f4xx_it.o(i.DMA2_Stream2_IRQHandler)
    i.DMA2_Stream3_IRQHandler                0x08000464   Section        0  tm_stm32_dma.o(i.DMA2_Stream3_IRQHandler)
    i.DMA2_Stream4_IRQHandler                0x08000470   Section        0  tm_stm32_dma.o(i.DMA2_Stream4_IRQHandler)
    i.DMA2_Stream5_IRQHandler                0x0800047c   Section        0  tm_stm32_dma.o(i.DMA2_Stream5_IRQHandler)
    i.DMA2_Stream6_IRQHandler                0x08000488   Section        0  tm_stm32_dma.o(i.DMA2_Stream6_IRQHandler)
    i.DMA2_Stream7_IRQHandler                0x08000494   Section        0  tm_stm32_dma.o(i.DMA2_Stream7_IRQHandler)
    i.DMA_CalcBaseAndBitshift                0x080004a0   Section        0  stm32f4xx_hal_dma.o(i.DMA_CalcBaseAndBitshift)
    DMA_CalcBaseAndBitshift                  0x080004a1   Thumb Code    34  stm32f4xx_hal_dma.o(i.DMA_CalcBaseAndBitshift)
    i.DMA_CheckFifoParam                     0x080004c8   Section        0  stm32f4xx_hal_dma.o(i.DMA_CheckFifoParam)
    DMA_CheckFifoParam                       0x080004c9   Thumb Code    84  stm32f4xx_hal_dma.o(i.DMA_CheckFifoParam)
    i.DMA_SetConfig                          0x0800051c   Section        0  stm32f4xx_hal_dma.o(i.DMA_SetConfig)
    DMA_SetConfig                            0x0800051d   Thumb Code    40  stm32f4xx_hal_dma.o(i.DMA_SetConfig)
    i.DebugMon_Handler                       0x08000544   Section        0  stm32f4xx_it.o(i.DebugMon_Handler)
    i.Delay                                  0x08000548   Section        0  tm_stm32_hd44780.o(i.Delay)
    Delay                                    0x08000549   Thumb Code    34  tm_stm32_hd44780.o(i.Delay)
    i.EXTI9_5_IRQHandler                     0x08000574   Section        0  stm32f4xx_it.o(i.EXTI9_5_IRQHandler)
    i.HAL_ADCEx_InjectedConvCpltCallback     0x08000590   Section        0  stm32f4xx_hal_adc_ex.o(i.HAL_ADCEx_InjectedConvCpltCallback)
    i.HAL_ADC_ConfigChannel                  0x08000594   Section        0  stm32f4xx_hal_adc.o(i.HAL_ADC_ConfigChannel)
    i.HAL_ADC_ConvCpltCallback               0x080006e0   Section        0  main.o(i.HAL_ADC_ConvCpltCallback)
    i.HAL_ADC_ConvHalfCpltCallback           0x08000708   Section        0  main.o(i.HAL_ADC_ConvHalfCpltCallback)
    i.HAL_ADC_ErrorCallback                  0x0800072c   Section        0  stm32f4xx_hal_adc.o(i.HAL_ADC_ErrorCallback)
    i.HAL_ADC_IRQHandler                     0x0800072e   Section        0  stm32f4xx_hal_adc.o(i.HAL_ADC_IRQHandler)
    i.HAL_ADC_Init                           0x0800086a   Section        0  stm32f4xx_hal_adc.o(i.HAL_ADC_Init)
    i.HAL_ADC_LevelOutOfWindowCallback       0x080008be   Section        0  stm32f4xx_hal_adc.o(i.HAL_ADC_LevelOutOfWindowCallback)
    i.HAL_ADC_MspInit                        0x080008c0   Section        0  stm32f4xx_hal_msp.o(i.HAL_ADC_MspInit)
    i.HAL_ADC_Start_DMA                      0x080009e8   Section        0  stm32f4xx_hal_adc.o(i.HAL_ADC_Start_DMA)
    i.HAL_ADC_Stop_DMA                       0x08000ae8   Section        0  stm32f4xx_hal_adc.o(i.HAL_ADC_Stop_DMA)
    i.HAL_DMA_Abort                          0x08000b40   Section        0  stm32f4xx_hal_dma.o(i.HAL_DMA_Abort)
    i.HAL_DMA_IRQHandler                     0x08000bd0   Section        0  stm32f4xx_hal_dma.o(i.HAL_DMA_IRQHandler)
    i.HAL_DMA_Init                           0x08000d78   Section        0  stm32f4xx_hal_dma.o(i.HAL_DMA_Init)
    i.HAL_DMA_Start_IT                       0x08000e4c   Section        0  stm32f4xx_hal_dma.o(i.HAL_DMA_Start_IT)
    i.HAL_GPIO_EXTI_Callback                 0x08000ec4   Section        0  main.o(i.HAL_GPIO_EXTI_Callback)
    i.HAL_GPIO_EXTI_IRQHandler               0x08000fe8   Section        0  stm32f4xx_hal_gpio.o(i.HAL_GPIO_EXTI_IRQHandler)
    i.HAL_GPIO_Init                          0x08001000   Section        0  stm32f4xx_hal_gpio.o(i.HAL_GPIO_Init)
    i.HAL_GPIO_WritePin                      0x080011b0   Section        0  stm32f4xx_hal_gpio.o(i.HAL_GPIO_WritePin)
    i.HAL_GetTick                            0x080011bc   Section        0  tm_stm32_delay.o(i.HAL_GetTick)
    i.HAL_IncTick                            0x080011c8   Section        0  tm_stm32_delay.o(i.HAL_IncTick)
    i.HAL_Init                               0x08001230   Section        0  stm32f4xx_hal.o(i.HAL_Init)
    i.HAL_InitTick                           0x08001264   Section        0  stm32f4xx_hal.o(i.HAL_InitTick)
    i.HAL_MspInit                            0x0800128c   Section        0  stm32f4xx_hal_msp.o(i.HAL_MspInit)
    i.HAL_NVIC_EnableIRQ                     0x080012e4   Section        0  stm32f4xx_hal_cortex.o(i.HAL_NVIC_EnableIRQ)
    i.HAL_NVIC_SetPriority                   0x080012fc   Section        0  stm32f4xx_hal_cortex.o(i.HAL_NVIC_SetPriority)
    i.HAL_NVIC_SetPriorityGrouping           0x0800133c   Section        0  stm32f4xx_hal_cortex.o(i.HAL_NVIC_SetPriorityGrouping)
    i.HAL_RCC_ClockConfig                    0x08001360   Section        0  stm32f4xx_hal_rcc.o(i.HAL_RCC_ClockConfig)
    i.HAL_RCC_GetHCLKFreq                    0x080014dc   Section        0  stm32f4xx_hal_rcc.o(i.HAL_RCC_GetHCLKFreq)
    i.HAL_RCC_GetSysClockFreq                0x080014e8   Section        0  stm32f4xx_hal_rcc.o(i.HAL_RCC_GetSysClockFreq)
    i.HAL_RCC_OscConfig                      0x08001558   Section        0  stm32f4xx_hal_rcc.o(i.HAL_RCC_OscConfig)
    i.HAL_SPI_Init                           0x0800186c   Section        0  stm32f4xx_hal_spi.o(i.HAL_SPI_Init)
    i.HAL_SPI_MspInit                        0x080018ec   Section        0  stm32f4xx_hal_msp.o(i.HAL_SPI_MspInit)
    i.HAL_SYSTICK_CLKSourceConfig            0x08001970   Section        0  stm32f4xx_hal_cortex.o(i.HAL_SYSTICK_CLKSourceConfig)
    i.HAL_SYSTICK_Callback                   0x08001988   Section        0  stm32f4xx_hal_cortex.o(i.HAL_SYSTICK_Callback)
    i.HAL_SYSTICK_Config                     0x0800198a   Section        0  stm32f4xx_hal_cortex.o(i.HAL_SYSTICK_Config)
    i.HAL_SYSTICK_IRQHandler                 0x080019b2   Section        0  stm32f4xx_hal_cortex.o(i.HAL_SYSTICK_IRQHandler)
    i.HAL_TIMEx_BreakCallback                0x080019ba   Section        0  stm32f4xx_hal_tim_ex.o(i.HAL_TIMEx_BreakCallback)
    i.HAL_TIMEx_CommutationCallback          0x080019bc   Section        0  stm32f4xx_hal_tim_ex.o(i.HAL_TIMEx_CommutationCallback)
    i.HAL_TIMEx_MasterConfigSynchronization  0x080019be   Section        0  stm32f4xx_hal_tim_ex.o(i.HAL_TIMEx_MasterConfigSynchronization)
    i.HAL_TIM_Base_Init                      0x08001a0e   Section        0  stm32f4xx_hal_tim.o(i.HAL_TIM_Base_Init)
    i.HAL_TIM_Base_MspInit                   0x08001a44   Section        0  stm32f4xx_hal_msp.o(i.HAL_TIM_Base_MspInit)
    i.HAL_TIM_Base_Start                     0x08001a94   Section        0  stm32f4xx_hal_tim.o(i.HAL_TIM_Base_Start)
    i.HAL_TIM_Base_Stop                      0x08001aae   Section        0  stm32f4xx_hal_tim.o(i.HAL_TIM_Base_Stop)
    i.HAL_TIM_ConfigClockSource              0x08001ada   Section        0  stm32f4xx_hal_tim.o(i.HAL_TIM_ConfigClockSource)
    i.HAL_TIM_IC_CaptureCallback             0x08001bcc   Section        0  stm32f4xx_hal_tim.o(i.HAL_TIM_IC_CaptureCallback)
    i.HAL_TIM_IRQHandler                     0x08001bce   Section        0  stm32f4xx_hal_tim.o(i.HAL_TIM_IRQHandler)
    i.HAL_TIM_OC_DelayElapsedCallback        0x08001d34   Section        0  stm32f4xx_hal_tim.o(i.HAL_TIM_OC_DelayElapsedCallback)
    i.HAL_TIM_PWM_PulseFinishedCallback      0x08001d36   Section        0  stm32f4xx_hal_tim.o(i.HAL_TIM_PWM_PulseFinishedCallback)
    i.HAL_TIM_PeriodElapsedCallback          0x08001d38   Section        0  stm32f4xx_hal_tim.o(i.HAL_TIM_PeriodElapsedCallback)
    i.HAL_TIM_TriggerCallback                0x08001d3a   Section        0  stm32f4xx_hal_tim.o(i.HAL_TIM_TriggerCallback)
    i.HardFault_Handler                      0x08001d3c   Section        0  stm32f4xx_it.o(i.HardFault_Handler)
    i.Lprocess_buffer                        0x08001d40   Section        0  main.o(i.Lprocess_buffer)
    i.MX_ADC1_Init                           0x08001d98   Section        0  main.o(i.MX_ADC1_Init)
    MX_ADC1_Init                             0x08001d99   Thumb Code    74  main.o(i.MX_ADC1_Init)
    i.MX_ADC2_Init                           0x08001dec   Section        0  main.o(i.MX_ADC2_Init)
    MX_ADC2_Init                             0x08001ded   Thumb Code    78  main.o(i.MX_ADC2_Init)
    i.MX_GPIO_Init                           0x08001e44   Section        0  main.o(i.MX_GPIO_Init)
    MX_GPIO_Init                             0x08001e45   Thumb Code   164  main.o(i.MX_GPIO_Init)
    i.MX_TIM2_Init                           0x08001efc   Section        0  main.o(i.MX_TIM2_Init)
    MX_TIM2_Init                             0x08001efd   Thumb Code    78  main.o(i.MX_TIM2_Init)
    i.MX_TIM3_Init                           0x08001f50   Section        0  main.o(i.MX_TIM3_Init)
    MX_TIM3_Init                             0x08001f51   Thumb Code    76  main.o(i.MX_TIM3_Init)
    i.MemManage_Handler                      0x08001fa4   Section        0  stm32f4xx_it.o(i.MemManage_Handler)
    i.NMI_Handler                            0x08001fa6   Section        0  stm32f4xx_it.o(i.NMI_Handler)
    i.NVIC_SetPriority                       0x08001fa8   Section        0  stm32f4xx_hal_cortex.o(i.NVIC_SetPriority)
    NVIC_SetPriority                         0x08001fa9   Thumb Code    32  stm32f4xx_hal_cortex.o(i.NVIC_SetPriority)
    i.PendSV_Handler                         0x08001fc8   Section        0  stm32f4xx_it.o(i.PendSV_Handler)
    i.Rprocess_buffer                        0x08001fcc   Section        0  main.o(i.Rprocess_buffer)
    i.SVC_Handler                            0x08002024   Section        0  stm32f4xx_it.o(i.SVC_Handler)
    i.SysTick_Handler                        0x08002026   Section        0  stm32f4xx_it.o(i.SysTick_Handler)
    i.SystemClock_Config                     0x08002034   Section        0  main.o(i.SystemClock_Config)
    i.SystemInit                             0x080020d0   Section        0  system_stm32f4xx.o(i.SystemInit)
    i.TIM3_IRQHandler                        0x08002124   Section        0  stm32f4xx_it.o(i.TIM3_IRQHandler)
    i.TIM_Base_SetConfig                     0x08002130   Section        0  stm32f4xx_hal_tim.o(i.TIM_Base_SetConfig)
    i.TIM_ETR_SetConfig                      0x080021f0   Section        0  stm32f4xx_hal_tim.o(i.TIM_ETR_SetConfig)
    TIM_ETR_SetConfig                        0x080021f1   Thumb Code    20  stm32f4xx_hal_tim.o(i.TIM_ETR_SetConfig)
    i.TIM_ITRx_SetConfig                     0x08002204   Section        0  stm32f4xx_hal_tim.o(i.TIM_ITRx_SetConfig)
    TIM_ITRx_SetConfig                       0x08002205   Thumb Code    16  stm32f4xx_hal_tim.o(i.TIM_ITRx_SetConfig)
    i.TIM_TI1_ConfigInputStage               0x08002214   Section        0  stm32f4xx_hal_tim.o(i.TIM_TI1_ConfigInputStage)
    TIM_TI1_ConfigInputStage                 0x08002215   Thumb Code    34  stm32f4xx_hal_tim.o(i.TIM_TI1_ConfigInputStage)
    i.TIM_TI2_ConfigInputStage               0x08002236   Section        0  stm32f4xx_hal_tim.o(i.TIM_TI2_ConfigInputStage)
    TIM_TI2_ConfigInputStage                 0x08002237   Thumb Code    36  stm32f4xx_hal_tim.o(i.TIM_TI2_ConfigInputStage)
    i.TM_DELAY_1msHandler                    0x0800225a   Section        0  tm_stm32_delay.o(i.TM_DELAY_1msHandler)
    i.TM_DELAY_Init                          0x0800225c   Section        0  tm_stm32_delay.o(i.TM_DELAY_Init)
    i.TM_DMA_ClearFlag                       0x08002298   Section        0  tm_stm32_dma.o(i.TM_DMA_ClearFlag)
    i.TM_DMA_DirectModeErrorHandler          0x080022dc   Section        0  tm_stm32_dma.o(i.TM_DMA_DirectModeErrorHandler)
    i.TM_DMA_FIFOErrorHandler                0x080022de   Section        0  tm_stm32_dma.o(i.TM_DMA_FIFOErrorHandler)
    i.TM_DMA_GetFlags                        0x080022e0   Section        0  tm_stm32_dma.o(i.TM_DMA_GetFlags)
    i.TM_DMA_HalfTransferCompleteHandler     0x08002324   Section        0  tm_stm32_dma.o(i.TM_DMA_HalfTransferCompleteHandler)
    i.TM_DMA_INT_ProcessInterrupt            0x08002326   Section        0  tm_stm32_dma.o(i.TM_DMA_INT_ProcessInterrupt)
    TM_DMA_INT_ProcessInterrupt              0x08002327   Thumb Code   102  tm_stm32_dma.o(i.TM_DMA_INT_ProcessInterrupt)
    i.TM_DMA_TransferCompleteHandler         0x0800238c   Section        0  tm_stm32_dma.o(i.TM_DMA_TransferCompleteHandler)
    i.TM_DMA_TransferErrorHandler            0x0800238e   Section        0  tm_stm32_dma.o(i.TM_DMA_TransferErrorHandler)
    i.TM_GPIO_GetPortSource                  0x08002390   Section        0  tm_stm32_gpio.o(i.TM_GPIO_GetPortSource)
    i.TM_GPIO_INT_EnableClock                0x080023a0   Section        0  tm_stm32_gpio.o(i.TM_GPIO_INT_EnableClock)
    i.TM_GPIO_INT_Init                       0x080023b8   Section        0  tm_stm32_gpio.o(i.TM_GPIO_INT_Init)
    i.TM_GPIO_Init                           0x08002458   Section        0  tm_stm32_gpio.o(i.TM_GPIO_Init)
    i.TM_GPIO_InitAlternate                  0x08002480   Section        0  tm_stm32_gpio.o(i.TM_GPIO_InitAlternate)
    i.TM_HD44780_Clear                       0x080024e0   Section        0  tm_stm32_hd44780.o(i.TM_HD44780_Clear)
    i.TM_HD44780_Cmd                         0x080024f4   Section        0  tm_stm32_hd44780.o(i.TM_HD44780_Cmd)
    TM_HD44780_Cmd                           0x080024f5   Thumb Code    30  tm_stm32_hd44780.o(i.TM_HD44780_Cmd)
    i.TM_HD44780_Cmd4bit                     0x08002518   Section        0  tm_stm32_hd44780.o(i.TM_HD44780_Cmd4bit)
    TM_HD44780_Cmd4bit                       0x08002519   Thumb Code    96  tm_stm32_hd44780.o(i.TM_HD44780_Cmd4bit)
    i.TM_HD44780_CursorSet                   0x0800257c   Section        0  tm_stm32_hd44780.o(i.TM_HD44780_CursorSet)
    TM_HD44780_CursorSet                     0x0800257d   Thumb Code    40  tm_stm32_hd44780.o(i.TM_HD44780_CursorSet)
    i.TM_HD44780_Data                        0x080025ac   Section        0  tm_stm32_hd44780.o(i.TM_HD44780_Data)
    TM_HD44780_Data                          0x080025ad   Thumb Code    30  tm_stm32_hd44780.o(i.TM_HD44780_Data)
    i.TM_HD44780_DisplayOn                   0x080025d0   Section        0  tm_stm32_hd44780.o(i.TM_HD44780_DisplayOn)
    i.TM_HD44780_Init                        0x080025e8   Section        0  tm_stm32_hd44780.o(i.TM_HD44780_Init)
    i.TM_HD44780_InitPins                    0x08002678   Section        0  tm_stm32_hd44780.o(i.TM_HD44780_InitPins)
    TM_HD44780_InitPins                      0x08002679   Thumb Code   132  tm_stm32_hd44780.o(i.TM_HD44780_InitPins)
    i.TM_HD44780_Puts                        0x08002700   Section        0  tm_stm32_hd44780.o(i.TM_HD44780_Puts)
    i.TM_NRF24L01_Clear_Interrupts           0x0800275c   Section        0  tm_stm32_nrf24l01.o(i.TM_NRF24L01_Clear_Interrupts)
    i.TM_NRF24L01_Clear_Interrupts_2         0x08002764   Section        0  tm_stm32_nrf24l01_2mod.o(i.TM_NRF24L01_Clear_Interrupts_2)
    i.TM_NRF24L01_Init                       0x0800276c   Section        0  tm_stm32_nrf24l01.o(i.TM_NRF24L01_Init)
    i.TM_NRF24L01_InitPins                   0x08002828   Section        0  tm_stm32_nrf24l01.o(i.TM_NRF24L01_InitPins)
    i.TM_NRF24L01_InitPins_2                 0x08002860   Section        0  tm_stm32_nrf24l01_2mod.o(i.TM_NRF24L01_InitPins_2)
    i.TM_NRF24L01_Init_2                     0x08002894   Section        0  tm_stm32_nrf24l01_2mod.o(i.TM_NRF24L01_Init_2)
    i.TM_NRF24L01_PowerDown                  0x08002950   Section        0  tm_stm32_nrf24l01.o(i.TM_NRF24L01_PowerDown)
    i.TM_NRF24L01_PowerDown_2                0x08002968   Section        0  tm_stm32_nrf24l01_2mod.o(i.TM_NRF24L01_PowerDown_2)
    i.TM_NRF24L01_PowerUpRx                  0x08002980   Section        0  tm_stm32_nrf24l01.o(i.TM_NRF24L01_PowerUpRx)
    i.TM_NRF24L01_PowerUpRx_2                0x080029b4   Section        0  tm_stm32_nrf24l01_2mod.o(i.TM_NRF24L01_PowerUpRx_2)
    i.TM_NRF24L01_PowerUpTx                  0x080029e8   Section        0  tm_stm32_nrf24l01.o(i.TM_NRF24L01_PowerUpTx)
    i.TM_NRF24L01_PowerUpTx_2                0x080029fa   Section        0  tm_stm32_nrf24l01_2mod.o(i.TM_NRF24L01_PowerUpTx_2)
    i.TM_NRF24L01_ReSetChAndPow              0x08002a0c   Section        0  tm_stm32_nrf24l01.o(i.TM_NRF24L01_ReSetChAndPow)
    i.TM_NRF24L01_ReSetChAndPow_2            0x08002a38   Section        0  tm_stm32_nrf24l01_2mod.o(i.TM_NRF24L01_ReSetChAndPow_2)
    i.TM_NRF24L01_ReadRegister               0x08002a64   Section        0  tm_stm32_nrf24l01.o(i.TM_NRF24L01_ReadRegister)
    i.TM_NRF24L01_ReadRegister_2             0x08002a90   Section        0  tm_stm32_nrf24l01_2mod.o(i.TM_NRF24L01_ReadRegister_2)
    i.TM_NRF24L01_SetChannel                 0x08002abc   Section        0  tm_stm32_nrf24l01.o(i.TM_NRF24L01_SetChannel)
    i.TM_NRF24L01_SetChannel_2               0x08002ad8   Section        0  tm_stm32_nrf24l01_2mod.o(i.TM_NRF24L01_SetChannel_2)
    i.TM_NRF24L01_SetMyAddress               0x08002af4   Section        0  tm_stm32_nrf24l01.o(i.TM_NRF24L01_SetMyAddress)
    i.TM_NRF24L01_SetMyAddress_2             0x08002b14   Section        0  tm_stm32_nrf24l01_2mod.o(i.TM_NRF24L01_SetMyAddress_2)
    i.TM_NRF24L01_SetRF                      0x08002b34   Section        0  tm_stm32_nrf24l01.o(i.TM_NRF24L01_SetRF)
    i.TM_NRF24L01_SetRF_2                    0x08002b78   Section        0  tm_stm32_nrf24l01_2mod.o(i.TM_NRF24L01_SetRF_2)
    i.TM_NRF24L01_SetTxAddress               0x08002bbc   Section        0  tm_stm32_nrf24l01.o(i.TM_NRF24L01_SetTxAddress)
    i.TM_NRF24L01_SetTxAddress_2             0x08002bd8   Section        0  tm_stm32_nrf24l01_2mod.o(i.TM_NRF24L01_SetTxAddress_2)
    i.TM_NRF24L01_SoftwareReset              0x08002bf4   Section        0  tm_stm32_nrf24l01.o(i.TM_NRF24L01_SoftwareReset)
    i.TM_NRF24L01_SoftwareReset_2            0x08002d0e   Section        0  tm_stm32_nrf24l01_2mod.o(i.TM_NRF24L01_SoftwareReset_2)
    i.TM_NRF24L01_Transmit                   0x08002e28   Section        0  tm_stm32_nrf24l01.o(i.TM_NRF24L01_Transmit)
    i.TM_NRF24L01_Transmit_2                 0x08002e80   Section        0  tm_stm32_nrf24l01_2mod.o(i.TM_NRF24L01_Transmit_2)
    i.TM_NRF24L01_WriteBit                   0x08002ed4   Section        0  tm_stm32_nrf24l01.o(i.TM_NRF24L01_WriteBit)
    i.TM_NRF24L01_WriteBit_2                 0x08002efa   Section        0  tm_stm32_nrf24l01_2mod.o(i.TM_NRF24L01_WriteBit_2)
    i.TM_NRF24L01_WriteRegister              0x08002f20   Section        0  tm_stm32_nrf24l01.o(i.TM_NRF24L01_WriteRegister)
    i.TM_NRF24L01_WriteRegisterMulti         0x08002f54   Section        0  tm_stm32_nrf24l01.o(i.TM_NRF24L01_WriteRegisterMulti)
    i.TM_NRF24L01_WriteRegisterMulti_2       0x08002f90   Section        0  tm_stm32_nrf24l01_2mod.o(i.TM_NRF24L01_WriteRegisterMulti_2)
    i.TM_NRF24L01_WriteRegister_2            0x08002fcc   Section        0  tm_stm32_nrf24l01_2mod.o(i.TM_NRF24L01_WriteRegister_2)
    i.TM_SPI1_INT_InitPins                   0x08003000   Section        0  tm_stm32_spi.o(i.TM_SPI1_INT_InitPins)
    i.TM_SPI2_INT_InitPins                   0x08003044   Section        0  tm_stm32_spi.o(i.TM_SPI2_INT_InitPins)
    i.TM_SPI3_INT_InitPins                   0x080030d4   Section        0  tm_stm32_spi.o(i.TM_SPI3_INT_InitPins)
    i.TM_SPI_Init                            0x0800311c   Section        0  tm_stm32_spi.o(i.TM_SPI_Init)
    i.TM_SPI_InitCustomPinsCallback          0x08003168   Section        0  tm_stm32_spi.o(i.TM_SPI_InitCustomPinsCallback)
    i.TM_SPI_Send                            0x0800316a   Section        0  tm_stm32_nrf24l01.o(i.TM_SPI_Send)
    TM_SPI_Send                              0x0800316b   Thumb Code    42  tm_stm32_nrf24l01.o(i.TM_SPI_Send)
    i.TM_SPI_Send                            0x08003194   Section        0  tm_stm32_nrf24l01_2mod.o(i.TM_SPI_Send)
    TM_SPI_Send                              0x08003195   Thumb Code    42  tm_stm32_nrf24l01_2mod.o(i.TM_SPI_Send)
    i.TM_SPI_WriteMulti                      0x080031be   Section        0  tm_stm32_spi.o(i.TM_SPI_WriteMulti)
    i.TM_SPIx_Init                           0x080031ec   Section        0  tm_stm32_spi.o(i.TM_SPIx_Init)
    TM_SPIx_Init                             0x080031ed   Thumb Code   218  tm_stm32_spi.o(i.TM_SPIx_Init)
    i.UsageFault_Handler                     0x080032d8   Section        0  stm32f4xx_it.o(i.UsageFault_Handler)
    i._Error_Handler                         0x080032da   Section        0  main.o(i._Error_Handler)
    i.__0sprintf$1                           0x080032dc   Section        0  printf1.o(i.__0sprintf$1)
    i.__scatterload_copy                     0x08003304   Section       14  handlers.o(i.__scatterload_copy)
    i.__scatterload_null                     0x08003312   Section        2  handlers.o(i.__scatterload_null)
    i.__scatterload_zeroinit                 0x08003314   Section       14  handlers.o(i.__scatterload_zeroinit)
    i._printf_core                           0x08003324   Section        0  printf1.o(i._printf_core)
    _printf_core                             0x08003325   Thumb Code   336  printf1.o(i._printf_core)
    i._sputc                                 0x08003478   Section        0  printf1.o(i._sputc)
    _sputc                                   0x08003479   Thumb Code    10  printf1.o(i._sputc)
    i.main                                   0x08003484   Section        0  main.o(i.main)
    .constdata                               0x08003610   Section       16  system_stm32f4xx.o(.constdata)
    .constdata                               0x08003620   Section        8  stm32f4xx_hal_dma.o(.constdata)
    flagBitshiftOffset                       0x08003620   Data           8  stm32f4xx_hal_dma.o(.constdata)
    .constdata                               0x08003628   Section       20  tm_stm32_dma.o(.constdata)
    DMA_Flags_Bit_Pos                        0x08003628   Data           4  tm_stm32_dma.o(.constdata)
    DMA_IRQs                                 0x0800362c   Data          16  tm_stm32_dma.o(.constdata)
    .data                                    0x20000000   Section        4  system_stm32f4xx.o(.data)
    .data                                    0x20000004   Section       36  main.o(.data)
    .data                                    0x20000028   Section        8  tm_stm32_delay.o(.data)
    .data                                    0x20000030   Section        7  tm_stm32_hd44780.o(.data)
    HD44780_Opts                             0x20000030   Data           7  tm_stm32_hd44780.o(.data)
    .data                                    0x20000037   Section        4  tm_stm32_nrf24l01.o(.data)
    TM_NRF24L01_Struct                       0x20000037   Data           4  tm_stm32_nrf24l01.o(.data)
    .data                                    0x2000003b   Section        4  tm_stm32_nrf24l01_2mod.o(.data)
    TM_NRF24L01_Struct                       0x2000003b   Data           4  tm_stm32_nrf24l01_2mod.o(.data)
    .bss                                     0x20000040   Section      620  main.o(.bss)
    .bss                                     0x200002ac   Section       96  main.o(.bss)
    .bss                                     0x2000030c   Section       96  main.o(.bss)
    .bss                                     0x2000036c   Section       24  tm_stm32_delay.o(.bss)
    CustomTimers                             0x2000036c   Data          24  tm_stm32_delay.o(.bss)
    .bss                                     0x20000384   Section       26  tm_stm32_gpio.o(.bss)
    GPIO_UsedPins                            0x20000384   Data          26  tm_stm32_gpio.o(.bss)
    STACK                                    0x200003a0   Section     1024  startup_stm32f405xx.o(STACK)

    Global Symbols

    Symbol Name                              Value     Ov Type        Size  Object(Section)

    BuildAttributes$$THM_ISAv4$E$P$D$K$B$S$7EM$VFPi3$EXTD16$VFPS$VFMA$PE$A:L22UL41UL21$X:L11$S22US41US21$IEEE1$IW$USESV6$~STKCKD$USESV7$~SHL$OSPACE$ROPI$EBA8$MICROLIB$REQ8$PRES8$EABIv2 0x00000000   Number         0  anon$$obj.o ABSOLUTE
    __ARM_use_no_argv                        0x00000000   Number         0  main.o ABSOLUTE
    _printf_a                                0x00000000   Number         0  stubs.o ABSOLUTE
    _printf_c                                0x00000000   Number         0  stubs.o ABSOLUTE
    _printf_charcount                        0x00000000   Number         0  stubs.o ABSOLUTE
    _printf_d                                0x00000000   Number         0  stubs.o ABSOLUTE
    _printf_e                                0x00000000   Number         0  stubs.o ABSOLUTE
    _printf_f                                0x00000000   Number         0  stubs.o ABSOLUTE
    _printf_flags                            0x00000000   Number         0  stubs.o ABSOLUTE
    _printf_fp_dec                           0x00000000   Number         0  stubs.o ABSOLUTE
    _printf_fp_hex                           0x00000000   Number         0  stubs.o ABSOLUTE
    _printf_g                                0x00000000   Number         0  stubs.o ABSOLUTE
    _printf_i                                0x00000000   Number         0  stubs.o ABSOLUTE
    _printf_int_dec                          0x00000000   Number         0  stubs.o ABSOLUTE
    _printf_l                                0x00000000   Number         0  stubs.o ABSOLUTE
    _printf_lc                               0x00000000   Number         0  stubs.o ABSOLUTE
    _printf_ll                               0x00000000   Number         0  stubs.o ABSOLUTE
    _printf_lld                              0x00000000   Number         0  stubs.o ABSOLUTE
    _printf_lli                              0x00000000   Number         0  stubs.o ABSOLUTE
    _printf_llo                              0x00000000   Number         0  stubs.o ABSOLUTE
    _printf_llu                              0x00000000   Number         0  stubs.o ABSOLUTE
    _printf_llx                              0x00000000   Number         0  stubs.o ABSOLUTE
    _printf_longlong_dec                     0x00000000   Number         0  stubs.o ABSOLUTE
    _printf_longlong_hex                     0x00000000   Number         0  stubs.o ABSOLUTE
    _printf_longlong_oct                     0x00000000   Number         0  stubs.o ABSOLUTE
    _printf_ls                               0x00000000   Number         0  stubs.o ABSOLUTE
    _printf_mbtowc                           0x00000000   Number         0  stubs.o ABSOLUTE
    _printf_n                                0x00000000   Number         0  stubs.o ABSOLUTE
    _printf_o                                0x00000000   Number         0  stubs.o ABSOLUTE
    _printf_p                                0x00000000   Number         0  stubs.o ABSOLUTE
    _printf_percent                          0x00000000   Number         0  stubs.o ABSOLUTE
    _printf_pre_padding                      0x00000000   Number         0  stubs.o ABSOLUTE
    _printf_return_value                     0x00000000   Number         0  stubs.o ABSOLUTE
    _printf_s                                0x00000000   Number         0  stubs.o ABSOLUTE
    _printf_sizespec                         0x00000000   Number         0  stubs.o ABSOLUTE
    _printf_str                              0x00000000   Number         0  stubs.o ABSOLUTE
    _printf_truncate_signed                  0x00000000   Number         0  stubs.o ABSOLUTE
    _printf_truncate_unsigned                0x00000000   Number         0  stubs.o ABSOLUTE
    _printf_u                                0x00000000   Number         0  stubs.o ABSOLUTE
    _printf_wc                               0x00000000   Number         0  stubs.o ABSOLUTE
    _printf_wctomb                           0x00000000   Number         0  stubs.o ABSOLUTE
    _printf_widthprec                        0x00000000   Number         0  stubs.o ABSOLUTE
    _printf_x                                0x00000000   Number         0  stubs.o ABSOLUTE
    __cpp_initialize__aeabi_                  - Undefined Weak Reference
    __cxa_finalize                            - Undefined Weak Reference
    __decompress                              - Undefined Weak Reference
    _clock_init                               - Undefined Weak Reference
    _microlib_exit                            - Undefined Weak Reference
    __Vectors_Size                           0x00000188   Number         0  startup_stm32f405xx.o ABSOLUTE
    __Vectors                                0x08000000   Data           4  startup_stm32f405xx.o(RESET)
    __Vectors_End                            0x08000188   Data           0  startup_stm32f405xx.o(RESET)
    __main                                   0x08000189   Thumb Code     0  entry.o(.ARM.Collect$$$$00000000)
    _main_stk                                0x08000189   Thumb Code     0  entry2.o(.ARM.Collect$$$$00000001)
    _main_scatterload                        0x0800018d   Thumb Code     0  entry5.o(.ARM.Collect$$$$00000004)
    __main_after_scatterload                 0x08000191   Thumb Code     0  entry5.o(.ARM.Collect$$$$00000004)
    _main_clock                              0x08000191   Thumb Code     0  entry7b.o(.ARM.Collect$$$$00000008)
    _main_cpp_init                           0x08000191   Thumb Code     0  entry8b.o(.ARM.Collect$$$$0000000A)
    _main_init                               0x08000191   Thumb Code     0  entry9a.o(.ARM.Collect$$$$0000000B)
    __rt_final_cpp                           0x08000199   Thumb Code     0  entry10a.o(.ARM.Collect$$$$0000000D)
    __rt_final_exit                          0x08000199   Thumb Code     0  entry11a.o(.ARM.Collect$$$$0000000F)
    Reset_Handler                            0x0800019d   Thumb Code     8  startup_stm32f405xx.o(.text)
    CAN1_RX0_IRQHandler                      0x080001b7   Thumb Code     0  startup_stm32f405xx.o(.text)
    CAN1_RX1_IRQHandler                      0x080001b7   Thumb Code     0  startup_stm32f405xx.o(.text)
    CAN1_SCE_IRQHandler                      0x080001b7   Thumb Code     0  startup_stm32f405xx.o(.text)
    CAN1_TX_IRQHandler                       0x080001b7   Thumb Code     0  startup_stm32f405xx.o(.text)
    CAN2_RX0_IRQHandler                      0x080001b7   Thumb Code     0  startup_stm32f405xx.o(.text)
    CAN2_RX1_IRQHandler                      0x080001b7   Thumb Code     0  startup_stm32f405xx.o(.text)
    CAN2_SCE_IRQHandler                      0x080001b7   Thumb Code     0  startup_stm32f405xx.o(.text)
    CAN2_TX_IRQHandler                       0x080001b7   Thumb Code     0  startup_stm32f405xx.o(.text)
    EXTI0_IRQHandler                         0x080001b7   Thumb Code     0  startup_stm32f405xx.o(.text)
    EXTI15_10_IRQHandler                     0x080001b7   Thumb Code     0  startup_stm32f405xx.o(.text)
    EXTI1_IRQHandler                         0x080001b7   Thumb Code     0  startup_stm32f405xx.o(.text)
    EXTI2_IRQHandler                         0x080001b7   Thumb Code     0  startup_stm32f405xx.o(.text)
    EXTI3_IRQHandler                         0x080001b7   Thumb Code     0  startup_stm32f405xx.o(.text)
    EXTI4_IRQHandler                         0x080001b7   Thumb Code     0  startup_stm32f405xx.o(.text)
    FLASH_IRQHandler                         0x080001b7   Thumb Code     0  startup_stm32f405xx.o(.text)
    FMC_IRQHandler                           0x080001b7   Thumb Code     0  startup_stm32f405xx.o(.text)
    FPU_IRQHandler                           0x080001b7   Thumb Code     0  startup_stm32f405xx.o(.text)
    HASH_RNG_IRQHandler                      0x080001b7   Thumb Code     0  startup_stm32f405xx.o(.text)
    I2C1_ER_IRQHandler                       0x080001b7   Thumb Code     0  startup_stm32f405xx.o(.text)
    I2C1_EV_IRQHandler                       0x080001b7   Thumb Code     0  startup_stm32f405xx.o(.text)
    I2C2_ER_IRQHandler                       0x080001b7   Thumb Code     0  startup_stm32f405xx.o(.text)
    I2C2_EV_IRQHandler                       0x080001b7   Thumb Code     0  startup_stm32f405xx.o(.text)
    I2C3_ER_IRQHandler                       0x080001b7   Thumb Code     0  startup_stm32f405xx.o(.text)
    I2C3_EV_IRQHandler                       0x080001b7   Thumb Code     0  startup_stm32f405xx.o(.text)
    OTG_FS_IRQHandler                        0x080001b7   Thumb Code     0  startup_stm32f405xx.o(.text)
    OTG_FS_WKUP_IRQHandler                   0x080001b7   Thumb Code     0  startup_stm32f405xx.o(.text)
    OTG_HS_EP1_IN_IRQHandler                 0x080001b7   Thumb Code     0  startup_stm32f405xx.o(.text)
    OTG_HS_EP1_OUT_IRQHandler                0x080001b7   Thumb Code     0  startup_stm32f405xx.o(.text)
    OTG_HS_IRQHandler                        0x080001b7   Thumb Code     0  startup_stm32f405xx.o(.text)
    OTG_HS_WKUP_IRQHandler                   0x080001b7   Thumb Code     0  startup_stm32f405xx.o(.text)
    PVD_IRQHandler                           0x080001b7   Thumb Code     0  startup_stm32f405xx.o(.text)
    RCC_IRQHandler                           0x080001b7   Thumb Code     0  startup_stm32f405xx.o(.text)
    RTC_Alarm_IRQHandler                     0x080001b7   Thumb Code     0  startup_stm32f405xx.o(.text)
    RTC_WKUP_IRQHandler                      0x080001b7   Thumb Code     0  startup_stm32f405xx.o(.text)
    SDIO_IRQHandler                          0x080001b7   Thumb Code     0  startup_stm32f405xx.o(.text)
    SPI1_IRQHandler                          0x080001b7   Thumb Code     0  startup_stm32f405xx.o(.text)
    SPI2_IRQHandler                          0x080001b7   Thumb Code     0  startup_stm32f405xx.o(.text)
    SPI3_IRQHandler                          0x080001b7   Thumb Code     0  startup_stm32f405xx.o(.text)
    TAMP_STAMP_IRQHandler                    0x080001b7   Thumb Code     0  startup_stm32f405xx.o(.text)
    TIM1_BRK_TIM9_IRQHandler                 0x080001b7   Thumb Code     0  startup_stm32f405xx.o(.text)
    TIM1_CC_IRQHandler                       0x080001b7   Thumb Code     0  startup_stm32f405xx.o(.text)
    TIM1_TRG_COM_TIM11_IRQHandler            0x080001b7   Thumb Code     0  startup_stm32f405xx.o(.text)
    TIM1_UP_TIM10_IRQHandler                 0x080001b7   Thumb Code     0  startup_stm32f405xx.o(.text)
    TIM2_IRQHandler                          0x080001b7   Thumb Code     0  startup_stm32f405xx.o(.text)
    TIM4_IRQHandler                          0x080001b7   Thumb Code     0  startup_stm32f405xx.o(.text)
    TIM5_IRQHandler                          0x080001b7   Thumb Code     0  startup_stm32f405xx.o(.text)
    TIM6_DAC_IRQHandler                      0x080001b7   Thumb Code     0  startup_stm32f405xx.o(.text)
    TIM7_IRQHandler                          0x080001b7   Thumb Code     0  startup_stm32f405xx.o(.text)
    TIM8_BRK_TIM12_IRQHandler                0x080001b7   Thumb Code     0  startup_stm32f405xx.o(.text)
    TIM8_CC_IRQHandler                       0x080001b7   Thumb Code     0  startup_stm32f405xx.o(.text)
    TIM8_TRG_COM_TIM14_IRQHandler            0x080001b7   Thumb Code     0  startup_stm32f405xx.o(.text)
    TIM8_UP_TIM13_IRQHandler                 0x080001b7   Thumb Code     0  startup_stm32f405xx.o(.text)
    UART4_IRQHandler                         0x080001b7   Thumb Code     0  startup_stm32f405xx.o(.text)
    UART5_IRQHandler                         0x080001b7   Thumb Code     0  startup_stm32f405xx.o(.text)
    USART1_IRQHandler                        0x080001b7   Thumb Code     0  startup_stm32f405xx.o(.text)
    USART2_IRQHandler                        0x080001b7   Thumb Code     0  startup_stm32f405xx.o(.text)
    USART3_IRQHandler                        0x080001b7   Thumb Code     0  startup_stm32f405xx.o(.text)
    USART6_IRQHandler                        0x080001b7   Thumb Code     0  startup_stm32f405xx.o(.text)
    WWDG_IRQHandler                          0x080001b7   Thumb Code     0  startup_stm32f405xx.o(.text)
    __aeabi_uidiv                            0x080001c1   Thumb Code     0  uidiv.o(.text)
    __aeabi_uidivmod                         0x080001c1   Thumb Code    44  uidiv.o(.text)
    __scatterload                            0x080001ed   Thumb Code    28  init.o(.text)
    __scatterload_rt2                        0x080001ed   Thumb Code     0  init.o(.text)
    ADC_IRQHandler                           0x08000295   Thumb Code    18  stm32f4xx_it.o(i.ADC_IRQHandler)
    BusFault_Handler                         0x080003dd   Thumb Code     2  stm32f4xx_it.o(i.BusFault_Handler)
    DMA1_Stream0_IRQHandler                  0x080003e1   Thumb Code     6  tm_stm32_dma.o(i.DMA1_Stream0_IRQHandler)
    DMA1_Stream1_IRQHandler                  0x080003ed   Thumb Code     6  tm_stm32_dma.o(i.DMA1_Stream1_IRQHandler)
    DMA1_Stream2_IRQHandler                  0x080003f9   Thumb Code     6  tm_stm32_dma.o(i.DMA1_Stream2_IRQHandler)
    DMA1_Stream3_IRQHandler                  0x08000405   Thumb Code     6  tm_stm32_dma.o(i.DMA1_Stream3_IRQHandler)
    DMA1_Stream4_IRQHandler                  0x08000411   Thumb Code     6  tm_stm32_dma.o(i.DMA1_Stream4_IRQHandler)
    DMA1_Stream5_IRQHandler                  0x0800041d   Thumb Code     6  tm_stm32_dma.o(i.DMA1_Stream5_IRQHandler)
    DMA1_Stream6_IRQHandler                  0x08000429   Thumb Code     6  tm_stm32_dma.o(i.DMA1_Stream6_IRQHandler)
    DMA1_Stream7_IRQHandler                  0x08000435   Thumb Code     6  tm_stm32_dma.o(i.DMA1_Stream7_IRQHandler)
    DMA2_Stream0_IRQHandler                  0x08000441   Thumb Code     6  stm32f4xx_it.o(i.DMA2_Stream0_IRQHandler)
    DMA2_Stream1_IRQHandler                  0x0800044d   Thumb Code     6  tm_stm32_dma.o(i.DMA2_Stream1_IRQHandler)
    DMA2_Stream2_IRQHandler                  0x08000459   Thumb Code     6  stm32f4xx_it.o(i.DMA2_Stream2_IRQHandler)
    DMA2_Stream3_IRQHandler                  0x08000465   Thumb Code     6  tm_stm32_dma.o(i.DMA2_Stream3_IRQHandler)
    DMA2_Stream4_IRQHandler                  0x08000471   Thumb Code     6  tm_stm32_dma.o(i.DMA2_Stream4_IRQHandler)
    DMA2_Stream5_IRQHandler                  0x0800047d   Thumb Code     6  tm_stm32_dma.o(i.DMA2_Stream5_IRQHandler)
    DMA2_Stream6_IRQHandler                  0x08000489   Thumb Code     6  tm_stm32_dma.o(i.DMA2_Stream6_IRQHandler)
    DMA2_Stream7_IRQHandler                  0x08000495   Thumb Code     6  tm_stm32_dma.o(i.DMA2_Stream7_IRQHandler)
    DebugMon_Handler                         0x08000545   Thumb Code     2  stm32f4xx_it.o(i.DebugMon_Handler)
    EXTI9_5_IRQHandler                       0x08000575   Thumb Code    28  stm32f4xx_it.o(i.EXTI9_5_IRQHandler)
    HAL_ADCEx_InjectedConvCpltCallback       0x08000591   Thumb Code     2  stm32f4xx_hal_adc_ex.o(i.HAL_ADCEx_InjectedConvCpltCallback)
    HAL_ADC_ConfigChannel                    0x08000595   Thumb Code   316  stm32f4xx_hal_adc.o(i.HAL_ADC_ConfigChannel)
    HAL_ADC_ConvCpltCallback                 0x080006e1   Thumb Code    32  main.o(i.HAL_ADC_ConvCpltCallback)
    HAL_ADC_ConvHalfCpltCallback             0x08000709   Thumb Code    28  main.o(i.HAL_ADC_ConvHalfCpltCallback)
    HAL_ADC_ErrorCallback                    0x0800072d   Thumb Code     2  stm32f4xx_hal_adc.o(i.HAL_ADC_ErrorCallback)
    HAL_ADC_IRQHandler                       0x0800072f   Thumb Code   316  stm32f4xx_hal_adc.o(i.HAL_ADC_IRQHandler)
    HAL_ADC_Init                             0x0800086b   Thumb Code    84  stm32f4xx_hal_adc.o(i.HAL_ADC_Init)
    HAL_ADC_LevelOutOfWindowCallback         0x080008bf   Thumb Code     2  stm32f4xx_hal_adc.o(i.HAL_ADC_LevelOutOfWindowCallback)
    HAL_ADC_MspInit                          0x080008c1   Thumb Code   234  stm32f4xx_hal_msp.o(i.HAL_ADC_MspInit)
    HAL_ADC_Start_DMA                        0x080009e9   Thumb Code   228  stm32f4xx_hal_adc.o(i.HAL_ADC_Start_DMA)
    HAL_ADC_Stop_DMA                         0x08000ae9   Thumb Code    88  stm32f4xx_hal_adc.o(i.HAL_ADC_Stop_DMA)
    HAL_DMA_Abort                            0x08000b41   Thumb Code   142  stm32f4xx_hal_dma.o(i.HAL_DMA_Abort)
    HAL_DMA_IRQHandler                       0x08000bd1   Thumb Code   414  stm32f4xx_hal_dma.o(i.HAL_DMA_IRQHandler)
    HAL_DMA_Init                             0x08000d79   Thumb Code   206  stm32f4xx_hal_dma.o(i.HAL_DMA_Init)
    HAL_DMA_Start_IT                         0x08000e4d   Thumb Code   120  stm32f4xx_hal_dma.o(i.HAL_DMA_Start_IT)
    HAL_GPIO_EXTI_Callback                   0x08000ec5   Thumb Code   252  main.o(i.HAL_GPIO_EXTI_Callback)
    HAL_GPIO_EXTI_IRQHandler                 0x08000fe9   Thumb Code    18  stm32f4xx_hal_gpio.o(i.HAL_GPIO_EXTI_IRQHandler)
    HAL_GPIO_Init                            0x08001001   Thumb Code   388  stm32f4xx_hal_gpio.o(i.HAL_GPIO_Init)
    HAL_GPIO_WritePin                        0x080011b1   Thumb Code    10  stm32f4xx_hal_gpio.o(i.HAL_GPIO_WritePin)
    HAL_GetTick                              0x080011bd   Thumb Code     6  tm_stm32_delay.o(i.HAL_GetTick)
    HAL_IncTick                              0x080011c9   Thumb Code    96  tm_stm32_delay.o(i.HAL_IncTick)
    HAL_Init                                 0x08001231   Thumb Code    48  stm32f4xx_hal.o(i.HAL_Init)
    HAL_InitTick                             0x08001265   Thumb Code    34  stm32f4xx_hal.o(i.HAL_InitTick)
    HAL_MspInit                              0x0800128d   Thumb Code    88  stm32f4xx_hal_msp.o(i.HAL_MspInit)
    HAL_NVIC_EnableIRQ                       0x080012e5   Thumb Code    22  stm32f4xx_hal_cortex.o(i.HAL_NVIC_EnableIRQ)
    HAL_NVIC_SetPriority                     0x080012fd   Thumb Code    60  stm32f4xx_hal_cortex.o(i.HAL_NVIC_SetPriority)
    HAL_NVIC_SetPriorityGrouping             0x0800133d   Thumb Code    26  stm32f4xx_hal_cortex.o(i.HAL_NVIC_SetPriorityGrouping)
    HAL_RCC_ClockConfig                      0x08001361   Thumb Code   364  stm32f4xx_hal_rcc.o(i.HAL_RCC_ClockConfig)
    HAL_RCC_GetHCLKFreq                      0x080014dd   Thumb Code     6  stm32f4xx_hal_rcc.o(i.HAL_RCC_GetHCLKFreq)
    HAL_RCC_GetSysClockFreq                  0x080014e9   Thumb Code   104  stm32f4xx_hal_rcc.o(i.HAL_RCC_GetSysClockFreq)
    HAL_RCC_OscConfig                        0x08001559   Thumb Code   770  stm32f4xx_hal_rcc.o(i.HAL_RCC_OscConfig)
    HAL_SPI_Init                             0x0800186d   Thumb Code   128  stm32f4xx_hal_spi.o(i.HAL_SPI_Init)
    HAL_SPI_MspInit                          0x080018ed   Thumb Code   110  stm32f4xx_hal_msp.o(i.HAL_SPI_MspInit)
    HAL_SYSTICK_CLKSourceConfig              0x08001971   Thumb Code    24  stm32f4xx_hal_cortex.o(i.HAL_SYSTICK_CLKSourceConfig)
    HAL_SYSTICK_Callback                     0x08001989   Thumb Code     2  stm32f4xx_hal_cortex.o(i.HAL_SYSTICK_Callback)
    HAL_SYSTICK_Config                       0x0800198b   Thumb Code    40  stm32f4xx_hal_cortex.o(i.HAL_SYSTICK_Config)
    HAL_SYSTICK_IRQHandler                   0x080019b3   Thumb Code     8  stm32f4xx_hal_cortex.o(i.HAL_SYSTICK_IRQHandler)
    HAL_TIMEx_BreakCallback                  0x080019bb   Thumb Code     2  stm32f4xx_hal_tim_ex.o(i.HAL_TIMEx_BreakCallback)
    HAL_TIMEx_CommutationCallback            0x080019bd   Thumb Code     2  stm32f4xx_hal_tim_ex.o(i.HAL_TIMEx_CommutationCallback)
    HAL_TIMEx_MasterConfigSynchronization    0x080019bf   Thumb Code    80  stm32f4xx_hal_tim_ex.o(i.HAL_TIMEx_MasterConfigSynchronization)
    HAL_TIM_Base_Init                        0x08001a0f   Thumb Code    54  stm32f4xx_hal_tim.o(i.HAL_TIM_Base_Init)
    HAL_TIM_Base_MspInit                     0x08001a45   Thumb Code    72  stm32f4xx_hal_msp.o(i.HAL_TIM_Base_MspInit)
    HAL_TIM_Base_Start                       0x08001a95   Thumb Code    26  stm32f4xx_hal_tim.o(i.HAL_TIM_Base_Start)
    HAL_TIM_Base_Stop                        0x08001aaf   Thumb Code    44  stm32f4xx_hal_tim.o(i.HAL_TIM_Base_Stop)
    HAL_TIM_ConfigClockSource                0x08001adb   Thumb Code   242  stm32f4xx_hal_tim.o(i.HAL_TIM_ConfigClockSource)
    HAL_TIM_IC_CaptureCallback               0x08001bcd   Thumb Code     2  stm32f4xx_hal_tim.o(i.HAL_TIM_IC_CaptureCallback)
    HAL_TIM_IRQHandler                       0x08001bcf   Thumb Code   358  stm32f4xx_hal_tim.o(i.HAL_TIM_IRQHandler)
    HAL_TIM_OC_DelayElapsedCallback          0x08001d35   Thumb Code     2  stm32f4xx_hal_tim.o(i.HAL_TIM_OC_DelayElapsedCallback)
    HAL_TIM_PWM_PulseFinishedCallback        0x08001d37   Thumb Code     2  stm32f4xx_hal_tim.o(i.HAL_TIM_PWM_PulseFinishedCallback)
    HAL_TIM_PeriodElapsedCallback            0x08001d39   Thumb Code     2  stm32f4xx_hal_tim.o(i.HAL_TIM_PeriodElapsedCallback)
    HAL_TIM_TriggerCallback                  0x08001d3b   Thumb Code     2  stm32f4xx_hal_tim.o(i.HAL_TIM_TriggerCallback)
    HardFault_Handler                        0x08001d3d   Thumb Code     2  stm32f4xx_it.o(i.HardFault_Handler)
    Lprocess_buffer                          0x08001d41   Thumb Code    80  main.o(i.Lprocess_buffer)
    MemManage_Handler                        0x08001fa5   Thumb Code     2  stm32f4xx_it.o(i.MemManage_Handler)
    NMI_Handler                              0x08001fa7   Thumb Code     2  stm32f4xx_it.o(i.NMI_Handler)
    PendSV_Handler                           0x08001fc9   Thumb Code     2  stm32f4xx_it.o(i.PendSV_Handler)
    Rprocess_buffer                          0x08001fcd   Thumb Code    80  main.o(i.Rprocess_buffer)
    SVC_Handler                              0x08002025   Thumb Code     2  stm32f4xx_it.o(i.SVC_Handler)
    SysTick_Handler                          0x08002027   Thumb Code    14  stm32f4xx_it.o(i.SysTick_Handler)
    SystemClock_Config                       0x08002035   Thumb Code   148  main.o(i.SystemClock_Config)
    SystemInit                               0x080020d1   Thumb Code    66  system_stm32f4xx.o(i.SystemInit)
    TIM3_IRQHandler                          0x08002125   Thumb Code     6  stm32f4xx_it.o(i.TIM3_IRQHandler)
    TIM_Base_SetConfig                       0x08002131   Thumb Code   148  stm32f4xx_hal_tim.o(i.TIM_Base_SetConfig)
    TM_DELAY_1msHandler                      0x0800225b   Thumb Code     2  tm_stm32_delay.o(i.TM_DELAY_1msHandler)
    TM_DELAY_Init                            0x0800225d   Thumb Code    52  tm_stm32_delay.o(i.TM_DELAY_Init)
    TM_DMA_ClearFlag                         0x08002299   Thumb Code    52  tm_stm32_dma.o(i.TM_DMA_ClearFlag)
    TM_DMA_DirectModeErrorHandler            0x080022dd   Thumb Code     2  tm_stm32_dma.o(i.TM_DMA_DirectModeErrorHandler)
    TM_DMA_FIFOErrorHandler                  0x080022df   Thumb Code     2  tm_stm32_dma.o(i.TM_DMA_FIFOErrorHandler)
    TM_DMA_GetFlags                          0x080022e1   Thumb Code    50  tm_stm32_dma.o(i.TM_DMA_GetFlags)
    TM_DMA_HalfTransferCompleteHandler       0x08002325   Thumb Code     2  tm_stm32_dma.o(i.TM_DMA_HalfTransferCompleteHandler)
    TM_DMA_TransferCompleteHandler           0x0800238d   Thumb Code     2  tm_stm32_dma.o(i.TM_DMA_TransferCompleteHandler)
    TM_DMA_TransferErrorHandler              0x0800238f   Thumb Code     2  tm_stm32_dma.o(i.TM_DMA_TransferErrorHandler)
    TM_GPIO_GetPortSource                    0x08002391   Thumb Code    10  tm_stm32_gpio.o(i.TM_GPIO_GetPortSource)
    TM_GPIO_INT_EnableClock                  0x080023a1   Thumb Code    20  tm_stm32_gpio.o(i.TM_GPIO_INT_EnableClock)
    TM_GPIO_INT_Init                         0x080023b9   Thumb Code   154  tm_stm32_gpio.o(i.TM_GPIO_INT_Init)
    TM_GPIO_Init                             0x08002459   Thumb Code    38  tm_stm32_gpio.o(i.TM_GPIO_Init)
    TM_GPIO_InitAlternate                    0x08002481   Thumb Code    96  tm_stm32_gpio.o(i.TM_GPIO_InitAlternate)
    TM_HD44780_Clear                         0x080024e1   Thumb Code    20  tm_stm32_hd44780.o(i.TM_HD44780_Clear)
    TM_HD44780_DisplayOn                     0x080025d1   Thumb Code    18  tm_stm32_hd44780.o(i.TM_HD44780_DisplayOn)
    TM_HD44780_Init                          0x080025e9   Thumb Code   138  tm_stm32_hd44780.o(i.TM_HD44780_Init)
    TM_HD44780_Puts                          0x08002701   Thumb Code    88  tm_stm32_hd44780.o(i.TM_HD44780_Puts)
    TM_NRF24L01_Clear_Interrupts             0x0800275d   Thumb Code     8  tm_stm32_nrf24l01.o(i.TM_NRF24L01_Clear_Interrupts)
    TM_NRF24L01_Clear_Interrupts_2           0x08002765   Thumb Code     8  tm_stm32_nrf24l01_2mod.o(i.TM_NRF24L01_Clear_Interrupts_2)
    TM_NRF24L01_Init                         0x0800276d   Thumb Code   174  tm_stm32_nrf24l01.o(i.TM_NRF24L01_Init)
    TM_NRF24L01_InitPins                     0x08002829   Thumb Code    52  tm_stm32_nrf24l01.o(i.TM_NRF24L01_InitPins)
    TM_NRF24L01_InitPins_2                   0x08002861   Thumb Code    48  tm_stm32_nrf24l01_2mod.o(i.TM_NRF24L01_InitPins_2)
    TM_NRF24L01_Init_2                       0x08002895   Thumb Code   174  tm_stm32_nrf24l01_2mod.o(i.TM_NRF24L01_Init_2)
    TM_NRF24L01_PowerDown                    0x08002951   Thumb Code    18  tm_stm32_nrf24l01.o(i.TM_NRF24L01_PowerDown)
    TM_NRF24L01_PowerDown_2                  0x08002969   Thumb Code    18  tm_stm32_nrf24l01_2mod.o(i.TM_NRF24L01_PowerDown_2)
    TM_NRF24L01_PowerUpRx                    0x08002981   Thumb Code    44  tm_stm32_nrf24l01.o(i.TM_NRF24L01_PowerUpRx)
    TM_NRF24L01_PowerUpRx_2                  0x080029b5   Thumb Code    44  tm_stm32_nrf24l01_2mod.o(i.TM_NRF24L01_PowerUpRx_2)
    TM_NRF24L01_PowerUpTx                    0x080029e9   Thumb Code    18  tm_stm32_nrf24l01.o(i.TM_NRF24L01_PowerUpTx)
    TM_NRF24L01_PowerUpTx_2                  0x080029fb   Thumb Code    18  tm_stm32_nrf24l01_2mod.o(i.TM_NRF24L01_PowerUpTx_2)
    TM_NRF24L01_ReSetChAndPow                0x08002a0d   Thumb Code    40  tm_stm32_nrf24l01.o(i.TM_NRF24L01_ReSetChAndPow)
    TM_NRF24L01_ReSetChAndPow_2              0x08002a39   Thumb Code    40  tm_stm32_nrf24l01_2mod.o(i.TM_NRF24L01_ReSetChAndPow_2)
    TM_NRF24L01_ReadRegister                 0x08002a65   Thumb Code    36  tm_stm32_nrf24l01.o(i.TM_NRF24L01_ReadRegister)
    TM_NRF24L01_ReadRegister_2               0x08002a91   Thumb Code    36  tm_stm32_nrf24l01_2mod.o(i.TM_NRF24L01_ReadRegister_2)
    TM_NRF24L01_SetChannel                   0x08002abd   Thumb Code    24  tm_stm32_nrf24l01.o(i.TM_NRF24L01_SetChannel)
    TM_NRF24L01_SetChannel_2                 0x08002ad9   Thumb Code    24  tm_stm32_nrf24l01_2mod.o(i.TM_NRF24L01_SetChannel_2)
    TM_NRF24L01_SetMyAddress                 0x08002af5   Thumb Code    26  tm_stm32_nrf24l01.o(i.TM_NRF24L01_SetMyAddress)
    TM_NRF24L01_SetMyAddress_2               0x08002b15   Thumb Code    26  tm_stm32_nrf24l01_2mod.o(i.TM_NRF24L01_SetMyAddress_2)
    TM_NRF24L01_SetRF                        0x08002b35   Thumb Code    62  tm_stm32_nrf24l01.o(i.TM_NRF24L01_SetRF)
    TM_NRF24L01_SetRF_2                      0x08002b79   Thumb Code    62  tm_stm32_nrf24l01_2mod.o(i.TM_NRF24L01_SetRF_2)
    TM_NRF24L01_SetTxAddress                 0x08002bbd   Thumb Code    28  tm_stm32_nrf24l01.o(i.TM_NRF24L01_SetTxAddress)
    TM_NRF24L01_SetTxAddress_2               0x08002bd9   Thumb Code    28  tm_stm32_nrf24l01_2mod.o(i.TM_NRF24L01_SetTxAddress_2)
    TM_NRF24L01_SoftwareReset                0x08002bf5   Thumb Code   282  tm_stm32_nrf24l01.o(i.TM_NRF24L01_SoftwareReset)
    TM_NRF24L01_SoftwareReset_2              0x08002d0f   Thumb Code   282  tm_stm32_nrf24l01_2mod.o(i.TM_NRF24L01_SoftwareReset_2)
    TM_NRF24L01_Transmit                     0x08002e29   Thumb Code    74  tm_stm32_nrf24l01.o(i.TM_NRF24L01_Transmit)
    TM_NRF24L01_Transmit_2                   0x08002e81   Thumb Code    72  tm_stm32_nrf24l01_2mod.o(i.TM_NRF24L01_Transmit_2)
    TM_NRF24L01_WriteBit                     0x08002ed5   Thumb Code    38  tm_stm32_nrf24l01.o(i.TM_NRF24L01_WriteBit)
    TM_NRF24L01_WriteBit_2                   0x08002efb   Thumb Code    38  tm_stm32_nrf24l01_2mod.o(i.TM_NRF24L01_WriteBit_2)
    TM_NRF24L01_WriteRegister                0x08002f21   Thumb Code    42  tm_stm32_nrf24l01.o(i.TM_NRF24L01_WriteRegister)
    TM_NRF24L01_WriteRegisterMulti           0x08002f55   Thumb Code    50  tm_stm32_nrf24l01.o(i.TM_NRF24L01_WriteRegisterMulti)
    TM_NRF24L01_WriteRegisterMulti_2         0x08002f91   Thumb Code    50  tm_stm32_nrf24l01_2mod.o(i.TM_NRF24L01_WriteRegisterMulti_2)
    TM_NRF24L01_WriteRegister_2              0x08002fcd   Thumb Code    42  tm_stm32_nrf24l01_2mod.o(i.TM_NRF24L01_WriteRegister_2)
    TM_SPI1_INT_InitPins                     0x08003001   Thumb Code    56  tm_stm32_spi.o(i.TM_SPI1_INT_InitPins)
    TM_SPI2_INT_InitPins                     0x08003045   Thumb Code   126  tm_stm32_spi.o(i.TM_SPI2_INT_InitPins)
    TM_SPI3_INT_InitPins                     0x080030d5   Thumb Code    58  tm_stm32_spi.o(i.TM_SPI3_INT_InitPins)
    TM_SPI_Init                              0x0800311d   Thumb Code    64  tm_stm32_spi.o(i.TM_SPI_Init)
    TM_SPI_InitCustomPinsCallback            0x08003169   Thumb Code     2  tm_stm32_spi.o(i.TM_SPI_InitCustomPinsCallback)
    TM_SPI_WriteMulti                        0x080031bf   Thumb Code    46  tm_stm32_spi.o(i.TM_SPI_WriteMulti)
    UsageFault_Handler                       0x080032d9   Thumb Code     2  stm32f4xx_it.o(i.UsageFault_Handler)
    _Error_Handler                           0x080032db   Thumb Code     2  main.o(i._Error_Handler)
    __0sprintf$1                             0x080032dd   Thumb Code    34  printf1.o(i.__0sprintf$1)
    __1sprintf$1                             0x080032dd   Thumb Code     0  printf1.o(i.__0sprintf$1)
    __2sprintf                               0x080032dd   Thumb Code     0  printf1.o(i.__0sprintf$1)
    __scatterload_copy                       0x08003305   Thumb Code    14  handlers.o(i.__scatterload_copy)
    __scatterload_null                       0x08003313   Thumb Code     2  handlers.o(i.__scatterload_null)
    __scatterload_zeroinit                   0x08003315   Thumb Code    14  handlers.o(i.__scatterload_zeroinit)
    main                                     0x08003485   Thumb Code   346  main.o(i.main)
    AHBPrescTable                            0x08003610   Data          16  system_stm32f4xx.o(.constdata)
    Region$$Table$$Base                      0x0800363c   Number         0  anon$$obj.o(Region$$Table)
    Region$$Table$$Limit                     0x0800365c   Number         0  anon$$obj.o(Region$$Table)
    SystemCoreClock                          0x20000000   Data           4  system_stm32f4xx.o(.data)
    cnt_ch1                                  0x20000004   Data           1  main.o(.data)
    cnt_ch2                                  0x20000005   Data           1  main.o(.data)
    cnt_pwr                                  0x20000006   Data           1  main.o(.data)
    Lprocbuffer                              0x20000008   Data           2  main.o(.data)
    Rprocbuffer                              0x2000000a   Data           2  main.o(.data)
    LRxcomplete2                             0x2000000c   Data           2  main.o(.data)
    LRxcomplete                              0x2000000e   Data           2  main.o(.data)
    RRxcomplete2                             0x20000010   Data           2  main.o(.data)
    RRxcomplete                              0x20000012   Data           2  main.o(.data)
    Txcomplete                               0x20000014   Data           2  main.o(.data)
    freq                                     0x20000016   Data           4  main.o(.data)
    powers                                   0x2000001a   Data           4  main.o(.data)
    MyAddress                                0x2000001e   Data           5  main.o(.data)
    TxAddress                                0x20000023   Data           5  main.o(.data)
    TM_Time2                                 0x20000028   Data           4  tm_stm32_delay.o(.data)
    TM_Time                                  0x2000002c   Data           4  tm_stm32_delay.o(.data)
    hadc1                                    0x20000040   Data          72  main.o(.bss)
    hadc2                                    0x20000088   Data          72  main.o(.bss)
    htim2                                    0x200000d0   Data          60  main.o(.bss)
    htim3                                    0x2000010c   Data          60  main.o(.bss)
    ADC1ConvertedValues                      0x20000148   Data          64  main.o(.bss)
    ADC2ConvertedValues                      0x20000188   Data          64  main.o(.bss)
    str                                      0x200001c8   Data         100  main.o(.bss)
    LpingOUT                                 0x2000022c   Data          32  main.o(.bss)
    LpongOUT                                 0x2000024c   Data          32  main.o(.bss)
    RpingOUT                                 0x2000026c   Data          32  main.o(.bss)
    RpongOUT                                 0x2000028c   Data          32  main.o(.bss)
    hdma_adc1                                0x200002ac   Data          96  main.o(.bss)
    hdma_adc2                                0x2000030c   Data          96  main.o(.bss)
    __initial_sp                             0x200007a0   Data           0  startup_stm32f405xx.o(STACK)



==============================================================================

Memory Map of the image

  Image Entry point : 0x08000189

  Load Region LR_IROM1 (Base: 0x08000000, Size: 0x0000369c, Max: 0x00100000, ABSOLUTE)

    Execution Region ER_IROM1 (Base: 0x08000000, Size: 0x0000365c, Max: 0x00100000, ABSOLUTE)

    Base Addr    Size         Type   Attr      Idx    E Section Name        Object

    0x08000000   0x00000188   Data   RO            3    RESET               startup_stm32f405xx.o
    0x08000188   0x00000000   Code   RO         4031  * .ARM.Collect$$$$00000000  mc_w.l(entry.o)
    0x08000188   0x00000004   Code   RO         4323    .ARM.Collect$$$$00000001  mc_w.l(entry2.o)
    0x0800018c   0x00000004   Code   RO         4326    .ARM.Collect$$$$00000004  mc_w.l(entry5.o)
    0x08000190   0x00000000   Code   RO         4328    .ARM.Collect$$$$00000008  mc_w.l(entry7b.o)
    0x08000190   0x00000000   Code   RO         4330    .ARM.Collect$$$$0000000A  mc_w.l(entry8b.o)
    0x08000190   0x00000008   Code   RO         4331    .ARM.Collect$$$$0000000B  mc_w.l(entry9a.o)
    0x08000198   0x00000000   Code   RO         4333    .ARM.Collect$$$$0000000D  mc_w.l(entry10a.o)
    0x08000198   0x00000000   Code   RO         4335    .ARM.Collect$$$$0000000F  mc_w.l(entry11a.o)
    0x08000198   0x00000004   Code   RO         4324    .ARM.Collect$$$$00002712  mc_w.l(entry2.o)
    0x0800019c   0x00000024   Code   RO            4    .text               startup_stm32f405xx.o
    0x080001c0   0x0000002c   Code   RO         4340    .text               mc_w.l(uidiv.o)
    0x080001ec   0x00000024   Code   RO         4361    .text               mc_w.l(init.o)
    0x08000210   0x00000062   Code   RO         2180    i.ADC_DMAConvCplt   stm32f4xx_hal_adc.o
    0x08000272   0x00000016   Code   RO         2181    i.ADC_DMAError      stm32f4xx_hal_adc.o
    0x08000288   0x0000000a   Code   RO         2182    i.ADC_DMAHalfConvCplt  stm32f4xx_hal_adc.o
    0x08000292   0x00000002   PAD
    0x08000294   0x0000001c   Code   RO          212    i.ADC_IRQHandler    stm32f4xx_it.o
    0x080002b0   0x0000012c   Code   RO         2183    i.ADC_Init          stm32f4xx_hal_adc.o
    0x080003dc   0x00000002   Code   RO          213    i.BusFault_Handler  stm32f4xx_it.o
    0x080003de   0x00000002   PAD
    0x080003e0   0x0000000c   Code   RO         3032    i.DMA1_Stream0_IRQHandler  tm_stm32_dma.o
    0x080003ec   0x0000000c   Code   RO         3033    i.DMA1_Stream1_IRQHandler  tm_stm32_dma.o
    0x080003f8   0x0000000c   Code   RO         3034    i.DMA1_Stream2_IRQHandler  tm_stm32_dma.o
    0x08000404   0x0000000c   Code   RO         3035    i.DMA1_Stream3_IRQHandler  tm_stm32_dma.o
    0x08000410   0x0000000c   Code   RO         3036    i.DMA1_Stream4_IRQHandler  tm_stm32_dma.o
    0x0800041c   0x0000000c   Code   RO         3037    i.DMA1_Stream5_IRQHandler  tm_stm32_dma.o
    0x08000428   0x0000000c   Code   RO         3038    i.DMA1_Stream6_IRQHandler  tm_stm32_dma.o
    0x08000434   0x0000000c   Code   RO         3039    i.DMA1_Stream7_IRQHandler  tm_stm32_dma.o
    0x08000440   0x0000000c   Code   RO          214    i.DMA2_Stream0_IRQHandler  stm32f4xx_it.o
    0x0800044c   0x0000000c   Code   RO         3040    i.DMA2_Stream1_IRQHandler  tm_stm32_dma.o
    0x08000458   0x0000000c   Code   RO          215    i.DMA2_Stream2_IRQHandler  stm32f4xx_it.o
    0x08000464   0x0000000c   Code   RO         3041    i.DMA2_Stream3_IRQHandler  tm_stm32_dma.o
    0x08000470   0x0000000c   Code   RO         3042    i.DMA2_Stream4_IRQHandler  tm_stm32_dma.o
    0x0800047c   0x0000000c   Code   RO         3043    i.DMA2_Stream5_IRQHandler  tm_stm32_dma.o
    0x08000488   0x0000000c   Code   RO         3044    i.DMA2_Stream6_IRQHandler  tm_stm32_dma.o
    0x08000494   0x0000000c   Code   RO         3045    i.DMA2_Stream7_IRQHandler  tm_stm32_dma.o
    0x080004a0   0x00000028   Code   RO         2350    i.DMA_CalcBaseAndBitshift  stm32f4xx_hal_dma.o
    0x080004c8   0x00000054   Code   RO         2351    i.DMA_CheckFifoParam  stm32f4xx_hal_dma.o
    0x0800051c   0x00000028   Code   RO         2352    i.DMA_SetConfig     stm32f4xx_hal_dma.o
    0x08000544   0x00000002   Code   RO          216    i.DebugMon_Handler  stm32f4xx_it.o
    0x08000546   0x00000002   PAD
    0x08000548   0x0000002c   Code   RO         3361    i.Delay             tm_stm32_hd44780.o
    0x08000574   0x0000001c   Code   RO          217    i.EXTI9_5_IRQHandler  stm32f4xx_it.o
    0x08000590   0x00000002   Code   RO         2460    i.HAL_ADCEx_InjectedConvCpltCallback  stm32f4xx_hal_adc_ex.o
    0x08000592   0x00000002   PAD
    0x08000594   0x0000014c   Code   RO         2185    i.HAL_ADC_ConfigChannel  stm32f4xx_hal_adc.o
    0x080006e0   0x00000028   Code   RO          318    i.HAL_ADC_ConvCpltCallback  main.o
    0x08000708   0x00000024   Code   RO          319    i.HAL_ADC_ConvHalfCpltCallback  main.o
    0x0800072c   0x00000002   Code   RO         2189    i.HAL_ADC_ErrorCallback  stm32f4xx_hal_adc.o
    0x0800072e   0x0000013c   Code   RO         2193    i.HAL_ADC_IRQHandler  stm32f4xx_hal_adc.o
    0x0800086a   0x00000054   Code   RO         2194    i.HAL_ADC_Init      stm32f4xx_hal_adc.o
    0x080008be   0x00000002   Code   RO         2195    i.HAL_ADC_LevelOutOfWindowCallback  stm32f4xx_hal_adc.o
    0x080008c0   0x00000128   Code   RO          148    i.HAL_ADC_MspInit   stm32f4xx_hal_msp.o
    0x080009e8   0x00000100   Code   RO         2201    i.HAL_ADC_Start_DMA  stm32f4xx_hal_adc.o
    0x08000ae8   0x00000058   Code   RO         2204    i.HAL_ADC_Stop_DMA  stm32f4xx_hal_adc.o
    0x08000b40   0x0000008e   Code   RO         2353    i.HAL_DMA_Abort     stm32f4xx_hal_dma.o
    0x08000bce   0x00000002   PAD
    0x08000bd0   0x000001a8   Code   RO         2358    i.HAL_DMA_IRQHandler  stm32f4xx_hal_dma.o
    0x08000d78   0x000000d4   Code   RO         2359    i.HAL_DMA_Init      stm32f4xx_hal_dma.o
    0x08000e4c   0x00000078   Code   RO         2363    i.HAL_DMA_Start_IT  stm32f4xx_hal_dma.o
    0x08000ec4   0x00000124   Code   RO          320    i.HAL_GPIO_EXTI_Callback  main.o
    0x08000fe8   0x00000018   Code   RO          660    i.HAL_GPIO_EXTI_IRQHandler  stm32f4xx_hal_gpio.o
    0x08001000   0x000001b0   Code   RO          661    i.HAL_GPIO_Init     stm32f4xx_hal_gpio.o
    0x080011b0   0x0000000a   Code   RO          665    i.HAL_GPIO_WritePin  stm32f4xx_hal_gpio.o
    0x080011ba   0x00000002   PAD
    0x080011bc   0x0000000c   Code   RO         2933    i.HAL_GetTick       tm_stm32_delay.o
    0x080011c8   0x00000068   Code   RO         2934    i.HAL_IncTick       tm_stm32_delay.o
    0x08001230   0x00000034   Code   RO         1669    i.HAL_Init          stm32f4xx_hal.o
    0x08001264   0x00000028   Code   RO         1670    i.HAL_InitTick      stm32f4xx_hal.o
    0x0800128c   0x00000058   Code   RO          149    i.HAL_MspInit       stm32f4xx_hal_msp.o
    0x080012e4   0x00000016   Code   RO         2050    i.HAL_NVIC_EnableIRQ  stm32f4xx_hal_cortex.o
    0x080012fa   0x00000002   PAD
    0x080012fc   0x00000040   Code   RO         2056    i.HAL_NVIC_SetPriority  stm32f4xx_hal_cortex.o
    0x0800133c   0x00000024   Code   RO         2057    i.HAL_NVIC_SetPriorityGrouping  stm32f4xx_hal_cortex.o
    0x08001360   0x0000017c   Code   RO          456    i.HAL_RCC_ClockConfig  stm32f4xx_hal_rcc.o
    0x080014dc   0x0000000c   Code   RO          461    i.HAL_RCC_GetHCLKFreq  stm32f4xx_hal_rcc.o
    0x080014e8   0x00000070   Code   RO          465    i.HAL_RCC_GetSysClockFreq  stm32f4xx_hal_rcc.o
    0x08001558   0x00000314   Code   RO          468    i.HAL_RCC_OscConfig  stm32f4xx_hal_rcc.o
    0x0800186c   0x00000080   Code   RO         2626    i.HAL_SPI_Init      stm32f4xx_hal_spi.o
    0x080018ec   0x00000084   Code   RO          151    i.HAL_SPI_MspInit   stm32f4xx_hal_msp.o
    0x08001970   0x00000018   Code   RO         2059    i.HAL_SYSTICK_CLKSourceConfig  stm32f4xx_hal_cortex.o
    0x08001988   0x00000002   Code   RO         2060    i.HAL_SYSTICK_Callback  stm32f4xx_hal_cortex.o
    0x0800198a   0x00000028   Code   RO         2061    i.HAL_SYSTICK_Config  stm32f4xx_hal_cortex.o
    0x080019b2   0x00000008   Code   RO         2062    i.HAL_SYSTICK_IRQHandler  stm32f4xx_hal_cortex.o
    0x080019ba   0x00000002   Code   RO         1806    i.HAL_TIMEx_BreakCallback  stm32f4xx_hal_tim_ex.o
    0x080019bc   0x00000002   Code   RO         1807    i.HAL_TIMEx_CommutationCallback  stm32f4xx_hal_tim_ex.o
    0x080019be   0x00000050   Code   RO         1823    i.HAL_TIMEx_MasterConfigSynchronization  stm32f4xx_hal_tim_ex.o
    0x08001a0e   0x00000036   Code   RO          906    i.HAL_TIM_Base_Init  stm32f4xx_hal_tim.o
    0x08001a44   0x00000050   Code   RO          153    i.HAL_TIM_Base_MspInit  stm32f4xx_hal_msp.o
    0x08001a94   0x0000001a   Code   RO          909    i.HAL_TIM_Base_Start  stm32f4xx_hal_tim.o
    0x08001aae   0x0000002c   Code   RO          912    i.HAL_TIM_Base_Stop  stm32f4xx_hal_tim.o
    0x08001ada   0x000000f2   Code   RO          915    i.HAL_TIM_ConfigClockSource  stm32f4xx_hal_tim.o
    0x08001bcc   0x00000002   Code   RO          935    i.HAL_TIM_IC_CaptureCallback  stm32f4xx_hal_tim.o
    0x08001bce   0x00000166   Code   RO          948    i.HAL_TIM_IRQHandler  stm32f4xx_hal_tim.o
    0x08001d34   0x00000002   Code   RO          951    i.HAL_TIM_OC_DelayElapsedCallback  stm32f4xx_hal_tim.o
    0x08001d36   0x00000002   Code   RO          978    i.HAL_TIM_PWM_PulseFinishedCallback  stm32f4xx_hal_tim.o
    0x08001d38   0x00000002   Code   RO          985    i.HAL_TIM_PeriodElapsedCallback  stm32f4xx_hal_tim.o
    0x08001d3a   0x00000002   Code   RO          989    i.HAL_TIM_TriggerCallback  stm32f4xx_hal_tim.o
    0x08001d3c   0x00000002   Code   RO          218    i.HardFault_Handler  stm32f4xx_it.o
    0x08001d3e   0x00000002   PAD
    0x08001d40   0x00000058   Code   RO          321    i.Lprocess_buffer   main.o
    0x08001d98   0x00000054   Code   RO          322    i.MX_ADC1_Init      main.o
    0x08001dec   0x00000058   Code   RO          323    i.MX_ADC2_Init      main.o
    0x08001e44   0x000000b8   Code   RO          324    i.MX_GPIO_Init      main.o
    0x08001efc   0x00000054   Code   RO          325    i.MX_TIM2_Init      main.o
    0x08001f50   0x00000054   Code   RO          326    i.MX_TIM3_Init      main.o
    0x08001fa4   0x00000002   Code   RO          219    i.MemManage_Handler  stm32f4xx_it.o
    0x08001fa6   0x00000002   Code   RO          220    i.NMI_Handler       stm32f4xx_it.o
    0x08001fa8   0x00000020   Code   RO         2063    i.NVIC_SetPriority  stm32f4xx_hal_cortex.o
    0x08001fc8   0x00000002   Code   RO          221    i.PendSV_Handler    stm32f4xx_it.o
    0x08001fca   0x00000002   PAD
    0x08001fcc   0x00000058   Code   RO          327    i.Rprocess_buffer   main.o
    0x08002024   0x00000002   Code   RO          222    i.SVC_Handler       stm32f4xx_it.o
    0x08002026   0x0000000e   Code   RO          223    i.SysTick_Handler   stm32f4xx_it.o
    0x08002034   0x0000009c   Code   RO          328    i.SystemClock_Config  main.o
    0x080020d0   0x00000054   Code   RO           14    i.SystemInit        system_stm32f4xx.o
    0x08002124   0x0000000c   Code   RO          224    i.TIM3_IRQHandler   stm32f4xx_it.o
    0x08002130   0x000000c0   Code   RO          990    i.TIM_Base_SetConfig  stm32f4xx_hal_tim.o
    0x080021f0   0x00000014   Code   RO          997    i.TIM_ETR_SetConfig  stm32f4xx_hal_tim.o
    0x08002204   0x00000010   Code   RO          998    i.TIM_ITRx_SetConfig  stm32f4xx_hal_tim.o
    0x08002214   0x00000022   Code   RO         1004    i.TIM_TI1_ConfigInputStage  stm32f4xx_hal_tim.o
    0x08002236   0x00000024   Code   RO         1006    i.TIM_TI2_ConfigInputStage  stm32f4xx_hal_tim.o
    0x0800225a   0x00000002   Code   RO         2935    i.TM_DELAY_1msHandler  tm_stm32_delay.o
    0x0800225c   0x0000003c   Code   RO         2936    i.TM_DELAY_Init     tm_stm32_delay.o
    0x08002298   0x00000044   Code   RO         3046    i.TM_DMA_ClearFlag  tm_stm32_dma.o
    0x080022dc   0x00000002   Code   RO         3049    i.TM_DMA_DirectModeErrorHandler  tm_stm32_dma.o
    0x080022de   0x00000002   Code   RO         3052    i.TM_DMA_FIFOErrorHandler  tm_stm32_dma.o
    0x080022e0   0x00000044   Code   RO         3053    i.TM_DMA_GetFlags   tm_stm32_dma.o
    0x08002324   0x00000002   Code   RO         3054    i.TM_DMA_HalfTransferCompleteHandler  tm_stm32_dma.o
    0x08002326   0x00000066   Code   RO         3055    i.TM_DMA_INT_ProcessInterrupt  tm_stm32_dma.o
    0x0800238c   0x00000002   Code   RO         3058    i.TM_DMA_TransferCompleteHandler  tm_stm32_dma.o
    0x0800238e   0x00000002   Code   RO         3059    i.TM_DMA_TransferErrorHandler  tm_stm32_dma.o
    0x08002390   0x00000010   Code   RO         3225    i.TM_GPIO_GetPortSource  tm_stm32_gpio.o
    0x080023a0   0x00000018   Code   RO         3228    i.TM_GPIO_INT_EnableClock  tm_stm32_gpio.o
    0x080023b8   0x000000a0   Code   RO         3229    i.TM_GPIO_INT_Init  tm_stm32_gpio.o
    0x08002458   0x00000026   Code   RO         3230    i.TM_GPIO_Init      tm_stm32_gpio.o
    0x0800247e   0x00000002   PAD
    0x08002480   0x00000060   Code   RO         3231    i.TM_GPIO_InitAlternate  tm_stm32_gpio.o
    0x080024e0   0x00000014   Code   RO         3364    i.TM_HD44780_Clear  tm_stm32_hd44780.o
    0x080024f4   0x00000024   Code   RO         3365    i.TM_HD44780_Cmd    tm_stm32_hd44780.o
    0x08002518   0x00000064   Code   RO         3366    i.TM_HD44780_Cmd4bit  tm_stm32_hd44780.o
    0x0800257c   0x00000030   Code   RO         3370    i.TM_HD44780_CursorSet  tm_stm32_hd44780.o
    0x080025ac   0x00000024   Code   RO         3371    i.TM_HD44780_Data   tm_stm32_hd44780.o
    0x080025d0   0x00000018   Code   RO         3373    i.TM_HD44780_DisplayOn  tm_stm32_hd44780.o
    0x080025e8   0x00000090   Code   RO         3374    i.TM_HD44780_Init   tm_stm32_hd44780.o
    0x08002678   0x00000088   Code   RO         3375    i.TM_HD44780_InitPins  tm_stm32_hd44780.o
    0x08002700   0x0000005c   Code   RO         3377    i.TM_HD44780_Puts   tm_stm32_hd44780.o
    0x0800275c   0x00000008   Code   RO         3494    i.TM_NRF24L01_Clear_Interrupts  tm_stm32_nrf24l01.o
    0x08002764   0x00000008   Code   RO         3827    i.TM_NRF24L01_Clear_Interrupts_2  tm_stm32_nrf24l01_2mod.o
    0x0800276c   0x000000bc   Code   RO         3500    i.TM_NRF24L01_Init  tm_stm32_nrf24l01.o
    0x08002828   0x00000038   Code   RO         3501    i.TM_NRF24L01_InitPins  tm_stm32_nrf24l01.o
    0x08002860   0x00000034   Code   RO         3833    i.TM_NRF24L01_InitPins_2  tm_stm32_nrf24l01_2mod.o
    0x08002894   0x000000bc   Code   RO         3834    i.TM_NRF24L01_Init_2  tm_stm32_nrf24l01_2mod.o
    0x08002950   0x00000018   Code   RO         3503    i.TM_NRF24L01_PowerDown  tm_stm32_nrf24l01.o
    0x08002968   0x00000018   Code   RO         3836    i.TM_NRF24L01_PowerDown_2  tm_stm32_nrf24l01_2mod.o
    0x08002980   0x00000034   Code   RO         3504    i.TM_NRF24L01_PowerUpRx  tm_stm32_nrf24l01.o
    0x080029b4   0x00000034   Code   RO         3837    i.TM_NRF24L01_PowerUpRx_2  tm_stm32_nrf24l01_2mod.o
    0x080029e8   0x00000012   Code   RO         3505    i.TM_NRF24L01_PowerUpTx  tm_stm32_nrf24l01.o
    0x080029fa   0x00000012   Code   RO         3838    i.TM_NRF24L01_PowerUpTx_2  tm_stm32_nrf24l01_2mod.o
    0x08002a0c   0x0000002c   Code   RO         3506    i.TM_NRF24L01_ReSetChAndPow  tm_stm32_nrf24l01.o
    0x08002a38   0x0000002c   Code   RO         3839    i.TM_NRF24L01_ReSetChAndPow_2  tm_stm32_nrf24l01_2mod.o
    0x08002a64   0x0000002c   Code   RO         3508    i.TM_NRF24L01_ReadRegister  tm_stm32_nrf24l01.o
    0x08002a90   0x0000002c   Code   RO         3842    i.TM_NRF24L01_ReadRegister_2  tm_stm32_nrf24l01_2mod.o
    0x08002abc   0x0000001c   Code   RO         3512    i.TM_NRF24L01_SetChannel  tm_stm32_nrf24l01.o
    0x08002ad8   0x0000001c   Code   RO         3845    i.TM_NRF24L01_SetChannel_2  tm_stm32_nrf24l01_2mod.o
    0x08002af4   0x00000020   Code   RO         3513    i.TM_NRF24L01_SetMyAddress  tm_stm32_nrf24l01.o
    0x08002b14   0x00000020   Code   RO         3846    i.TM_NRF24L01_SetMyAddress_2  tm_stm32_nrf24l01_2mod.o
    0x08002b34   0x00000044   Code   RO         3514    i.TM_NRF24L01_SetRF  tm_stm32_nrf24l01.o
    0x08002b78   0x00000044   Code   RO         3847    i.TM_NRF24L01_SetRF_2  tm_stm32_nrf24l01_2mod.o
    0x08002bbc   0x0000001c   Code   RO         3515    i.TM_NRF24L01_SetTxAddress  tm_stm32_nrf24l01.o
    0x08002bd8   0x0000001c   Code   RO         3848    i.TM_NRF24L01_SetTxAddress_2  tm_stm32_nrf24l01_2mod.o
    0x08002bf4   0x0000011a   Code   RO         3516    i.TM_NRF24L01_SoftwareReset  tm_stm32_nrf24l01.o
    0x08002d0e   0x0000011a   Code   RO         3849    i.TM_NRF24L01_SoftwareReset_2  tm_stm32_nrf24l01_2mod.o
    0x08002e28   0x00000058   Code   RO         3518    i.TM_NRF24L01_Transmit  tm_stm32_nrf24l01.o
    0x08002e80   0x00000054   Code   RO         3851    i.TM_NRF24L01_Transmit_2  tm_stm32_nrf24l01_2mod.o
    0x08002ed4   0x00000026   Code   RO         3522    i.TM_NRF24L01_WriteBit  tm_stm32_nrf24l01.o
    0x08002efa   0x00000026   Code   RO         3855    i.TM_NRF24L01_WriteBit_2  tm_stm32_nrf24l01_2mod.o
    0x08002f20   0x00000034   Code   RO         3523    i.TM_NRF24L01_WriteRegister  tm_stm32_nrf24l01.o
    0x08002f54   0x0000003c   Code   RO         3524    i.TM_NRF24L01_WriteRegisterMulti  tm_stm32_nrf24l01.o
    0x08002f90   0x0000003c   Code   RO         3856    i.TM_NRF24L01_WriteRegisterMulti_2  tm_stm32_nrf24l01_2mod.o
    0x08002fcc   0x00000034   Code   RO         3857    i.TM_NRF24L01_WriteRegister_2  tm_stm32_nrf24l01_2mod.o
    0x08003000   0x00000044   Code   RO         3714    i.TM_SPI1_INT_InitPins  tm_stm32_spi.o
    0x08003044   0x00000090   Code   RO         3715    i.TM_SPI2_INT_InitPins  tm_stm32_spi.o
    0x080030d4   0x00000048   Code   RO         3716    i.TM_SPI3_INT_InitPins  tm_stm32_spi.o
    0x0800311c   0x0000004c   Code   RO         3718    i.TM_SPI_Init       tm_stm32_spi.o
    0x08003168   0x00000002   Code   RO         3719    i.TM_SPI_InitCustomPinsCallback  tm_stm32_spi.o
    0x0800316a   0x0000002a   Code   RO         3525    i.TM_SPI_Send       tm_stm32_nrf24l01.o
    0x08003194   0x0000002a   Code   RO         3858    i.TM_SPI_Send       tm_stm32_nrf24l01_2mod.o
    0x080031be   0x0000002e   Code   RO         3727    i.TM_SPI_WriteMulti  tm_stm32_spi.o
    0x080031ec   0x000000ec   Code   RO         3729    i.TM_SPIx_Init      tm_stm32_spi.o
    0x080032d8   0x00000002   Code   RO          225    i.UsageFault_Handler  stm32f4xx_it.o
    0x080032da   0x00000002   Code   RO          329    i._Error_Handler    main.o
    0x080032dc   0x00000028   Code   RO         4081    i.__0sprintf$1      mc_w.l(printf1.o)
    0x08003304   0x0000000e   Code   RO         4375    i.__scatterload_copy  mc_w.l(handlers.o)
    0x08003312   0x00000002   Code   RO         4376    i.__scatterload_null  mc_w.l(handlers.o)
    0x08003314   0x0000000e   Code   RO         4377    i.__scatterload_zeroinit  mc_w.l(handlers.o)
    0x08003322   0x00000002   PAD
    0x08003324   0x00000154   Code   RO         4086    i._printf_core      mc_w.l(printf1.o)
    0x08003478   0x0000000a   Code   RO         4088    i._sputc            mc_w.l(printf1.o)
    0x08003482   0x00000002   PAD
    0x08003484   0x0000018c   Code   RO          330    i.main              main.o
    0x08003610   0x00000010   Data   RO           15    .constdata          system_stm32f4xx.o
    0x08003620   0x00000008   Data   RO         2365    .constdata          stm32f4xx_hal_dma.o
    0x08003628   0x00000014   Data   RO         3060    .constdata          tm_stm32_dma.o
    0x0800363c   0x00000020   Data   RO         4373    Region$$Table       anon$$obj.o


    Execution Region RW_IRAM1 (Base: 0x20000000, Size: 0x000007a0, Max: 0x00020000, ABSOLUTE)

    Base Addr    Size         Type   Attr      Idx    E Section Name        Object

    0x20000000   0x00000004   Data   RW           17    .data               system_stm32f4xx.o
    0x20000004   0x00000024   Data   RW          337    .data               main.o
    0x20000028   0x00000008   Data   RW         2945    .data               tm_stm32_delay.o
    0x20000030   0x00000007   Data   RW         3380    .data               tm_stm32_hd44780.o
    0x20000037   0x00000004   Data   RW         3527    .data               tm_stm32_nrf24l01.o
    0x2000003b   0x00000004   Data   RW         3860    .data               tm_stm32_nrf24l01_2mod.o
    0x2000003f   0x00000001   PAD
    0x20000040   0x0000026c   Zero   RW          331    .bss                main.o
    0x200002ac   0x00000060   Zero   RW          332    .bss                main.o
    0x2000030c   0x00000060   Zero   RW          333    .bss                main.o
    0x2000036c   0x00000018   Zero   RW         2944    .bss                tm_stm32_delay.o
    0x20000384   0x0000001a   Zero   RW         3238    .bss                tm_stm32_gpio.o
    0x2000039e   0x00000002   PAD
    0x200003a0   0x00000400   Zero   RW            1    STACK               startup_stm32f405xx.o


==============================================================================

Image component sizes


      Code (inc. data)   RO Data    RW Data    ZI Data      Debug   Object Name

      1622        184          0         36        812      16490   main.o
        36          8        392          0       1024        864   startup_stm32f405xx.o
        92         10          0          0          0       1254   stm32f4xx_hal.o
      1510         52          0          0          0       8806   stm32f4xx_hal_adc.o
         2          0          0          0          0       1037   stm32f4xx_hal_adc_ex.o
       228         14          0          0          0      32377   stm32f4xx_hal_cortex.o
      1062         22          8          0          0       6927   stm32f4xx_hal_dma.o
       466         50          0          0          0       3163   stm32f4xx_hal_gpio.o
       596         92          0          0          0       3347   stm32f4xx_hal_msp.o
      1292         48          0          0          0       4602   stm32f4xx_hal_rcc.o
       128          0          0          0          0       1267   stm32f4xx_hal_spi.o
      1032         44          0          0          0      11472   stm32f4xx_hal_tim.o
        84          0          0          0          0       2522   stm32f4xx_hal_tim_ex.o
       122         28          0          0          0       6910   stm32f4xx_it.o
        84         18         16          4          0     644499   system_stm32f4xx.o
       178         22          0          8         24       3829   tm_stm32_delay.o
       416        118         20          0          0      12511   tm_stm32_dma.o
       334         16          0          0         26       4050   tm_stm32_gpio.o
       680         54          0          7          0       8631   tm_stm32_hd44780.o
      1152         94          0          4          0      18881   tm_stm32_nrf24l01.o
      1144         92          0          4          0      16969   tm_stm32_nrf24l01_2mod.o
       644         74          0          0          0       5219   tm_stm32_spi.o

    ----------------------------------------------------------------------
     12924       1040        468         64       1888     815627   Object Totals
         0          0         32          0          0          0   (incl. Generated)
        20          0          0          1          2          0   (incl. Padding)

    ----------------------------------------------------------------------

      Code (inc. data)   RO Data    RW Data    ZI Data      Debug   Library Member Name

         0          0          0          0          0          0   entry.o
         0          0          0          0          0          0   entry10a.o
         0          0          0          0          0          0   entry11a.o
         8          4          0          0          0          0   entry2.o
         4          0          0          0          0          0   entry5.o
         0          0          0          0          0          0   entry7b.o
         0          0          0          0          0          0   entry8b.o
         8          4          0          0          0          0   entry9a.o
        30          0          0          0          0          0   handlers.o
        36          8          0          0          0         68   init.o
       390         10          0          0          0        252   printf1.o
        44          0          0          0          0         80   uidiv.o

    ----------------------------------------------------------------------
       524         26          0          0          0        400   Library Totals
         4          0          0          0          0          0   (incl. Padding)

    ----------------------------------------------------------------------

      Code (inc. data)   RO Data    RW Data    ZI Data      Debug   Library Name

       520         26          0          0          0        400   mc_w.l

    ----------------------------------------------------------------------
       524         26          0          0          0        400   Library Totals

    ----------------------------------------------------------------------

==============================================================================


      Code (inc. data)   RO Data    RW Data    ZI Data      Debug   

     13448       1066        468         64       1888     799827   Grand Totals
     13448       1066        468         64       1888     799827   ELF Image Totals
     13448       1066        468         64          0          0   ROM Totals

==============================================================================

    Total RO  Size (Code + RO Data)                13916 (  13.59kB)
    Total RW  Size (RW Data + ZI Data)              1952 (   1.91kB)
    Total ROM Size (Code + RO Data + RW Data)      13980 (  13.65kB)

==============================================================================

